<!doctype html public "-//w3c//dtd html 4.0 transitional//en">
<html><head>
<title>Static Call Graph - [.\object\cdc_acm.axf]</title></head>
<body><HR>
<H1>Static Call Graph for image .\object\cdc_acm.axf</H1><HR>
<BR><P>#&#060CALLGRAPH&#062# ARM Linker, 5060750: Last Updated: Tue Sep 06 17:55:22 2022
<BR><P>
<H3>Maximum Stack Usage =        352 bytes + Unknown(Cycles, Untraceable Function Pointers)</H3><H3>
Call chain for Maximum Stack Depth:</H3>
__rt_entry_main &rArr; main &rArr; usbd_init &rArr; usb_basic_init &rArr; __aeabi_memcpy4
<P>
<H3>
Mutually Recursive functions
</H3> <LI><a href="#[33]">ADC0_1_IRQHandler</a>&nbsp;&nbsp;&nbsp;&rArr;&nbsp;&nbsp;&nbsp;<a href="#[33]">ADC0_1_IRQHandler</a><BR>
</UL>
<P>
<H3>
Function Pointers
</H3><UL>
 <LI><a href="#[33]">ADC0_1_IRQHandler</a> from startup_gd32c10x.o(.text) referenced from startup_gd32c10x.o(RESET)
 <LI><a href="#[1b]">BusFault_Handler</a> from gd32c10x_it.o(i.BusFault_Handler) referenced from startup_gd32c10x.o(RESET)
 <LI><a href="#[37]">CAN0_EWMC_IRQHandler</a> from startup_gd32c10x.o(.text) referenced from startup_gd32c10x.o(RESET)
 <LI><a href="#[35]">CAN0_RX0_IRQHandler</a> from gd32c10x_it.o(i.CAN0_RX0_IRQHandler) referenced from startup_gd32c10x.o(RESET)
 <LI><a href="#[36]">CAN0_RX1_IRQHandler</a> from startup_gd32c10x.o(.text) referenced from startup_gd32c10x.o(RESET)
 <LI><a href="#[34]">CAN0_TX_IRQHandler</a> from startup_gd32c10x.o(.text) referenced from startup_gd32c10x.o(RESET)
 <LI><a href="#[5f]">CAN1_EWMC_IRQHandler</a> from startup_gd32c10x.o(.text) referenced from startup_gd32c10x.o(RESET)
 <LI><a href="#[5d]">CAN1_RX0_IRQHandler</a> from gd32c10x_it.o(i.CAN1_RX0_IRQHandler) referenced from startup_gd32c10x.o(RESET)
 <LI><a href="#[5e]">CAN1_RX1_IRQHandler</a> from startup_gd32c10x.o(.text) referenced from startup_gd32c10x.o(RESET)
 <LI><a href="#[5c]">CAN1_TX_IRQHandler</a> from startup_gd32c10x.o(.text) referenced from startup_gd32c10x.o(RESET)
 <LI><a href="#[2c]">DMA0_Channel0_IRQHandler</a> from startup_gd32c10x.o(.text) referenced from startup_gd32c10x.o(RESET)
 <LI><a href="#[2d]">DMA0_Channel1_IRQHandler</a> from startup_gd32c10x.o(.text) referenced from startup_gd32c10x.o(RESET)
 <LI><a href="#[2e]">DMA0_Channel2_IRQHandler</a> from startup_gd32c10x.o(.text) referenced from startup_gd32c10x.o(RESET)
 <LI><a href="#[2f]">DMA0_Channel3_IRQHandler</a> from startup_gd32c10x.o(.text) referenced from startup_gd32c10x.o(RESET)
 <LI><a href="#[30]">DMA0_Channel4_IRQHandler</a> from startup_gd32c10x.o(.text) referenced from startup_gd32c10x.o(RESET)
 <LI><a href="#[31]">DMA0_Channel5_IRQHandler</a> from startup_gd32c10x.o(.text) referenced from startup_gd32c10x.o(RESET)
 <LI><a href="#[32]">DMA0_Channel6_IRQHandler</a> from startup_gd32c10x.o(.text) referenced from startup_gd32c10x.o(RESET)
 <LI><a href="#[57]">DMA1_Channel0_IRQHandler</a> from startup_gd32c10x.o(.text) referenced from startup_gd32c10x.o(RESET)
 <LI><a href="#[58]">DMA1_Channel1_IRQHandler</a> from startup_gd32c10x.o(.text) referenced from startup_gd32c10x.o(RESET)
 <LI><a href="#[59]">DMA1_Channel2_IRQHandler</a> from startup_gd32c10x.o(.text) referenced from startup_gd32c10x.o(RESET)
 <LI><a href="#[5a]">DMA1_Channel3_IRQHandler</a> from startup_gd32c10x.o(.text) referenced from startup_gd32c10x.o(RESET)
 <LI><a href="#[5b]">DMA1_Channel4_IRQHandler</a> from startup_gd32c10x.o(.text) referenced from startup_gd32c10x.o(RESET)
 <LI><a href="#[1e]">DebugMon_Handler</a> from gd32c10x_it.o(i.DebugMon_Handler) referenced from startup_gd32c10x.o(RESET)
 <LI><a href="#[50]">EXMC_IRQHandler</a> from startup_gd32c10x.o(.text) referenced from startup_gd32c10x.o(RESET)
 <LI><a href="#[27]">EXTI0_IRQHandler</a> from startup_gd32c10x.o(.text) referenced from startup_gd32c10x.o(RESET)
 <LI><a href="#[49]">EXTI10_15_IRQHandler</a> from gd32c10x_it.o(i.EXTI10_15_IRQHandler) referenced from startup_gd32c10x.o(RESET)
 <LI><a href="#[28]">EXTI1_IRQHandler</a> from startup_gd32c10x.o(.text) referenced from startup_gd32c10x.o(RESET)
 <LI><a href="#[29]">EXTI2_IRQHandler</a> from startup_gd32c10x.o(.text) referenced from startup_gd32c10x.o(RESET)
 <LI><a href="#[2a]">EXTI3_IRQHandler</a> from startup_gd32c10x.o(.text) referenced from startup_gd32c10x.o(RESET)
 <LI><a href="#[2b]">EXTI4_IRQHandler</a> from startup_gd32c10x.o(.text) referenced from startup_gd32c10x.o(RESET)
 <LI><a href="#[38]">EXTI5_9_IRQHandler</a> from startup_gd32c10x.o(.text) referenced from startup_gd32c10x.o(RESET)
 <LI><a href="#[25]">FMC_IRQHandler</a> from startup_gd32c10x.o(.text) referenced from startup_gd32c10x.o(RESET)
 <LI><a href="#[19]">HardFault_Handler</a> from gd32c10x_it.o(i.HardFault_Handler) referenced from startup_gd32c10x.o(RESET)
 <LI><a href="#[41]">I2C0_ER_IRQHandler</a> from startup_gd32c10x.o(.text) referenced from startup_gd32c10x.o(RESET)
 <LI><a href="#[40]">I2C0_EV_IRQHandler</a> from startup_gd32c10x.o(.text) referenced from startup_gd32c10x.o(RESET)
 <LI><a href="#[43]">I2C1_ER_IRQHandler</a> from startup_gd32c10x.o(.text) referenced from startup_gd32c10x.o(RESET)
 <LI><a href="#[42]">I2C1_EV_IRQHandler</a> from startup_gd32c10x.o(.text) referenced from startup_gd32c10x.o(RESET)
 <LI><a href="#[22]">LVD_IRQHandler</a> from startup_gd32c10x.o(.text) referenced from startup_gd32c10x.o(RESET)
 <LI><a href="#[1a]">MemManage_Handler</a> from gd32c10x_it.o(i.MemManage_Handler) referenced from startup_gd32c10x.o(RESET)
 <LI><a href="#[18]">NMI_Handler</a> from gd32c10x_it.o(i.NMI_Handler) referenced from startup_gd32c10x.o(RESET)
 <LI><a href="#[1f]">PendSV_Handler</a> from gd32c10x_it.o(i.PendSV_Handler) referenced from startup_gd32c10x.o(RESET)
 <LI><a href="#[26]">RCU_CTC_IRQHandler</a> from startup_gd32c10x.o(.text) referenced from startup_gd32c10x.o(RESET)
 <LI><a href="#[4a]">RTC_Alarm_IRQHandler</a> from startup_gd32c10x.o(.text) referenced from startup_gd32c10x.o(RESET)
 <LI><a href="#[24]">RTC_IRQHandler</a> from startup_gd32c10x.o(.text) referenced from startup_gd32c10x.o(RESET)
 <LI><a href="#[17]">Reset_Handler</a> from startup_gd32c10x.o(.text) referenced from startup_gd32c10x.o(RESET)
 <LI><a href="#[44]">SPI0_IRQHandler</a> from startup_gd32c10x.o(.text) referenced from startup_gd32c10x.o(RESET)
 <LI><a href="#[45]">SPI1_IRQHandler</a> from startup_gd32c10x.o(.text) referenced from startup_gd32c10x.o(RESET)
 <LI><a href="#[52]">SPI2_IRQHandler</a> from startup_gd32c10x.o(.text) referenced from startup_gd32c10x.o(RESET)
 <LI><a href="#[1d]">SVC_Handler</a> from gd32c10x_it.o(i.SVC_Handler) referenced from startup_gd32c10x.o(RESET)
 <LI><a href="#[20]">SysTick_Handler</a> from gd32c10x_it.o(i.SysTick_Handler) referenced from startup_gd32c10x.o(RESET)
 <LI><a href="#[61]">SystemInit</a> from system_gd32c10x.o(i.SystemInit) referenced from startup_gd32c10x.o(.text)
 <LI><a href="#[23]">TAMPER_IRQHandler</a> from startup_gd32c10x.o(.text) referenced from startup_gd32c10x.o(RESET)
 <LI><a href="#[39]">TIMER0_BRK_TIMER8_IRQHandler</a> from gd32c10x_it.o(i.TIMER0_BRK_TIMER8_IRQHandler) referenced from startup_gd32c10x.o(RESET)
 <LI><a href="#[3c]">TIMER0_Channel_IRQHandler</a> from startup_gd32c10x.o(.text) referenced from startup_gd32c10x.o(RESET)
 <LI><a href="#[3b]">TIMER0_TRG_CMT_TIMER10_IRQHandler</a> from startup_gd32c10x.o(.text) referenced from startup_gd32c10x.o(RESET)
 <LI><a href="#[3a]">TIMER0_UP_TIMER9_IRQHandler</a> from startup_gd32c10x.o(.text) referenced from startup_gd32c10x.o(RESET)
 <LI><a href="#[3d]">TIMER1_IRQHandler</a> from gd32c10x_it.o(i.TIMER1_IRQHandler) referenced from startup_gd32c10x.o(RESET)
 <LI><a href="#[3e]">TIMER2_IRQHandler</a> from gd32c10x_it.o(i.TIMER2_IRQHandler) referenced from startup_gd32c10x.o(RESET)
 <LI><a href="#[3f]">TIMER3_IRQHandler</a> from startup_gd32c10x.o(.text) referenced from startup_gd32c10x.o(RESET)
 <LI><a href="#[51]">TIMER4_IRQHandler</a> from startup_gd32c10x.o(.text) referenced from startup_gd32c10x.o(RESET)
 <LI><a href="#[55]">TIMER5_IRQHandler</a> from gd32c10x_it.o(i.TIMER5_IRQHandler) referenced from startup_gd32c10x.o(RESET)
 <LI><a href="#[56]">TIMER6_IRQHandler</a> from gd32c10x_it.o(i.TIMER6_IRQHandler) referenced from startup_gd32c10x.o(RESET)
 <LI><a href="#[4c]">TIMER7_BRK_TIMER11_IRQHandler</a> from startup_gd32c10x.o(.text) referenced from startup_gd32c10x.o(RESET)
 <LI><a href="#[4f]">TIMER7_Channel_IRQHandler</a> from startup_gd32c10x.o(.text) referenced from startup_gd32c10x.o(RESET)
 <LI><a href="#[4e]">TIMER7_TRG_CMT_TIMER13_IRQHandler</a> from startup_gd32c10x.o(.text) referenced from startup_gd32c10x.o(RESET)
 <LI><a href="#[4d]">TIMER7_UP_TIMER12_IRQHandler</a> from startup_gd32c10x.o(.text) referenced from startup_gd32c10x.o(RESET)
 <LI><a href="#[53]">UART3_IRQHandler</a> from startup_gd32c10x.o(.text) referenced from startup_gd32c10x.o(RESET)
 <LI><a href="#[54]">UART4_IRQHandler</a> from startup_gd32c10x.o(.text) referenced from startup_gd32c10x.o(RESET)
 <LI><a href="#[46]">USART0_IRQHandler</a> from startup_gd32c10x.o(.text) referenced from startup_gd32c10x.o(RESET)
 <LI><a href="#[47]">USART1_IRQHandler</a> from gd32c10x_it.o(i.USART1_IRQHandler) referenced from startup_gd32c10x.o(RESET)
 <LI><a href="#[48]">USART2_IRQHandler</a> from startup_gd32c10x.o(.text) referenced from startup_gd32c10x.o(RESET)
 <LI><a href="#[60]">USBFS_IRQHandler</a> from gd32c10x_it.o(i.USBFS_IRQHandler) referenced from startup_gd32c10x.o(RESET)
 <LI><a href="#[4b]">USBFS_WKUP_IRQHandler</a> from gd32c10x_it.o(i.USBFS_WKUP_IRQHandler) referenced from startup_gd32c10x.o(RESET)
 <LI><a href="#[1c]">UsageFault_Handler</a> from gd32c10x_it.o(i.UsageFault_Handler) referenced from startup_gd32c10x.o(RESET)
 <LI><a href="#[21]">WWDGT_IRQHandler</a> from startup_gd32c10x.o(.text) referenced from startup_gd32c10x.o(RESET)
 <LI><a href="#[63]">__main</a> from __main.o(!!!main) referenced from startup_gd32c10x.o(.text)
 <LI><a href="#[f]">_usb_config_desc_get</a> from usbd_enum.o(i._usb_config_desc_get) referenced 2 times from usbd_enum.o(.data)
 <LI><a href="#[e]">_usb_dev_desc_get</a> from usbd_enum.o(i._usb_dev_desc_get) referenced 2 times from usbd_enum.o(.data)
 <LI><a href="#[3]">_usb_std_clearfeature</a> from usbd_enum.o(i._usb_std_clearfeature) referenced 2 times from usbd_enum.o(.data)
 <LI><a href="#[9]">_usb_std_getconfiguration</a> from usbd_enum.o(i._usb_std_getconfiguration) referenced 2 times from usbd_enum.o(.data)
 <LI><a href="#[7]">_usb_std_getdescriptor</a> from usbd_enum.o(i._usb_std_getdescriptor) referenced 2 times from usbd_enum.o(.data)
 <LI><a href="#[b]">_usb_std_getinterface</a> from usbd_enum.o(i._usb_std_getinterface) referenced 2 times from usbd_enum.o(.data)
 <LI><a href="#[2]">_usb_std_getstatus</a> from usbd_enum.o(i._usb_std_getstatus) referenced 2 times from usbd_enum.o(.data)
 <LI><a href="#[4]">_usb_std_reserved</a> from usbd_enum.o(i._usb_std_reserved) referenced 4 times from usbd_enum.o(.data)
 <LI><a href="#[6]">_usb_std_setaddress</a> from usbd_enum.o(i._usb_std_setaddress) referenced 2 times from usbd_enum.o(.data)
 <LI><a href="#[a]">_usb_std_setconfiguration</a> from usbd_enum.o(i._usb_std_setconfiguration) referenced 2 times from usbd_enum.o(.data)
 <LI><a href="#[8]">_usb_std_setdescriptor</a> from usbd_enum.o(i._usb_std_setdescriptor) referenced 2 times from usbd_enum.o(.data)
 <LI><a href="#[5]">_usb_std_setfeature</a> from usbd_enum.o(i._usb_std_setfeature) referenced 2 times from usbd_enum.o(.data)
 <LI><a href="#[c]">_usb_std_setinterface</a> from usbd_enum.o(i._usb_std_setinterface) referenced 2 times from usbd_enum.o(.data)
 <LI><a href="#[d]">_usb_std_synchframe</a> from usbd_enum.o(i._usb_std_synchframe) referenced 2 times from usbd_enum.o(.data)
 <LI><a href="#[10]">_usb_str_desc_get</a> from usbd_enum.o(i._usb_str_desc_get) referenced 2 times from usbd_enum.o(.data)
 <LI><a href="#[12]">cdc_acm_deinit</a> from cdc_acm_core.o(i.cdc_acm_deinit) referenced 2 times from cdc_acm_core.o(.data)
 <LI><a href="#[15]">cdc_acm_in</a> from cdc_acm_core.o(i.cdc_acm_in) referenced 2 times from cdc_acm_core.o(.data)
 <LI><a href="#[11]">cdc_acm_init</a> from cdc_acm_core.o(i.cdc_acm_init) referenced 2 times from cdc_acm_core.o(.data)
 <LI><a href="#[16]">cdc_acm_out</a> from cdc_acm_core.o(i.cdc_acm_out) referenced 2 times from cdc_acm_core.o(.data)
 <LI><a href="#[13]">cdc_acm_req</a> from cdc_acm_core.o(i.cdc_acm_req) referenced 2 times from cdc_acm_core.o(.data)
 <LI><a href="#[14]">cdc_ctlx_out</a> from cdc_acm_core.o(i.cdc_ctlx_out) referenced 2 times from cdc_acm_core.o(.data)
</UL>
<P>
<H3>
Global Symbols
</H3>
<P><STRONG><a name="[63]"></a>__main</STRONG> (Thumb, 8 bytes, Stack size 0 bytes, __main.o(!!!main))
<BR><BR>[Calls]<UL><LI><a href="#[64]">&gt;&gt;</a>&nbsp;&nbsp;&nbsp;__scatterload
<LI><a href="#[65]">&gt;&gt;</a>&nbsp;&nbsp;&nbsp;__rt_entry
</UL>

<P><STRONG><a name="[64]"></a>__scatterload</STRONG> (Thumb, 0 bytes, Stack size unknown bytes, __scatter.o(!!!scatter))
<BR><BR>[Called By]<UL><LI><a href="#[63]">&gt;&gt;</a>&nbsp;&nbsp;&nbsp;__main
</UL>

<P><STRONG><a name="[66]"></a>__scatterload_rt2</STRONG> (Thumb, 44 bytes, Stack size unknown bytes, __scatter.o(!!!scatter), UNUSED)
<BR><BR>[Calls]<UL><LI><a href="#[65]">&gt;&gt;</a>&nbsp;&nbsp;&nbsp;__rt_entry
</UL>

<P><STRONG><a name="[106]"></a>__scatterload_rt2_thumb_only</STRONG> (Thumb, 0 bytes, Stack size unknown bytes, __scatter.o(!!!scatter), UNUSED)

<P><STRONG><a name="[107]"></a>__scatterload_null</STRONG> (Thumb, 0 bytes, Stack size unknown bytes, __scatter.o(!!!scatter), UNUSED)

<P><STRONG><a name="[108]"></a>__decompress</STRONG> (Thumb, 90 bytes, Stack size unknown bytes, __dczerorl2.o(!!dczerorl2), UNUSED)

<P><STRONG><a name="[109]"></a>__decompress1</STRONG> (Thumb, 0 bytes, Stack size unknown bytes, __dczerorl2.o(!!dczerorl2), UNUSED)

<P><STRONG><a name="[10a]"></a>__scatterload_zeroinit</STRONG> (Thumb, 28 bytes, Stack size unknown bytes, __scatter_zi.o(!!handler_zi), UNUSED)

<P><STRONG><a name="[6c]"></a>__rt_lib_init</STRONG> (Thumb, 0 bytes, Stack size unknown bytes, libinit.o(.ARM.Collect$$libinit$$00000000))
<BR><BR>[Called By]<UL><LI><a href="#[6b]">&gt;&gt;</a>&nbsp;&nbsp;&nbsp;__rt_entry_li
</UL>

<P><STRONG><a name="[67]"></a>__rt_lib_init_fp_1</STRONG> (Thumb, 0 bytes, Stack size unknown bytes, libinit2.o(.ARM.Collect$$libinit$$00000001))
<BR><BR>[Calls]<UL><LI><a href="#[68]">&gt;&gt;</a>&nbsp;&nbsp;&nbsp;_fp_init
</UL>

<P><STRONG><a name="[10b]"></a>__rt_lib_init_alloca_1</STRONG> (Thumb, 0 bytes, Stack size unknown bytes, libinit2.o(.ARM.Collect$$libinit$$0000002E))

<P><STRONG><a name="[10c]"></a>__rt_lib_init_argv_1</STRONG> (Thumb, 0 bytes, Stack size unknown bytes, libinit2.o(.ARM.Collect$$libinit$$0000002C))

<P><STRONG><a name="[10d]"></a>__rt_lib_init_atexit_1</STRONG> (Thumb, 0 bytes, Stack size unknown bytes, libinit2.o(.ARM.Collect$$libinit$$0000001B))

<P><STRONG><a name="[10e]"></a>__rt_lib_init_clock_1</STRONG> (Thumb, 0 bytes, Stack size unknown bytes, libinit2.o(.ARM.Collect$$libinit$$00000021))

<P><STRONG><a name="[10f]"></a>__rt_lib_init_cpp_1</STRONG> (Thumb, 0 bytes, Stack size unknown bytes, libinit2.o(.ARM.Collect$$libinit$$00000032))

<P><STRONG><a name="[110]"></a>__rt_lib_init_exceptions_1</STRONG> (Thumb, 0 bytes, Stack size unknown bytes, libinit2.o(.ARM.Collect$$libinit$$00000030))

<P><STRONG><a name="[111]"></a>__rt_lib_init_fp_trap_1</STRONG> (Thumb, 0 bytes, Stack size unknown bytes, libinit2.o(.ARM.Collect$$libinit$$0000001F))

<P><STRONG><a name="[112]"></a>__rt_lib_init_getenv_1</STRONG> (Thumb, 0 bytes, Stack size unknown bytes, libinit2.o(.ARM.Collect$$libinit$$00000023))

<P><STRONG><a name="[113]"></a>__rt_lib_init_heap_1</STRONG> (Thumb, 0 bytes, Stack size unknown bytes, libinit2.o(.ARM.Collect$$libinit$$0000000A))

<P><STRONG><a name="[114]"></a>__rt_lib_init_lc_collate_1</STRONG> (Thumb, 0 bytes, Stack size unknown bytes, libinit2.o(.ARM.Collect$$libinit$$00000011))

<P><STRONG><a name="[115]"></a>__rt_lib_init_lc_ctype_1</STRONG> (Thumb, 0 bytes, Stack size unknown bytes, libinit2.o(.ARM.Collect$$libinit$$00000013))

<P><STRONG><a name="[116]"></a>__rt_lib_init_lc_monetary_1</STRONG> (Thumb, 0 bytes, Stack size unknown bytes, libinit2.o(.ARM.Collect$$libinit$$00000015))

<P><STRONG><a name="[117]"></a>__rt_lib_init_lc_numeric_1</STRONG> (Thumb, 0 bytes, Stack size unknown bytes, libinit2.o(.ARM.Collect$$libinit$$00000017))

<P><STRONG><a name="[118]"></a>__rt_lib_init_lc_time_1</STRONG> (Thumb, 0 bytes, Stack size unknown bytes, libinit2.o(.ARM.Collect$$libinit$$00000019))

<P><STRONG><a name="[119]"></a>__rt_lib_init_preinit_1</STRONG> (Thumb, 0 bytes, Stack size unknown bytes, libinit2.o(.ARM.Collect$$libinit$$00000004))

<P><STRONG><a name="[11a]"></a>__rt_lib_init_rand_1</STRONG> (Thumb, 0 bytes, Stack size unknown bytes, libinit2.o(.ARM.Collect$$libinit$$0000000E))

<P><STRONG><a name="[11b]"></a>__rt_lib_init_return</STRONG> (Thumb, 0 bytes, Stack size unknown bytes, libinit2.o(.ARM.Collect$$libinit$$00000033))

<P><STRONG><a name="[11c]"></a>__rt_lib_init_signal_1</STRONG> (Thumb, 0 bytes, Stack size unknown bytes, libinit2.o(.ARM.Collect$$libinit$$0000001D))

<P><STRONG><a name="[11d]"></a>__rt_lib_init_stdio_1</STRONG> (Thumb, 0 bytes, Stack size unknown bytes, libinit2.o(.ARM.Collect$$libinit$$00000025))

<P><STRONG><a name="[11e]"></a>__rt_lib_init_user_alloc_1</STRONG> (Thumb, 0 bytes, Stack size unknown bytes, libinit2.o(.ARM.Collect$$libinit$$0000000C))

<P><STRONG><a name="[71]"></a>__rt_lib_shutdown</STRONG> (Thumb, 0 bytes, Stack size unknown bytes, libshutdown.o(.ARM.Collect$$libshutdown$$00000000))
<BR><BR>[Called By]<UL><LI><a href="#[70]">&gt;&gt;</a>&nbsp;&nbsp;&nbsp;__rt_exit_ls
</UL>

<P><STRONG><a name="[11f]"></a>__rt_lib_shutdown_cpp_1</STRONG> (Thumb, 0 bytes, Stack size unknown bytes, libshutdown2.o(.ARM.Collect$$libshutdown$$00000002))

<P><STRONG><a name="[120]"></a>__rt_lib_shutdown_fp_trap_1</STRONG> (Thumb, 0 bytes, Stack size unknown bytes, libshutdown2.o(.ARM.Collect$$libshutdown$$00000007))

<P><STRONG><a name="[121]"></a>__rt_lib_shutdown_heap_1</STRONG> (Thumb, 0 bytes, Stack size unknown bytes, libshutdown2.o(.ARM.Collect$$libshutdown$$0000000F))

<P><STRONG><a name="[122]"></a>__rt_lib_shutdown_return</STRONG> (Thumb, 0 bytes, Stack size unknown bytes, libshutdown2.o(.ARM.Collect$$libshutdown$$00000010))

<P><STRONG><a name="[123]"></a>__rt_lib_shutdown_signal_1</STRONG> (Thumb, 0 bytes, Stack size unknown bytes, libshutdown2.o(.ARM.Collect$$libshutdown$$0000000A))

<P><STRONG><a name="[124]"></a>__rt_lib_shutdown_stdio_1</STRONG> (Thumb, 0 bytes, Stack size unknown bytes, libshutdown2.o(.ARM.Collect$$libshutdown$$00000004))

<P><STRONG><a name="[125]"></a>__rt_lib_shutdown_user_alloc_1</STRONG> (Thumb, 0 bytes, Stack size unknown bytes, libshutdown2.o(.ARM.Collect$$libshutdown$$0000000C))

<P><STRONG><a name="[65]"></a>__rt_entry</STRONG> (Thumb, 0 bytes, Stack size unknown bytes, __rtentry.o(.ARM.Collect$$rtentry$$00000000))
<BR><BR>[Called By]<UL><LI><a href="#[66]">&gt;&gt;</a>&nbsp;&nbsp;&nbsp;__scatterload_rt2
<LI><a href="#[63]">&gt;&gt;</a>&nbsp;&nbsp;&nbsp;__main
</UL>

<P><STRONG><a name="[126]"></a>__rt_entry_presh_1</STRONG> (Thumb, 0 bytes, Stack size unknown bytes, __rtentry2.o(.ARM.Collect$$rtentry$$00000002))

<P><STRONG><a name="[69]"></a>__rt_entry_sh</STRONG> (Thumb, 0 bytes, Stack size unknown bytes, __rtentry4.o(.ARM.Collect$$rtentry$$00000004))
<BR><BR>[Stack]<UL><LI>Max Depth = 8 + Unknown Stack Size
<LI>Call Chain = __rt_entry_sh &rArr; __user_setup_stackheap
</UL>
<BR>[Calls]<UL><LI><a href="#[6a]">&gt;&gt;</a>&nbsp;&nbsp;&nbsp;__user_setup_stackheap
</UL>

<P><STRONG><a name="[6b]"></a>__rt_entry_li</STRONG> (Thumb, 0 bytes, Stack size unknown bytes, __rtentry2.o(.ARM.Collect$$rtentry$$0000000A))
<BR><BR>[Calls]<UL><LI><a href="#[6c]">&gt;&gt;</a>&nbsp;&nbsp;&nbsp;__rt_lib_init
</UL>

<P><STRONG><a name="[127]"></a>__rt_entry_postsh_1</STRONG> (Thumb, 0 bytes, Stack size unknown bytes, __rtentry2.o(.ARM.Collect$$rtentry$$00000009))

<P><STRONG><a name="[6d]"></a>__rt_entry_main</STRONG> (Thumb, 0 bytes, Stack size unknown bytes, __rtentry2.o(.ARM.Collect$$rtentry$$0000000D))
<BR><BR>[Stack]<UL><LI>Max Depth = 352 + Unknown Stack Size
<LI>Call Chain = __rt_entry_main &rArr; main &rArr; usbd_init &rArr; usb_basic_init &rArr; __aeabi_memcpy4
</UL>
<BR>[Calls]<UL><LI><a href="#[6e]">&gt;&gt;</a>&nbsp;&nbsp;&nbsp;main
<LI><a href="#[6f]">&gt;&gt;</a>&nbsp;&nbsp;&nbsp;exit
</UL>

<P><STRONG><a name="[128]"></a>__rt_entry_postli_1</STRONG> (Thumb, 0 bytes, Stack size unknown bytes, __rtentry2.o(.ARM.Collect$$rtentry$$0000000C))

<P><STRONG><a name="[78]"></a>__rt_exit</STRONG> (Thumb, 0 bytes, Stack size unknown bytes, rtexit.o(.ARM.Collect$$rtexit$$00000000))
<BR><BR>[Called By]<UL><LI><a href="#[6f]">&gt;&gt;</a>&nbsp;&nbsp;&nbsp;exit
</UL>

<P><STRONG><a name="[70]"></a>__rt_exit_ls</STRONG> (Thumb, 0 bytes, Stack size unknown bytes, rtexit2.o(.ARM.Collect$$rtexit$$00000003))
<BR><BR>[Calls]<UL><LI><a href="#[71]">&gt;&gt;</a>&nbsp;&nbsp;&nbsp;__rt_lib_shutdown
</UL>

<P><STRONG><a name="[129]"></a>__rt_exit_prels_1</STRONG> (Thumb, 0 bytes, Stack size unknown bytes, rtexit2.o(.ARM.Collect$$rtexit$$00000002))

<P><STRONG><a name="[72]"></a>__rt_exit_exit</STRONG> (Thumb, 0 bytes, Stack size unknown bytes, rtexit2.o(.ARM.Collect$$rtexit$$00000004))
<BR><BR>[Calls]<UL><LI><a href="#[73]">&gt;&gt;</a>&nbsp;&nbsp;&nbsp;_sys_exit
</UL>

<P><STRONG><a name="[17]"></a>Reset_Handler</STRONG> (Thumb, 8 bytes, Stack size 0 bytes, startup_gd32c10x.o(.text))
<BR>[Address Reference Count : 1]<UL><LI> startup_gd32c10x.o(RESET)
</UL>
<P><STRONG><a name="[33]"></a>ADC0_1_IRQHandler</STRONG> (Thumb, 0 bytes, Stack size 0 bytes, startup_gd32c10x.o(.text))
<BR><BR>[Calls]<UL><LI><a href="#[33]">&gt;&gt;</a>&nbsp;&nbsp;&nbsp;ADC0_1_IRQHandler
</UL>
<BR>[Called By]<UL><LI><a href="#[33]">&gt;&gt;</a>&nbsp;&nbsp;&nbsp;ADC0_1_IRQHandler
</UL>
<BR>[Address Reference Count : 1]<UL><LI> startup_gd32c10x.o(RESET)
</UL>
<P><STRONG><a name="[37]"></a>CAN0_EWMC_IRQHandler</STRONG> (Thumb, 0 bytes, Stack size 0 bytes, startup_gd32c10x.o(.text))
<BR>[Address Reference Count : 1]<UL><LI> startup_gd32c10x.o(RESET)
</UL>
<P><STRONG><a name="[36]"></a>CAN0_RX1_IRQHandler</STRONG> (Thumb, 0 bytes, Stack size 0 bytes, startup_gd32c10x.o(.text))
<BR>[Address Reference Count : 1]<UL><LI> startup_gd32c10x.o(RESET)
</UL>
<P><STRONG><a name="[34]"></a>CAN0_TX_IRQHandler</STRONG> (Thumb, 0 bytes, Stack size 0 bytes, startup_gd32c10x.o(.text))
<BR>[Address Reference Count : 1]<UL><LI> startup_gd32c10x.o(RESET)
</UL>
<P><STRONG><a name="[5f]"></a>CAN1_EWMC_IRQHandler</STRONG> (Thumb, 0 bytes, Stack size 0 bytes, startup_gd32c10x.o(.text))
<BR>[Address Reference Count : 1]<UL><LI> startup_gd32c10x.o(RESET)
</UL>
<P><STRONG><a name="[5e]"></a>CAN1_RX1_IRQHandler</STRONG> (Thumb, 0 bytes, Stack size 0 bytes, startup_gd32c10x.o(.text))
<BR>[Address Reference Count : 1]<UL><LI> startup_gd32c10x.o(RESET)
</UL>
<P><STRONG><a name="[5c]"></a>CAN1_TX_IRQHandler</STRONG> (Thumb, 0 bytes, Stack size 0 bytes, startup_gd32c10x.o(.text))
<BR>[Address Reference Count : 1]<UL><LI> startup_gd32c10x.o(RESET)
</UL>
<P><STRONG><a name="[2c]"></a>DMA0_Channel0_IRQHandler</STRONG> (Thumb, 0 bytes, Stack size 0 bytes, startup_gd32c10x.o(.text))
<BR>[Address Reference Count : 1]<UL><LI> startup_gd32c10x.o(RESET)
</UL>
<P><STRONG><a name="[2d]"></a>DMA0_Channel1_IRQHandler</STRONG> (Thumb, 0 bytes, Stack size 0 bytes, startup_gd32c10x.o(.text))
<BR>[Address Reference Count : 1]<UL><LI> startup_gd32c10x.o(RESET)
</UL>
<P><STRONG><a name="[2e]"></a>DMA0_Channel2_IRQHandler</STRONG> (Thumb, 0 bytes, Stack size 0 bytes, startup_gd32c10x.o(.text))
<BR>[Address Reference Count : 1]<UL><LI> startup_gd32c10x.o(RESET)
</UL>
<P><STRONG><a name="[2f]"></a>DMA0_Channel3_IRQHandler</STRONG> (Thumb, 0 bytes, Stack size 0 bytes, startup_gd32c10x.o(.text))
<BR>[Address Reference Count : 1]<UL><LI> startup_gd32c10x.o(RESET)
</UL>
<P><STRONG><a name="[30]"></a>DMA0_Channel4_IRQHandler</STRONG> (Thumb, 0 bytes, Stack size 0 bytes, startup_gd32c10x.o(.text))
<BR>[Address Reference Count : 1]<UL><LI> startup_gd32c10x.o(RESET)
</UL>
<P><STRONG><a name="[31]"></a>DMA0_Channel5_IRQHandler</STRONG> (Thumb, 0 bytes, Stack size 0 bytes, startup_gd32c10x.o(.text))
<BR>[Address Reference Count : 1]<UL><LI> startup_gd32c10x.o(RESET)
</UL>
<P><STRONG><a name="[32]"></a>DMA0_Channel6_IRQHandler</STRONG> (Thumb, 0 bytes, Stack size 0 bytes, startup_gd32c10x.o(.text))
<BR>[Address Reference Count : 1]<UL><LI> startup_gd32c10x.o(RESET)
</UL>
<P><STRONG><a name="[57]"></a>DMA1_Channel0_IRQHandler</STRONG> (Thumb, 0 bytes, Stack size 0 bytes, startup_gd32c10x.o(.text))
<BR>[Address Reference Count : 1]<UL><LI> startup_gd32c10x.o(RESET)
</UL>
<P><STRONG><a name="[58]"></a>DMA1_Channel1_IRQHandler</STRONG> (Thumb, 0 bytes, Stack size 0 bytes, startup_gd32c10x.o(.text))
<BR>[Address Reference Count : 1]<UL><LI> startup_gd32c10x.o(RESET)
</UL>
<P><STRONG><a name="[59]"></a>DMA1_Channel2_IRQHandler</STRONG> (Thumb, 0 bytes, Stack size 0 bytes, startup_gd32c10x.o(.text))
<BR>[Address Reference Count : 1]<UL><LI> startup_gd32c10x.o(RESET)
</UL>
<P><STRONG><a name="[5a]"></a>DMA1_Channel3_IRQHandler</STRONG> (Thumb, 0 bytes, Stack size 0 bytes, startup_gd32c10x.o(.text))
<BR>[Address Reference Count : 1]<UL><LI> startup_gd32c10x.o(RESET)
</UL>
<P><STRONG><a name="[5b]"></a>DMA1_Channel4_IRQHandler</STRONG> (Thumb, 0 bytes, Stack size 0 bytes, startup_gd32c10x.o(.text))
<BR>[Address Reference Count : 1]<UL><LI> startup_gd32c10x.o(RESET)
</UL>
<P><STRONG><a name="[50]"></a>EXMC_IRQHandler</STRONG> (Thumb, 0 bytes, Stack size 0 bytes, startup_gd32c10x.o(.text))
<BR>[Address Reference Count : 1]<UL><LI> startup_gd32c10x.o(RESET)
</UL>
<P><STRONG><a name="[27]"></a>EXTI0_IRQHandler</STRONG> (Thumb, 0 bytes, Stack size 0 bytes, startup_gd32c10x.o(.text))
<BR>[Address Reference Count : 1]<UL><LI> startup_gd32c10x.o(RESET)
</UL>
<P><STRONG><a name="[28]"></a>EXTI1_IRQHandler</STRONG> (Thumb, 0 bytes, Stack size 0 bytes, startup_gd32c10x.o(.text))
<BR>[Address Reference Count : 1]<UL><LI> startup_gd32c10x.o(RESET)
</UL>
<P><STRONG><a name="[29]"></a>EXTI2_IRQHandler</STRONG> (Thumb, 0 bytes, Stack size 0 bytes, startup_gd32c10x.o(.text))
<BR>[Address Reference Count : 1]<UL><LI> startup_gd32c10x.o(RESET)
</UL>
<P><STRONG><a name="[2a]"></a>EXTI3_IRQHandler</STRONG> (Thumb, 0 bytes, Stack size 0 bytes, startup_gd32c10x.o(.text))
<BR>[Address Reference Count : 1]<UL><LI> startup_gd32c10x.o(RESET)
</UL>
<P><STRONG><a name="[2b]"></a>EXTI4_IRQHandler</STRONG> (Thumb, 0 bytes, Stack size 0 bytes, startup_gd32c10x.o(.text))
<BR>[Address Reference Count : 1]<UL><LI> startup_gd32c10x.o(RESET)
</UL>
<P><STRONG><a name="[38]"></a>EXTI5_9_IRQHandler</STRONG> (Thumb, 0 bytes, Stack size 0 bytes, startup_gd32c10x.o(.text))
<BR>[Address Reference Count : 1]<UL><LI> startup_gd32c10x.o(RESET)
</UL>
<P><STRONG><a name="[25]"></a>FMC_IRQHandler</STRONG> (Thumb, 0 bytes, Stack size 0 bytes, startup_gd32c10x.o(.text))
<BR>[Address Reference Count : 1]<UL><LI> startup_gd32c10x.o(RESET)
</UL>
<P><STRONG><a name="[41]"></a>I2C0_ER_IRQHandler</STRONG> (Thumb, 0 bytes, Stack size 0 bytes, startup_gd32c10x.o(.text))
<BR>[Address Reference Count : 1]<UL><LI> startup_gd32c10x.o(RESET)
</UL>
<P><STRONG><a name="[40]"></a>I2C0_EV_IRQHandler</STRONG> (Thumb, 0 bytes, Stack size 0 bytes, startup_gd32c10x.o(.text))
<BR>[Address Reference Count : 1]<UL><LI> startup_gd32c10x.o(RESET)
</UL>
<P><STRONG><a name="[43]"></a>I2C1_ER_IRQHandler</STRONG> (Thumb, 0 bytes, Stack size 0 bytes, startup_gd32c10x.o(.text))
<BR>[Address Reference Count : 1]<UL><LI> startup_gd32c10x.o(RESET)
</UL>
<P><STRONG><a name="[42]"></a>I2C1_EV_IRQHandler</STRONG> (Thumb, 0 bytes, Stack size 0 bytes, startup_gd32c10x.o(.text))
<BR>[Address Reference Count : 1]<UL><LI> startup_gd32c10x.o(RESET)
</UL>
<P><STRONG><a name="[22]"></a>LVD_IRQHandler</STRONG> (Thumb, 0 bytes, Stack size 0 bytes, startup_gd32c10x.o(.text))
<BR>[Address Reference Count : 1]<UL><LI> startup_gd32c10x.o(RESET)
</UL>
<P><STRONG><a name="[26]"></a>RCU_CTC_IRQHandler</STRONG> (Thumb, 0 bytes, Stack size 0 bytes, startup_gd32c10x.o(.text))
<BR>[Address Reference Count : 1]<UL><LI> startup_gd32c10x.o(RESET)
</UL>
<P><STRONG><a name="[4a]"></a>RTC_Alarm_IRQHandler</STRONG> (Thumb, 0 bytes, Stack size 0 bytes, startup_gd32c10x.o(.text))
<BR>[Address Reference Count : 1]<UL><LI> startup_gd32c10x.o(RESET)
</UL>
<P><STRONG><a name="[24]"></a>RTC_IRQHandler</STRONG> (Thumb, 0 bytes, Stack size 0 bytes, startup_gd32c10x.o(.text))
<BR>[Address Reference Count : 1]<UL><LI> startup_gd32c10x.o(RESET)
</UL>
<P><STRONG><a name="[44]"></a>SPI0_IRQHandler</STRONG> (Thumb, 0 bytes, Stack size 0 bytes, startup_gd32c10x.o(.text))
<BR>[Address Reference Count : 1]<UL><LI> startup_gd32c10x.o(RESET)
</UL>
<P><STRONG><a name="[45]"></a>SPI1_IRQHandler</STRONG> (Thumb, 0 bytes, Stack size 0 bytes, startup_gd32c10x.o(.text))
<BR>[Address Reference Count : 1]<UL><LI> startup_gd32c10x.o(RESET)
</UL>
<P><STRONG><a name="[52]"></a>SPI2_IRQHandler</STRONG> (Thumb, 0 bytes, Stack size 0 bytes, startup_gd32c10x.o(.text))
<BR>[Address Reference Count : 1]<UL><LI> startup_gd32c10x.o(RESET)
</UL>
<P><STRONG><a name="[23]"></a>TAMPER_IRQHandler</STRONG> (Thumb, 0 bytes, Stack size 0 bytes, startup_gd32c10x.o(.text))
<BR>[Address Reference Count : 1]<UL><LI> startup_gd32c10x.o(RESET)
</UL>
<P><STRONG><a name="[3c]"></a>TIMER0_Channel_IRQHandler</STRONG> (Thumb, 0 bytes, Stack size 0 bytes, startup_gd32c10x.o(.text))
<BR>[Address Reference Count : 1]<UL><LI> startup_gd32c10x.o(RESET)
</UL>
<P><STRONG><a name="[3b]"></a>TIMER0_TRG_CMT_TIMER10_IRQHandler</STRONG> (Thumb, 0 bytes, Stack size 0 bytes, startup_gd32c10x.o(.text))
<BR>[Address Reference Count : 1]<UL><LI> startup_gd32c10x.o(RESET)
</UL>
<P><STRONG><a name="[3a]"></a>TIMER0_UP_TIMER9_IRQHandler</STRONG> (Thumb, 0 bytes, Stack size 0 bytes, startup_gd32c10x.o(.text))
<BR>[Address Reference Count : 1]<UL><LI> startup_gd32c10x.o(RESET)
</UL>
<P><STRONG><a name="[3f]"></a>TIMER3_IRQHandler</STRONG> (Thumb, 0 bytes, Stack size 0 bytes, startup_gd32c10x.o(.text))
<BR>[Address Reference Count : 1]<UL><LI> startup_gd32c10x.o(RESET)
</UL>
<P><STRONG><a name="[51]"></a>TIMER4_IRQHandler</STRONG> (Thumb, 0 bytes, Stack size 0 bytes, startup_gd32c10x.o(.text))
<BR>[Address Reference Count : 1]<UL><LI> startup_gd32c10x.o(RESET)
</UL>
<P><STRONG><a name="[4c]"></a>TIMER7_BRK_TIMER11_IRQHandler</STRONG> (Thumb, 0 bytes, Stack size 0 bytes, startup_gd32c10x.o(.text))
<BR>[Address Reference Count : 1]<UL><LI> startup_gd32c10x.o(RESET)
</UL>
<P><STRONG><a name="[4f]"></a>TIMER7_Channel_IRQHandler</STRONG> (Thumb, 0 bytes, Stack size 0 bytes, startup_gd32c10x.o(.text))
<BR>[Address Reference Count : 1]<UL><LI> startup_gd32c10x.o(RESET)
</UL>
<P><STRONG><a name="[4e]"></a>TIMER7_TRG_CMT_TIMER13_IRQHandler</STRONG> (Thumb, 0 bytes, Stack size 0 bytes, startup_gd32c10x.o(.text))
<BR>[Address Reference Count : 1]<UL><LI> startup_gd32c10x.o(RESET)
</UL>
<P><STRONG><a name="[4d]"></a>TIMER7_UP_TIMER12_IRQHandler</STRONG> (Thumb, 0 bytes, Stack size 0 bytes, startup_gd32c10x.o(.text))
<BR>[Address Reference Count : 1]<UL><LI> startup_gd32c10x.o(RESET)
</UL>
<P><STRONG><a name="[53]"></a>UART3_IRQHandler</STRONG> (Thumb, 0 bytes, Stack size 0 bytes, startup_gd32c10x.o(.text))
<BR>[Address Reference Count : 1]<UL><LI> startup_gd32c10x.o(RESET)
</UL>
<P><STRONG><a name="[54]"></a>UART4_IRQHandler</STRONG> (Thumb, 0 bytes, Stack size 0 bytes, startup_gd32c10x.o(.text))
<BR>[Address Reference Count : 1]<UL><LI> startup_gd32c10x.o(RESET)
</UL>
<P><STRONG><a name="[46]"></a>USART0_IRQHandler</STRONG> (Thumb, 0 bytes, Stack size 0 bytes, startup_gd32c10x.o(.text))
<BR>[Address Reference Count : 1]<UL><LI> startup_gd32c10x.o(RESET)
</UL>
<P><STRONG><a name="[48]"></a>USART2_IRQHandler</STRONG> (Thumb, 0 bytes, Stack size 0 bytes, startup_gd32c10x.o(.text))
<BR>[Address Reference Count : 1]<UL><LI> startup_gd32c10x.o(RESET)
</UL>
<P><STRONG><a name="[21]"></a>WWDGT_IRQHandler</STRONG> (Thumb, 0 bytes, Stack size 0 bytes, startup_gd32c10x.o(.text))
<BR>[Address Reference Count : 1]<UL><LI> startup_gd32c10x.o(RESET)
</UL>
<P><STRONG><a name="[77]"></a>__user_initial_stackheap</STRONG> (Thumb, 10 bytes, Stack size 0 bytes, startup_gd32c10x.o(.text))
<BR><BR>[Called By]<UL><LI><a href="#[6a]">&gt;&gt;</a>&nbsp;&nbsp;&nbsp;__user_setup_stackheap
</UL>

<P><STRONG><a name="[bd]"></a>__aeabi_memcpy</STRONG> (Thumb, 0 bytes, Stack size 0 bytes, rt_memcpy_v6.o(.text))
<BR><BR>[Called By]<UL><LI><a href="#[16]">&gt;&gt;</a>&nbsp;&nbsp;&nbsp;cdc_acm_out
</UL>

<P><STRONG><a name="[74]"></a>__rt_memcpy</STRONG> (Thumb, 138 bytes, Stack size 0 bytes, rt_memcpy_v6.o(.text), UNUSED)
<BR><BR>[Calls]<UL><LI><a href="#[75]">&gt;&gt;</a>&nbsp;&nbsp;&nbsp;__aeabi_memcpy4
</UL>

<P><STRONG><a name="[12a]"></a>_memcpy_lastbytes</STRONG> (Thumb, 0 bytes, Stack size unknown bytes, rt_memcpy_v6.o(.text), UNUSED)

<P><STRONG><a name="[75]"></a>__aeabi_memcpy4</STRONG> (Thumb, 0 bytes, Stack size 8 bytes, rt_memcpy_w.o(.text))
<BR><BR>[Stack]<UL><LI>Max Depth = 8<LI>Call Chain = __aeabi_memcpy4
</UL>
<BR>[Called By]<UL><LI><a href="#[fd]">&gt;&gt;</a>&nbsp;&nbsp;&nbsp;usbd_int_reset
<LI><a href="#[d7]">&gt;&gt;</a>&nbsp;&nbsp;&nbsp;usb_basic_init
<LI><a href="#[74]">&gt;&gt;</a>&nbsp;&nbsp;&nbsp;__rt_memcpy
</UL>

<P><STRONG><a name="[12b]"></a>__aeabi_memcpy8</STRONG> (Thumb, 0 bytes, Stack size 8 bytes, rt_memcpy_w.o(.text), UNUSED)

<P><STRONG><a name="[12c]"></a>__rt_memcpy_w</STRONG> (Thumb, 100 bytes, Stack size 8 bytes, rt_memcpy_w.o(.text), UNUSED)

<P><STRONG><a name="[12d]"></a>_memcpy_lastbytes_aligned</STRONG> (Thumb, 0 bytes, Stack size unknown bytes, rt_memcpy_w.o(.text), UNUSED)

<P><STRONG><a name="[cb]"></a>__aeabi_memclr4</STRONG> (Thumb, 0 bytes, Stack size 4 bytes, rt_memclr_w.o(.text))
<BR><BR>[Stack]<UL><LI>Max Depth = 4<LI>Call Chain = __aeabi_memclr4
</UL>
<BR>[Called By]<UL><LI><a href="#[6e]">&gt;&gt;</a>&nbsp;&nbsp;&nbsp;main
<LI><a href="#[fd]">&gt;&gt;</a>&nbsp;&nbsp;&nbsp;usbd_int_reset
<LI><a href="#[d7]">&gt;&gt;</a>&nbsp;&nbsp;&nbsp;usb_basic_init
</UL>

<P><STRONG><a name="[12e]"></a>__aeabi_memclr8</STRONG> (Thumb, 0 bytes, Stack size 4 bytes, rt_memclr_w.o(.text), UNUSED)

<P><STRONG><a name="[12f]"></a>__rt_memclr_w</STRONG> (Thumb, 78 bytes, Stack size 4 bytes, rt_memclr_w.o(.text), UNUSED)

<P><STRONG><a name="[130]"></a>_memset_w</STRONG> (Thumb, 0 bytes, Stack size unknown bytes, rt_memclr_w.o(.text), UNUSED)

<P><STRONG><a name="[131]"></a>__use_two_region_memory</STRONG> (Thumb, 2 bytes, Stack size 0 bytes, heapauxi.o(.text), UNUSED)

<P><STRONG><a name="[132]"></a>__rt_heap_escrow$2region</STRONG> (Thumb, 2 bytes, Stack size 0 bytes, heapauxi.o(.text), UNUSED)

<P><STRONG><a name="[133]"></a>__rt_heap_expand$2region</STRONG> (Thumb, 2 bytes, Stack size 0 bytes, heapauxi.o(.text), UNUSED)

<P><STRONG><a name="[6a]"></a>__user_setup_stackheap</STRONG> (Thumb, 74 bytes, Stack size 8 bytes, sys_stackheap_outer.o(.text))
<BR><BR>[Stack]<UL><LI>Max Depth = 8<LI>Call Chain = __user_setup_stackheap
</UL>
<BR>[Calls]<UL><LI><a href="#[77]">&gt;&gt;</a>&nbsp;&nbsp;&nbsp;__user_initial_stackheap
<LI><a href="#[76]">&gt;&gt;</a>&nbsp;&nbsp;&nbsp;__user_perproc_libspace
</UL>
<BR>[Called By]<UL><LI><a href="#[69]">&gt;&gt;</a>&nbsp;&nbsp;&nbsp;__rt_entry_sh
</UL>

<P><STRONG><a name="[6f]"></a>exit</STRONG> (Thumb, 18 bytes, Stack size 8 bytes, exit.o(.text))
<BR><BR>[Stack]<UL><LI>Max Depth = 8 + Unknown Stack Size
<LI>Call Chain = exit
</UL>
<BR>[Calls]<UL><LI><a href="#[78]">&gt;&gt;</a>&nbsp;&nbsp;&nbsp;__rt_exit
</UL>
<BR>[Called By]<UL><LI><a href="#[6d]">&gt;&gt;</a>&nbsp;&nbsp;&nbsp;__rt_entry_main
</UL>

<P><STRONG><a name="[134]"></a>__user_libspace</STRONG> (Thumb, 8 bytes, Stack size 0 bytes, libspace.o(.text), UNUSED)

<P><STRONG><a name="[76]"></a>__user_perproc_libspace</STRONG> (Thumb, 0 bytes, Stack size 0 bytes, libspace.o(.text))
<BR><BR>[Called By]<UL><LI><a href="#[6a]">&gt;&gt;</a>&nbsp;&nbsp;&nbsp;__user_setup_stackheap
</UL>

<P><STRONG><a name="[135]"></a>__user_perthread_libspace</STRONG> (Thumb, 0 bytes, Stack size 0 bytes, libspace.o(.text), UNUSED)

<P><STRONG><a name="[73]"></a>_sys_exit</STRONG> (Thumb, 8 bytes, Stack size 0 bytes, sys_exit.o(.text))
<BR><BR>[Called By]<UL><LI><a href="#[72]">&gt;&gt;</a>&nbsp;&nbsp;&nbsp;__rt_exit_exit
</UL>

<P><STRONG><a name="[136]"></a>__I$use$semihosting</STRONG> (Thumb, 0 bytes, Stack size 0 bytes, use_no_semi.o(.text), UNUSED)

<P><STRONG><a name="[137]"></a>__use_no_semihosting_swi</STRONG> (Thumb, 2 bytes, Stack size 0 bytes, use_no_semi.o(.text), UNUSED)

<P><STRONG><a name="[138]"></a>__semihosting_library_function</STRONG> (Thumb, 0 bytes, Stack size unknown bytes, indicate_semi.o(.text), UNUSED)

<P><STRONG><a name="[79]"></a>Adc_Init</STRONG> (Thumb, 110 bytes, Stack size 8 bytes, bsp.o(i.Adc_Init))
<BR><BR>[Stack]<UL><LI>Max Depth = 40<LI>Call Chain = Adc_Init &rArr; Delay_ms &rArr; Time5Delayus
</UL>
<BR>[Calls]<UL><LI><a href="#[7d]">&gt;&gt;</a>&nbsp;&nbsp;&nbsp;adc_mode_config
<LI><a href="#[80]">&gt;&gt;</a>&nbsp;&nbsp;&nbsp;adc_external_trigger_source_config
<LI><a href="#[81]">&gt;&gt;</a>&nbsp;&nbsp;&nbsp;adc_external_trigger_config
<LI><a href="#[82]">&gt;&gt;</a>&nbsp;&nbsp;&nbsp;adc_enable
<LI><a href="#[7e]">&gt;&gt;</a>&nbsp;&nbsp;&nbsp;adc_data_alignment_config
<LI><a href="#[7f]">&gt;&gt;</a>&nbsp;&nbsp;&nbsp;adc_channel_length_config
<LI><a href="#[84]">&gt;&gt;</a>&nbsp;&nbsp;&nbsp;adc_calibration_enable
<LI><a href="#[7a]">&gt;&gt;</a>&nbsp;&nbsp;&nbsp;rcu_periph_clock_enable
<LI><a href="#[83]">&gt;&gt;</a>&nbsp;&nbsp;&nbsp;Delay_ms
<LI><a href="#[7c]">&gt;&gt;</a>&nbsp;&nbsp;&nbsp;gpio_init
<LI><a href="#[7b]">&gt;&gt;</a>&nbsp;&nbsp;&nbsp;rcu_adc_clock_config
</UL>
<BR>[Called By]<UL><LI><a href="#[6e]">&gt;&gt;</a>&nbsp;&nbsp;&nbsp;main
</UL>

<P><STRONG><a name="[1b]"></a>BusFault_Handler</STRONG> (Thumb, 4 bytes, Stack size 0 bytes, gd32c10x_it.o(i.BusFault_Handler))
<BR>[Address Reference Count : 1]<UL><LI> startup_gd32c10x.o(RESET)
</UL>
<P><STRONG><a name="[35]"></a>CAN0_RX0_IRQHandler</STRONG> (Thumb, 22 bytes, Stack size 88 bytes, gd32c10x_it.o(i.CAN0_RX0_IRQHandler))
<BR><BR>[Stack]<UL><LI>Max Depth = 112<LI>Call Chain = CAN0_RX0_IRQHandler &rArr; can_message_receive
</UL>
<BR>[Calls]<UL><LI><a href="#[85]">&gt;&gt;</a>&nbsp;&nbsp;&nbsp;can_message_receive
</UL>
<BR>[Address Reference Count : 1]<UL><LI> startup_gd32c10x.o(RESET)
</UL>
<P><STRONG><a name="[5d]"></a>CAN1_RX0_IRQHandler</STRONG> (Thumb, 18 bytes, Stack size 88 bytes, gd32c10x_it.o(i.CAN1_RX0_IRQHandler))
<BR><BR>[Stack]<UL><LI>Max Depth = 112<LI>Call Chain = CAN1_RX0_IRQHandler &rArr; can_message_receive
</UL>
<BR>[Calls]<UL><LI><a href="#[85]">&gt;&gt;</a>&nbsp;&nbsp;&nbsp;can_message_receive
</UL>
<BR>[Address Reference Count : 1]<UL><LI> startup_gd32c10x.o(RESET)
</UL>
<P><STRONG><a name="[86]"></a>CAN_setAllfit</STRONG> (Thumb, 64 bytes, Stack size 24 bytes, can.o(i.CAN_setAllfit))
<BR><BR>[Stack]<UL><LI>Max Depth = 32<LI>Call Chain = CAN_setAllfit &rArr; can_struct_para_init
</UL>
<BR>[Calls]<UL><LI><a href="#[87]">&gt;&gt;</a>&nbsp;&nbsp;&nbsp;can_struct_para_init
<LI><a href="#[88]">&gt;&gt;</a>&nbsp;&nbsp;&nbsp;can_filter_init
</UL>
<BR>[Called By]<UL><LI><a href="#[90]">&gt;&gt;</a>&nbsp;&nbsp;&nbsp;CanFdSendISO15765Data
<LI><a href="#[6e]">&gt;&gt;</a>&nbsp;&nbsp;&nbsp;main
</UL>

<P><STRONG><a name="[89]"></a>CanFD_config</STRONG> (Thumb, 238 bytes, Stack size 56 bytes, can.o(i.CanFD_config))
<BR><BR>[Stack]<UL><LI>Max Depth = 84<LI>Call Chain = CanFD_config &rArr; can_gpio_config &rArr; gpio_pin_remap_config
</UL>
<BR>[Calls]<UL><LI><a href="#[8e]">&gt;&gt;</a>&nbsp;&nbsp;&nbsp;nvic_irq_enable
<LI><a href="#[87]">&gt;&gt;</a>&nbsp;&nbsp;&nbsp;can_struct_para_init
<LI><a href="#[8f]">&gt;&gt;</a>&nbsp;&nbsp;&nbsp;can_interrupt_enable
<LI><a href="#[8c]">&gt;&gt;</a>&nbsp;&nbsp;&nbsp;can_init
<LI><a href="#[8d]">&gt;&gt;</a>&nbsp;&nbsp;&nbsp;can_fd_init
<LI><a href="#[8b]">&gt;&gt;</a>&nbsp;&nbsp;&nbsp;can_deinit
<LI><a href="#[8a]">&gt;&gt;</a>&nbsp;&nbsp;&nbsp;can_gpio_config
</UL>
<BR>[Called By]<UL><LI><a href="#[90]">&gt;&gt;</a>&nbsp;&nbsp;&nbsp;CanFdSendISO15765Data
<LI><a href="#[6e]">&gt;&gt;</a>&nbsp;&nbsp;&nbsp;main
</UL>

<P><STRONG><a name="[90]"></a>CanFdSendISO15765Data</STRONG> (Thumb, 210 bytes, Stack size 112 bytes, can.o(i.CanFdSendISO15765Data))
<BR><BR>[Stack]<UL><LI>Max Depth = 196<LI>Call Chain = CanFdSendISO15765Data &rArr; CanFD_config &rArr; can_gpio_config &rArr; gpio_pin_remap_config
</UL>
<BR>[Calls]<UL><LI><a href="#[94]">&gt;&gt;</a>&nbsp;&nbsp;&nbsp;Delay_us
<LI><a href="#[83]">&gt;&gt;</a>&nbsp;&nbsp;&nbsp;Delay_ms
<LI><a href="#[89]">&gt;&gt;</a>&nbsp;&nbsp;&nbsp;CanFD_config
<LI><a href="#[86]">&gt;&gt;</a>&nbsp;&nbsp;&nbsp;CAN_setAllfit
<LI><a href="#[93]">&gt;&gt;</a>&nbsp;&nbsp;&nbsp;can_transmit_states
<LI><a href="#[87]">&gt;&gt;</a>&nbsp;&nbsp;&nbsp;can_struct_para_init
<LI><a href="#[92]">&gt;&gt;</a>&nbsp;&nbsp;&nbsp;can_message_transmit
<LI><a href="#[91]">&gt;&gt;</a>&nbsp;&nbsp;&nbsp;GetFdCanLen
</UL>
<BR>[Called By]<UL><LI><a href="#[6e]">&gt;&gt;</a>&nbsp;&nbsp;&nbsp;main
</UL>

<P><STRONG><a name="[1e]"></a>DebugMon_Handler</STRONG> (Thumb, 2 bytes, Stack size 0 bytes, gd32c10x_it.o(i.DebugMon_Handler))
<BR>[Address Reference Count : 1]<UL><LI> startup_gd32c10x.o(RESET)
</UL>
<P><STRONG><a name="[83]"></a>Delay_ms</STRONG> (Thumb, 18 bytes, Stack size 8 bytes, timer.o(i.Delay_ms))
<BR><BR>[Stack]<UL><LI>Max Depth = 32<LI>Call Chain = Delay_ms &rArr; Time5Delayus
</UL>
<BR>[Calls]<UL><LI><a href="#[95]">&gt;&gt;</a>&nbsp;&nbsp;&nbsp;Time5Delayus
</UL>
<BR>[Called By]<UL><LI><a href="#[90]">&gt;&gt;</a>&nbsp;&nbsp;&nbsp;CanFdSendISO15765Data
<LI><a href="#[79]">&gt;&gt;</a>&nbsp;&nbsp;&nbsp;Adc_Init
<LI><a href="#[6e]">&gt;&gt;</a>&nbsp;&nbsp;&nbsp;main
</UL>

<P><STRONG><a name="[94]"></a>Delay_us</STRONG> (Thumb, 12 bytes, Stack size 8 bytes, timer.o(i.Delay_us))
<BR><BR>[Stack]<UL><LI>Max Depth = 32<LI>Call Chain = Delay_us &rArr; Time5Delayus
</UL>
<BR>[Calls]<UL><LI><a href="#[95]">&gt;&gt;</a>&nbsp;&nbsp;&nbsp;Time5Delayus
</UL>
<BR>[Called By]<UL><LI><a href="#[90]">&gt;&gt;</a>&nbsp;&nbsp;&nbsp;CanFdSendISO15765Data
<LI><a href="#[6e]">&gt;&gt;</a>&nbsp;&nbsp;&nbsp;main
</UL>

<P><STRONG><a name="[49]"></a>EXTI10_15_IRQHandler</STRONG> (Thumb, 230 bytes, Stack size 32 bytes, gd32c10x_it.o(i.EXTI10_15_IRQHandler))
<BR><BR>[Stack]<UL><LI>Max Depth = 40<LI>Call Chain = EXTI10_15_IRQHandler &rArr; GetTimer6Cnt
</UL>
<BR>[Calls]<UL><LI><a href="#[98]">&gt;&gt;</a>&nbsp;&nbsp;&nbsp;gpio_input_bit_get
<LI><a href="#[96]">&gt;&gt;</a>&nbsp;&nbsp;&nbsp;exti_interrupt_flag_get
<LI><a href="#[97]">&gt;&gt;</a>&nbsp;&nbsp;&nbsp;GetTimer6Cnt
<LI><a href="#[99]">&gt;&gt;</a>&nbsp;&nbsp;&nbsp;exti_interrupt_flag_clear
</UL>
<BR>[Address Reference Count : 1]<UL><LI> startup_gd32c10x.o(RESET)
</UL>
<P><STRONG><a name="[91]"></a>GetFdCanLen</STRONG> (Thumb, 60 bytes, Stack size 0 bytes, can.o(i.GetFdCanLen))
<BR><BR>[Called By]<UL><LI><a href="#[90]">&gt;&gt;</a>&nbsp;&nbsp;&nbsp;CanFdSendISO15765Data
</UL>

<P><STRONG><a name="[97]"></a>GetTimer6Cnt</STRONG> (Thumb, 36 bytes, Stack size 8 bytes, timer.o(i.GetTimer6Cnt))
<BR><BR>[Stack]<UL><LI>Max Depth = 8<LI>Call Chain = GetTimer6Cnt
</UL>
<BR>[Calls]<UL><LI><a href="#[9b]">&gt;&gt;</a>&nbsp;&nbsp;&nbsp;timer_counter_value_config
<LI><a href="#[9a]">&gt;&gt;</a>&nbsp;&nbsp;&nbsp;timer_counter_read
</UL>
<BR>[Called By]<UL><LI><a href="#[49]">&gt;&gt;</a>&nbsp;&nbsp;&nbsp;EXTI10_15_IRQHandler
</UL>

<P><STRONG><a name="[19]"></a>HardFault_Handler</STRONG> (Thumb, 4 bytes, Stack size 0 bytes, gd32c10x_it.o(i.HardFault_Handler))
<BR>[Address Reference Count : 1]<UL><LI> startup_gd32c10x.o(RESET)
</UL>
<P><STRONG><a name="[9c]"></a>Led_Init</STRONG> (Thumb, 46 bytes, Stack size 8 bytes, bsp.o(i.Led_Init))
<BR><BR>[Stack]<UL><LI>Max Depth = 28<LI>Call Chain = Led_Init &rArr; gpio_init
</UL>
<BR>[Calls]<UL><LI><a href="#[7a]">&gt;&gt;</a>&nbsp;&nbsp;&nbsp;rcu_periph_clock_enable
<LI><a href="#[7c]">&gt;&gt;</a>&nbsp;&nbsp;&nbsp;gpio_init
<LI><a href="#[9e]">&gt;&gt;</a>&nbsp;&nbsp;&nbsp;gpio_bit_set
<LI><a href="#[9d]">&gt;&gt;</a>&nbsp;&nbsp;&nbsp;gpio_bit_reset
</UL>
<BR>[Called By]<UL><LI><a href="#[6e]">&gt;&gt;</a>&nbsp;&nbsp;&nbsp;main
</UL>

<P><STRONG><a name="[1a]"></a>MemManage_Handler</STRONG> (Thumb, 4 bytes, Stack size 0 bytes, gd32c10x_it.o(i.MemManage_Handler))
<BR>[Address Reference Count : 1]<UL><LI> startup_gd32c10x.o(RESET)
</UL>
<P><STRONG><a name="[18]"></a>NMI_Handler</STRONG> (Thumb, 2 bytes, Stack size 0 bytes, gd32c10x_it.o(i.NMI_Handler))
<BR>[Address Reference Count : 1]<UL><LI> startup_gd32c10x.o(RESET)
</UL>
<P><STRONG><a name="[1f]"></a>PendSV_Handler</STRONG> (Thumb, 2 bytes, Stack size 0 bytes, gd32c10x_it.o(i.PendSV_Handler))
<BR>[Address Reference Count : 1]<UL><LI> startup_gd32c10x.o(RESET)
</UL>
<P><STRONG><a name="[9f]"></a>ReceiveUsbDate</STRONG> (Thumb, 28 bytes, Stack size 16 bytes, cdc_acm_core.o(i.ReceiveUsbDate))
<BR><BR>[Stack]<UL><LI>Max Depth = 60<LI>Call Chain = ReceiveUsbDate &rArr; usbd_ep_recev &rArr; usb_transc_outxfer
</UL>
<BR>[Calls]<UL><LI><a href="#[a0]">&gt;&gt;</a>&nbsp;&nbsp;&nbsp;usbd_ep_recev
</UL>
<BR>[Called By]<UL><LI><a href="#[16]">&gt;&gt;</a>&nbsp;&nbsp;&nbsp;cdc_acm_out
</UL>

<P><STRONG><a name="[1d]"></a>SVC_Handler</STRONG> (Thumb, 2 bytes, Stack size 0 bytes, gd32c10x_it.o(i.SVC_Handler))
<BR>[Address Reference Count : 1]<UL><LI> startup_gd32c10x.o(RESET)
</UL>
<P><STRONG><a name="[20]"></a>SysTick_Handler</STRONG> (Thumb, 2 bytes, Stack size 0 bytes, gd32c10x_it.o(i.SysTick_Handler))
<BR>[Address Reference Count : 1]<UL><LI> startup_gd32c10x.o(RESET)
</UL>
<P><STRONG><a name="[61]"></a>SystemInit</STRONG> (Thumb, 150 bytes, Stack size 8 bytes, system_gd32c10x.o(i.SystemInit))
<BR><BR>[Stack]<UL><LI>Max Depth = 16<LI>Call Chain = SystemInit &rArr; system_clock_config
</UL>
<BR>[Calls]<UL><LI><a href="#[a1]">&gt;&gt;</a>&nbsp;&nbsp;&nbsp;system_clock_config
<LI><a href="#[a2]">&gt;&gt;</a>&nbsp;&nbsp;&nbsp;nvic_vector_table_set
</UL>
<BR>[Called By]<UL><LI><a href="#[4b]">&gt;&gt;</a>&nbsp;&nbsp;&nbsp;USBFS_WKUP_IRQHandler
</UL>
<BR>[Address Reference Count : 1]<UL><LI> startup_gd32c10x.o(.text)
</UL>
<P><STRONG><a name="[a3]"></a>TIM5_config</STRONG> (Thumb, 100 bytes, Stack size 24 bytes, timer.o(i.TIM5_config))
<BR><BR>[Stack]<UL><LI>Max Depth = 48<LI>Call Chain = TIM5_config &rArr; nvic_irq_enable
</UL>
<BR>[Calls]<UL><LI><a href="#[a7]">&gt;&gt;</a>&nbsp;&nbsp;&nbsp;timer_interrupt_flag_clear
<LI><a href="#[a8]">&gt;&gt;</a>&nbsp;&nbsp;&nbsp;timer_interrupt_enable
<LI><a href="#[a6]">&gt;&gt;</a>&nbsp;&nbsp;&nbsp;timer_init
<LI><a href="#[a9]">&gt;&gt;</a>&nbsp;&nbsp;&nbsp;timer_enable
<LI><a href="#[aa]">&gt;&gt;</a>&nbsp;&nbsp;&nbsp;nvic_priority_group_set
<LI><a href="#[8e]">&gt;&gt;</a>&nbsp;&nbsp;&nbsp;nvic_irq_enable
<LI><a href="#[7a]">&gt;&gt;</a>&nbsp;&nbsp;&nbsp;rcu_periph_clock_enable
<LI><a href="#[a5]">&gt;&gt;</a>&nbsp;&nbsp;&nbsp;timer_struct_para_init
<LI><a href="#[a4]">&gt;&gt;</a>&nbsp;&nbsp;&nbsp;timer_deinit
</UL>
<BR>[Called By]<UL><LI><a href="#[6e]">&gt;&gt;</a>&nbsp;&nbsp;&nbsp;main
</UL>

<P><STRONG><a name="[ab]"></a>TIM6_config</STRONG> (Thumb, 100 bytes, Stack size 24 bytes, timer.o(i.TIM6_config))
<BR><BR>[Stack]<UL><LI>Max Depth = 48<LI>Call Chain = TIM6_config &rArr; nvic_irq_enable
</UL>
<BR>[Calls]<UL><LI><a href="#[a7]">&gt;&gt;</a>&nbsp;&nbsp;&nbsp;timer_interrupt_flag_clear
<LI><a href="#[a8]">&gt;&gt;</a>&nbsp;&nbsp;&nbsp;timer_interrupt_enable
<LI><a href="#[a6]">&gt;&gt;</a>&nbsp;&nbsp;&nbsp;timer_init
<LI><a href="#[a9]">&gt;&gt;</a>&nbsp;&nbsp;&nbsp;timer_enable
<LI><a href="#[aa]">&gt;&gt;</a>&nbsp;&nbsp;&nbsp;nvic_priority_group_set
<LI><a href="#[8e]">&gt;&gt;</a>&nbsp;&nbsp;&nbsp;nvic_irq_enable
<LI><a href="#[7a]">&gt;&gt;</a>&nbsp;&nbsp;&nbsp;rcu_periph_clock_enable
<LI><a href="#[a5]">&gt;&gt;</a>&nbsp;&nbsp;&nbsp;timer_struct_para_init
<LI><a href="#[a4]">&gt;&gt;</a>&nbsp;&nbsp;&nbsp;timer_deinit
</UL>
<BR>[Called By]<UL><LI><a href="#[6e]">&gt;&gt;</a>&nbsp;&nbsp;&nbsp;main
</UL>

<P><STRONG><a name="[39]"></a>TIMER0_BRK_TIMER8_IRQHandler</STRONG> (Thumb, 442 bytes, Stack size 32 bytes, gd32c10x_it.o(i.TIMER0_BRK_TIMER8_IRQHandler))
<BR><BR>[Stack]<UL><LI>Max Depth = 32<LI>Call Chain = TIMER0_BRK_TIMER8_IRQHandler
</UL>
<BR>[Calls]<UL><LI><a href="#[9b]">&gt;&gt;</a>&nbsp;&nbsp;&nbsp;timer_counter_value_config
<LI><a href="#[ae]">&gt;&gt;</a>&nbsp;&nbsp;&nbsp;timer_channel_output_polarity_config
<LI><a href="#[ad]">&gt;&gt;</a>&nbsp;&nbsp;&nbsp;timer_channel_capture_value_register_read
<LI><a href="#[98]">&gt;&gt;</a>&nbsp;&nbsp;&nbsp;gpio_input_bit_get
<LI><a href="#[ac]">&gt;&gt;</a>&nbsp;&nbsp;&nbsp;timer_interrupt_flag_get
<LI><a href="#[a7]">&gt;&gt;</a>&nbsp;&nbsp;&nbsp;timer_interrupt_flag_clear
</UL>
<BR>[Address Reference Count : 1]<UL><LI> startup_gd32c10x.o(RESET)
</UL>
<P><STRONG><a name="[3d]"></a>TIMER1_IRQHandler</STRONG> (Thumb, 948 bytes, Stack size 40 bytes, gd32c10x_it.o(i.TIMER1_IRQHandler))
<BR><BR>[Stack]<UL><LI>Max Depth = 40<LI>Call Chain = TIMER1_IRQHandler
</UL>
<BR>[Calls]<UL><LI><a href="#[9b]">&gt;&gt;</a>&nbsp;&nbsp;&nbsp;timer_counter_value_config
<LI><a href="#[ae]">&gt;&gt;</a>&nbsp;&nbsp;&nbsp;timer_channel_output_polarity_config
<LI><a href="#[ad]">&gt;&gt;</a>&nbsp;&nbsp;&nbsp;timer_channel_capture_value_register_read
<LI><a href="#[98]">&gt;&gt;</a>&nbsp;&nbsp;&nbsp;gpio_input_bit_get
<LI><a href="#[ac]">&gt;&gt;</a>&nbsp;&nbsp;&nbsp;timer_interrupt_flag_get
<LI><a href="#[a7]">&gt;&gt;</a>&nbsp;&nbsp;&nbsp;timer_interrupt_flag_clear
</UL>
<BR>[Address Reference Count : 1]<UL><LI> startup_gd32c10x.o(RESET)
</UL>
<P><STRONG><a name="[3e]"></a>TIMER2_IRQHandler</STRONG> (Thumb, 8 bytes, Stack size 8 bytes, gd32c10x_it.o(i.TIMER2_IRQHandler))
<BR><BR>[Stack]<UL><LI>Max Depth = 16<LI>Call Chain = TIMER2_IRQHandler &rArr; usb_timer_irq
</UL>
<BR>[Calls]<UL><LI><a href="#[af]">&gt;&gt;</a>&nbsp;&nbsp;&nbsp;usb_timer_irq
</UL>
<BR>[Address Reference Count : 1]<UL><LI> startup_gd32c10x.o(RESET)
</UL>
<P><STRONG><a name="[55]"></a>TIMER5_IRQHandler</STRONG> (Thumb, 46 bytes, Stack size 8 bytes, gd32c10x_it.o(i.TIMER5_IRQHandler))
<BR><BR>[Stack]<UL><LI>Max Depth = 8<LI>Call Chain = TIMER5_IRQHandler
</UL>
<BR>[Calls]<UL><LI><a href="#[9b]">&gt;&gt;</a>&nbsp;&nbsp;&nbsp;timer_counter_value_config
<LI><a href="#[ac]">&gt;&gt;</a>&nbsp;&nbsp;&nbsp;timer_interrupt_flag_get
<LI><a href="#[a7]">&gt;&gt;</a>&nbsp;&nbsp;&nbsp;timer_interrupt_flag_clear
</UL>
<BR>[Address Reference Count : 1]<UL><LI> startup_gd32c10x.o(RESET)
</UL>
<P><STRONG><a name="[56]"></a>TIMER6_IRQHandler</STRONG> (Thumb, 46 bytes, Stack size 8 bytes, gd32c10x_it.o(i.TIMER6_IRQHandler))
<BR><BR>[Stack]<UL><LI>Max Depth = 8<LI>Call Chain = TIMER6_IRQHandler
</UL>
<BR>[Calls]<UL><LI><a href="#[9b]">&gt;&gt;</a>&nbsp;&nbsp;&nbsp;timer_counter_value_config
<LI><a href="#[ac]">&gt;&gt;</a>&nbsp;&nbsp;&nbsp;timer_interrupt_flag_get
<LI><a href="#[a7]">&gt;&gt;</a>&nbsp;&nbsp;&nbsp;timer_interrupt_flag_clear
</UL>
<BR>[Address Reference Count : 1]<UL><LI> startup_gd32c10x.o(RESET)
</UL>
<P><STRONG><a name="[95]"></a>Time5Delayus</STRONG> (Thumb, 130 bytes, Stack size 24 bytes, timer.o(i.Time5Delayus))
<BR><BR>[Stack]<UL><LI>Max Depth = 24<LI>Call Chain = Time5Delayus
</UL>
<BR>[Calls]<UL><LI><a href="#[9b]">&gt;&gt;</a>&nbsp;&nbsp;&nbsp;timer_counter_value_config
<LI><a href="#[9a]">&gt;&gt;</a>&nbsp;&nbsp;&nbsp;timer_counter_read
</UL>
<BR>[Called By]<UL><LI><a href="#[94]">&gt;&gt;</a>&nbsp;&nbsp;&nbsp;Delay_us
<LI><a href="#[83]">&gt;&gt;</a>&nbsp;&nbsp;&nbsp;Delay_ms
</UL>

<P><STRONG><a name="[47]"></a>USART1_IRQHandler</STRONG> (Thumb, 2 bytes, Stack size 0 bytes, gd32c10x_it.o(i.USART1_IRQHandler))
<BR>[Address Reference Count : 1]<UL><LI> startup_gd32c10x.o(RESET)
</UL>
<P><STRONG><a name="[60]"></a>USBFS_IRQHandler</STRONG> (Thumb, 10 bytes, Stack size 8 bytes, gd32c10x_it.o(i.USBFS_IRQHandler))
<BR><BR>[Stack]<UL><LI>Max Depth = 164<LI>Call Chain = USBFS_IRQHandler &rArr; usbd_isr &rArr; usbd_int_epout &rArr; usbd_setup_transc &rArr; usbd_ctl_send &rArr; usbd_ep_send &rArr; usb_transc_inxfer &rArr; usb_txfifo_write
</UL>
<BR>[Calls]<UL><LI><a href="#[b0]">&gt;&gt;</a>&nbsp;&nbsp;&nbsp;usbd_isr
</UL>
<BR>[Address Reference Count : 1]<UL><LI> startup_gd32c10x.o(RESET)
</UL>
<P><STRONG><a name="[4b]"></a>USBFS_WKUP_IRQHandler</STRONG> (Thumb, 44 bytes, Stack size 8 bytes, gd32c10x_it.o(i.USBFS_WKUP_IRQHandler))
<BR><BR>[Stack]<UL><LI>Max Depth = 24<LI>Call Chain = USBFS_WKUP_IRQHandler &rArr; SystemInit &rArr; system_clock_config
</UL>
<BR>[Calls]<UL><LI><a href="#[b2]">&gt;&gt;</a>&nbsp;&nbsp;&nbsp;usb_clock_active
<LI><a href="#[b1]">&gt;&gt;</a>&nbsp;&nbsp;&nbsp;rcu_usb_clock_config
<LI><a href="#[61]">&gt;&gt;</a>&nbsp;&nbsp;&nbsp;SystemInit
<LI><a href="#[99]">&gt;&gt;</a>&nbsp;&nbsp;&nbsp;exti_interrupt_flag_clear
<LI><a href="#[7a]">&gt;&gt;</a>&nbsp;&nbsp;&nbsp;rcu_periph_clock_enable
</UL>
<BR>[Address Reference Count : 1]<UL><LI> startup_gd32c10x.o(RESET)
</UL>
<P><STRONG><a name="[1c]"></a>UsageFault_Handler</STRONG> (Thumb, 4 bytes, Stack size 0 bytes, gd32c10x_it.o(i.UsageFault_Handler))
<BR>[Address Reference Count : 1]<UL><LI> startup_gd32c10x.o(RESET)
</UL>
<P><STRONG><a name="[84]"></a>adc_calibration_enable</STRONG> (Thumb, 42 bytes, Stack size 0 bytes, gd32c10x_adc.o(i.adc_calibration_enable))
<BR><BR>[Called By]<UL><LI><a href="#[79]">&gt;&gt;</a>&nbsp;&nbsp;&nbsp;Adc_Init
</UL>

<P><STRONG><a name="[7f]"></a>adc_channel_length_config</STRONG> (Thumb, 70 bytes, Stack size 12 bytes, gd32c10x_adc.o(i.adc_channel_length_config))
<BR><BR>[Stack]<UL><LI>Max Depth = 12<LI>Call Chain = adc_channel_length_config
</UL>
<BR>[Called By]<UL><LI><a href="#[79]">&gt;&gt;</a>&nbsp;&nbsp;&nbsp;Adc_Init
</UL>

<P><STRONG><a name="[7e]"></a>adc_data_alignment_config</STRONG> (Thumb, 22 bytes, Stack size 0 bytes, gd32c10x_adc.o(i.adc_data_alignment_config))
<BR><BR>[Called By]<UL><LI><a href="#[79]">&gt;&gt;</a>&nbsp;&nbsp;&nbsp;Adc_Init
</UL>

<P><STRONG><a name="[82]"></a>adc_enable</STRONG> (Thumb, 18 bytes, Stack size 0 bytes, gd32c10x_adc.o(i.adc_enable))
<BR><BR>[Called By]<UL><LI><a href="#[79]">&gt;&gt;</a>&nbsp;&nbsp;&nbsp;Adc_Init
</UL>

<P><STRONG><a name="[81]"></a>adc_external_trigger_config</STRONG> (Thumb, 62 bytes, Stack size 0 bytes, gd32c10x_adc.o(i.adc_external_trigger_config))
<BR><BR>[Called By]<UL><LI><a href="#[79]">&gt;&gt;</a>&nbsp;&nbsp;&nbsp;Adc_Init
</UL>

<P><STRONG><a name="[80]"></a>adc_external_trigger_source_config</STRONG> (Thumb, 48 bytes, Stack size 0 bytes, gd32c10x_adc.o(i.adc_external_trigger_source_config))
<BR><BR>[Called By]<UL><LI><a href="#[79]">&gt;&gt;</a>&nbsp;&nbsp;&nbsp;Adc_Init
</UL>

<P><STRONG><a name="[7d]"></a>adc_mode_config</STRONG> (Thumb, 22 bytes, Stack size 0 bytes, gd32c10x_adc.o(i.adc_mode_config))
<BR><BR>[Called By]<UL><LI><a href="#[79]">&gt;&gt;</a>&nbsp;&nbsp;&nbsp;Adc_Init
</UL>

<P><STRONG><a name="[8b]"></a>can_deinit</STRONG> (Thumb, 46 bytes, Stack size 8 bytes, gd32c10x_can.o(i.can_deinit))
<BR><BR>[Stack]<UL><LI>Max Depth = 8<LI>Call Chain = can_deinit
</UL>
<BR>[Calls]<UL><LI><a href="#[b6]">&gt;&gt;</a>&nbsp;&nbsp;&nbsp;rcu_periph_reset_enable
<LI><a href="#[b7]">&gt;&gt;</a>&nbsp;&nbsp;&nbsp;rcu_periph_reset_disable
</UL>
<BR>[Called By]<UL><LI><a href="#[89]">&gt;&gt;</a>&nbsp;&nbsp;&nbsp;CanFD_config
</UL>

<P><STRONG><a name="[8d]"></a>can_fd_init</STRONG> (Thumb, 244 bytes, Stack size 16 bytes, gd32c10x_can.o(i.can_fd_init))
<BR><BR>[Stack]<UL><LI>Max Depth = 16<LI>Call Chain = can_fd_init
</UL>
<BR>[Called By]<UL><LI><a href="#[89]">&gt;&gt;</a>&nbsp;&nbsp;&nbsp;CanFD_config
</UL>

<P><STRONG><a name="[88]"></a>can_filter_init</STRONG> (Thumb, 262 bytes, Stack size 8 bytes, gd32c10x_can.o(i.can_filter_init))
<BR><BR>[Stack]<UL><LI>Max Depth = 8<LI>Call Chain = can_filter_init
</UL>
<BR>[Called By]<UL><LI><a href="#[86]">&gt;&gt;</a>&nbsp;&nbsp;&nbsp;CAN_setAllfit
</UL>

<P><STRONG><a name="[8a]"></a>can_gpio_config</STRONG> (Thumb, 66 bytes, Stack size 8 bytes, can.o(i.can_gpio_config))
<BR><BR>[Stack]<UL><LI>Max Depth = 28<LI>Call Chain = can_gpio_config &rArr; gpio_pin_remap_config
</UL>
<BR>[Calls]<UL><LI><a href="#[7a]">&gt;&gt;</a>&nbsp;&nbsp;&nbsp;rcu_periph_clock_enable
<LI><a href="#[b8]">&gt;&gt;</a>&nbsp;&nbsp;&nbsp;gpio_pin_remap_config
<LI><a href="#[7c]">&gt;&gt;</a>&nbsp;&nbsp;&nbsp;gpio_init
</UL>
<BR>[Called By]<UL><LI><a href="#[89]">&gt;&gt;</a>&nbsp;&nbsp;&nbsp;CanFD_config
</UL>

<P><STRONG><a name="[8c]"></a>can_init</STRONG> (Thumb, 420 bytes, Stack size 20 bytes, gd32c10x_can.o(i.can_init))
<BR><BR>[Stack]<UL><LI>Max Depth = 20<LI>Call Chain = can_init
</UL>
<BR>[Called By]<UL><LI><a href="#[89]">&gt;&gt;</a>&nbsp;&nbsp;&nbsp;CanFD_config
</UL>

<P><STRONG><a name="[8f]"></a>can_interrupt_enable</STRONG> (Thumb, 8 bytes, Stack size 0 bytes, gd32c10x_can.o(i.can_interrupt_enable))
<BR><BR>[Called By]<UL><LI><a href="#[89]">&gt;&gt;</a>&nbsp;&nbsp;&nbsp;CanFD_config
</UL>

<P><STRONG><a name="[85]"></a>can_message_receive</STRONG> (Thumb, 448 bytes, Stack size 24 bytes, gd32c10x_can.o(i.can_message_receive))
<BR><BR>[Stack]<UL><LI>Max Depth = 24<LI>Call Chain = can_message_receive
</UL>
<BR>[Called By]<UL><LI><a href="#[5d]">&gt;&gt;</a>&nbsp;&nbsp;&nbsp;CAN1_RX0_IRQHandler
<LI><a href="#[35]">&gt;&gt;</a>&nbsp;&nbsp;&nbsp;CAN0_RX0_IRQHandler
</UL>

<P><STRONG><a name="[92]"></a>can_message_transmit</STRONG> (Thumb, 620 bytes, Stack size 28 bytes, gd32c10x_can.o(i.can_message_transmit))
<BR><BR>[Stack]<UL><LI>Max Depth = 28<LI>Call Chain = can_message_transmit
</UL>
<BR>[Called By]<UL><LI><a href="#[90]">&gt;&gt;</a>&nbsp;&nbsp;&nbsp;CanFdSendISO15765Data
</UL>

<P><STRONG><a name="[87]"></a>can_struct_para_init</STRONG> (Thumb, 226 bytes, Stack size 8 bytes, gd32c10x_can.o(i.can_struct_para_init))
<BR><BR>[Stack]<UL><LI>Max Depth = 8<LI>Call Chain = can_struct_para_init
</UL>
<BR>[Called By]<UL><LI><a href="#[90]">&gt;&gt;</a>&nbsp;&nbsp;&nbsp;CanFdSendISO15765Data
<LI><a href="#[89]">&gt;&gt;</a>&nbsp;&nbsp;&nbsp;CanFD_config
<LI><a href="#[86]">&gt;&gt;</a>&nbsp;&nbsp;&nbsp;CAN_setAllfit
</UL>

<P><STRONG><a name="[93]"></a>can_transmit_states</STRONG> (Thumb, 104 bytes, Stack size 12 bytes, gd32c10x_can.o(i.can_transmit_states))
<BR><BR>[Stack]<UL><LI>Max Depth = 12<LI>Call Chain = can_transmit_states
</UL>
<BR>[Called By]<UL><LI><a href="#[90]">&gt;&gt;</a>&nbsp;&nbsp;&nbsp;CanFdSendISO15765Data
</UL>

<P><STRONG><a name="[d1]"></a>cdc_acm_check_ready</STRONG> (Thumb, 34 bytes, Stack size 0 bytes, cdc_acm_core.o(i.cdc_acm_check_ready))
<BR><BR>[Called By]<UL><LI><a href="#[6e]">&gt;&gt;</a>&nbsp;&nbsp;&nbsp;main
</UL>

<P><STRONG><a name="[b9]"></a>cdc_acm_data_receive</STRONG> (Thumb, 28 bytes, Stack size 16 bytes, cdc_acm_core.o(i.cdc_acm_data_receive))
<BR><BR>[Stack]<UL><LI>Max Depth = 60<LI>Call Chain = cdc_acm_data_receive &rArr; usbd_ep_recev &rArr; usb_transc_outxfer
</UL>
<BR>[Calls]<UL><LI><a href="#[a0]">&gt;&gt;</a>&nbsp;&nbsp;&nbsp;usbd_ep_recev
</UL>
<BR>[Called By]<UL><LI><a href="#[6e]">&gt;&gt;</a>&nbsp;&nbsp;&nbsp;main
</UL>

<P><STRONG><a name="[c4]"></a>ctc_clock_limit_value_config</STRONG> (Thumb, 24 bytes, Stack size 0 bytes, gd32c10x_ctc.o(i.ctc_clock_limit_value_config))
<BR><BR>[Called By]<UL><LI><a href="#[be]">&gt;&gt;</a>&nbsp;&nbsp;&nbsp;ctc_config
</UL>

<P><STRONG><a name="[be]"></a>ctc_config</STRONG> (Thumb, 48 bytes, Stack size 8 bytes, gd32c10x_hw.o(i.ctc_config))
<BR><BR>[Stack]<UL><LI>Max Depth = 8<LI>Call Chain = ctc_config
</UL>
<BR>[Calls]<UL><LI><a href="#[c0]">&gt;&gt;</a>&nbsp;&nbsp;&nbsp;ctc_refsource_signal_select
<LI><a href="#[bf]">&gt;&gt;</a>&nbsp;&nbsp;&nbsp;ctc_refsource_prescaler_config
<LI><a href="#[c1]">&gt;&gt;</a>&nbsp;&nbsp;&nbsp;ctc_refsource_polarity_config
<LI><a href="#[c2]">&gt;&gt;</a>&nbsp;&nbsp;&nbsp;ctc_hardware_trim_mode_config
<LI><a href="#[c3]">&gt;&gt;</a>&nbsp;&nbsp;&nbsp;ctc_counter_reload_value_config
<LI><a href="#[c5]">&gt;&gt;</a>&nbsp;&nbsp;&nbsp;ctc_counter_enable
<LI><a href="#[c4]">&gt;&gt;</a>&nbsp;&nbsp;&nbsp;ctc_clock_limit_value_config
</UL>
<BR>[Called By]<UL><LI><a href="#[6e]">&gt;&gt;</a>&nbsp;&nbsp;&nbsp;main
</UL>

<P><STRONG><a name="[c5]"></a>ctc_counter_enable</STRONG> (Thumb, 14 bytes, Stack size 0 bytes, gd32c10x_ctc.o(i.ctc_counter_enable))
<BR><BR>[Called By]<UL><LI><a href="#[be]">&gt;&gt;</a>&nbsp;&nbsp;&nbsp;ctc_config
</UL>

<P><STRONG><a name="[c3]"></a>ctc_counter_reload_value_config</STRONG> (Thumb, 22 bytes, Stack size 0 bytes, gd32c10x_ctc.o(i.ctc_counter_reload_value_config))
<BR><BR>[Called By]<UL><LI><a href="#[be]">&gt;&gt;</a>&nbsp;&nbsp;&nbsp;ctc_config
</UL>

<P><STRONG><a name="[d0]"></a>ctc_flag_get</STRONG> (Thumb, 18 bytes, Stack size 0 bytes, gd32c10x_ctc.o(i.ctc_flag_get))
<BR><BR>[Called By]<UL><LI><a href="#[6e]">&gt;&gt;</a>&nbsp;&nbsp;&nbsp;main
</UL>

<P><STRONG><a name="[c2]"></a>ctc_hardware_trim_mode_config</STRONG> (Thumb, 22 bytes, Stack size 0 bytes, gd32c10x_ctc.o(i.ctc_hardware_trim_mode_config))
<BR><BR>[Called By]<UL><LI><a href="#[be]">&gt;&gt;</a>&nbsp;&nbsp;&nbsp;ctc_config
</UL>

<P><STRONG><a name="[c1]"></a>ctc_refsource_polarity_config</STRONG> (Thumb, 22 bytes, Stack size 0 bytes, gd32c10x_ctc.o(i.ctc_refsource_polarity_config))
<BR><BR>[Called By]<UL><LI><a href="#[be]">&gt;&gt;</a>&nbsp;&nbsp;&nbsp;ctc_config
</UL>

<P><STRONG><a name="[bf]"></a>ctc_refsource_prescaler_config</STRONG> (Thumb, 22 bytes, Stack size 0 bytes, gd32c10x_ctc.o(i.ctc_refsource_prescaler_config))
<BR><BR>[Called By]<UL><LI><a href="#[be]">&gt;&gt;</a>&nbsp;&nbsp;&nbsp;ctc_config
</UL>

<P><STRONG><a name="[c0]"></a>ctc_refsource_signal_select</STRONG> (Thumb, 22 bytes, Stack size 0 bytes, gd32c10x_ctc.o(i.ctc_refsource_signal_select))
<BR><BR>[Called By]<UL><LI><a href="#[be]">&gt;&gt;</a>&nbsp;&nbsp;&nbsp;ctc_config
</UL>

<P><STRONG><a name="[e1]"></a>exti_init</STRONG> (Thumb, 178 bytes, Stack size 8 bytes, gd32c10x_exti.o(i.exti_init))
<BR><BR>[Stack]<UL><LI>Max Depth = 8<LI>Call Chain = exti_init
</UL>
<BR>[Called By]<UL><LI><a href="#[cf]">&gt;&gt;</a>&nbsp;&nbsp;&nbsp;usb_intr_config
</UL>

<P><STRONG><a name="[e2]"></a>exti_interrupt_enable</STRONG> (Thumb, 12 bytes, Stack size 0 bytes, gd32c10x_exti.o(i.exti_interrupt_enable))
<BR><BR>[Called By]<UL><LI><a href="#[cf]">&gt;&gt;</a>&nbsp;&nbsp;&nbsp;usb_intr_config
</UL>

<P><STRONG><a name="[99]"></a>exti_interrupt_flag_clear</STRONG> (Thumb, 6 bytes, Stack size 0 bytes, gd32c10x_exti.o(i.exti_interrupt_flag_clear))
<BR><BR>[Called By]<UL><LI><a href="#[4b]">&gt;&gt;</a>&nbsp;&nbsp;&nbsp;USBFS_WKUP_IRQHandler
<LI><a href="#[49]">&gt;&gt;</a>&nbsp;&nbsp;&nbsp;EXTI10_15_IRQHandler
<LI><a href="#[cf]">&gt;&gt;</a>&nbsp;&nbsp;&nbsp;usb_intr_config
</UL>

<P><STRONG><a name="[96]"></a>exti_interrupt_flag_get</STRONG> (Thumb, 32 bytes, Stack size 0 bytes, gd32c10x_exti.o(i.exti_interrupt_flag_get))
<BR><BR>[Called By]<UL><LI><a href="#[49]">&gt;&gt;</a>&nbsp;&nbsp;&nbsp;EXTI10_15_IRQHandler
</UL>

<P><STRONG><a name="[9d]"></a>gpio_bit_reset</STRONG> (Thumb, 4 bytes, Stack size 0 bytes, gd32c10x_gpio.o(i.gpio_bit_reset))
<BR><BR>[Called By]<UL><LI><a href="#[9c]">&gt;&gt;</a>&nbsp;&nbsp;&nbsp;Led_Init
</UL>

<P><STRONG><a name="[9e]"></a>gpio_bit_set</STRONG> (Thumb, 4 bytes, Stack size 0 bytes, gd32c10x_gpio.o(i.gpio_bit_set))
<BR><BR>[Called By]<UL><LI><a href="#[9c]">&gt;&gt;</a>&nbsp;&nbsp;&nbsp;Led_Init
</UL>

<P><STRONG><a name="[7c]"></a>gpio_init</STRONG> (Thumb, 188 bytes, Stack size 20 bytes, gd32c10x_gpio.o(i.gpio_init))
<BR><BR>[Stack]<UL><LI>Max Depth = 20<LI>Call Chain = gpio_init
</UL>
<BR>[Called By]<UL><LI><a href="#[9c]">&gt;&gt;</a>&nbsp;&nbsp;&nbsp;Led_Init
<LI><a href="#[79]">&gt;&gt;</a>&nbsp;&nbsp;&nbsp;Adc_Init
<LI><a href="#[8a]">&gt;&gt;</a>&nbsp;&nbsp;&nbsp;can_gpio_config
</UL>

<P><STRONG><a name="[98]"></a>gpio_input_bit_get</STRONG> (Thumb, 16 bytes, Stack size 0 bytes, gd32c10x_gpio.o(i.gpio_input_bit_get))
<BR><BR>[Called By]<UL><LI><a href="#[3d]">&gt;&gt;</a>&nbsp;&nbsp;&nbsp;TIMER1_IRQHandler
<LI><a href="#[39]">&gt;&gt;</a>&nbsp;&nbsp;&nbsp;TIMER0_BRK_TIMER8_IRQHandler
<LI><a href="#[49]">&gt;&gt;</a>&nbsp;&nbsp;&nbsp;EXTI10_15_IRQHandler
</UL>

<P><STRONG><a name="[b8]"></a>gpio_pin_remap_config</STRONG> (Thumb, 138 bytes, Stack size 20 bytes, gd32c10x_gpio.o(i.gpio_pin_remap_config))
<BR><BR>[Stack]<UL><LI>Max Depth = 20<LI>Call Chain = gpio_pin_remap_config
</UL>
<BR>[Called By]<UL><LI><a href="#[8a]">&gt;&gt;</a>&nbsp;&nbsp;&nbsp;can_gpio_config
</UL>

<P><STRONG><a name="[d5]"></a>int_to_unicode</STRONG> (Thumb, 60 bytes, Stack size 12 bytes, usbd_enum.o(i.int_to_unicode))
<BR><BR>[Stack]<UL><LI>Max Depth = 12<LI>Call Chain = int_to_unicode
</UL>
<BR>[Called By]<UL><LI><a href="#[d4]">&gt;&gt;</a>&nbsp;&nbsp;&nbsp;serial_string_get
</UL>

<P><STRONG><a name="[6e]"></a>main</STRONG> (Thumb, 252 bytes, Stack size 112 bytes, app.o(i.main))
<BR><BR>[Stack]<UL><LI>Max Depth = 352<LI>Call Chain = main &rArr; usbd_init &rArr; usb_basic_init &rArr; __aeabi_memcpy4
</UL>
<BR>[Calls]<UL><LI><a href="#[ce]">&gt;&gt;</a>&nbsp;&nbsp;&nbsp;usbd_init
<LI><a href="#[cd]">&gt;&gt;</a>&nbsp;&nbsp;&nbsp;usb_timer_init
<LI><a href="#[cc]">&gt;&gt;</a>&nbsp;&nbsp;&nbsp;usb_rcu_config
<LI><a href="#[cf]">&gt;&gt;</a>&nbsp;&nbsp;&nbsp;usb_intr_config
<LI><a href="#[7a]">&gt;&gt;</a>&nbsp;&nbsp;&nbsp;rcu_periph_clock_enable
<LI><a href="#[d0]">&gt;&gt;</a>&nbsp;&nbsp;&nbsp;ctc_flag_get
<LI><a href="#[be]">&gt;&gt;</a>&nbsp;&nbsp;&nbsp;ctc_config
<LI><a href="#[b9]">&gt;&gt;</a>&nbsp;&nbsp;&nbsp;cdc_acm_data_receive
<LI><a href="#[d1]">&gt;&gt;</a>&nbsp;&nbsp;&nbsp;cdc_acm_check_ready
<LI><a href="#[ab]">&gt;&gt;</a>&nbsp;&nbsp;&nbsp;TIM6_config
<LI><a href="#[a3]">&gt;&gt;</a>&nbsp;&nbsp;&nbsp;TIM5_config
<LI><a href="#[9c]">&gt;&gt;</a>&nbsp;&nbsp;&nbsp;Led_Init
<LI><a href="#[94]">&gt;&gt;</a>&nbsp;&nbsp;&nbsp;Delay_us
<LI><a href="#[83]">&gt;&gt;</a>&nbsp;&nbsp;&nbsp;Delay_ms
<LI><a href="#[90]">&gt;&gt;</a>&nbsp;&nbsp;&nbsp;CanFdSendISO15765Data
<LI><a href="#[89]">&gt;&gt;</a>&nbsp;&nbsp;&nbsp;CanFD_config
<LI><a href="#[86]">&gt;&gt;</a>&nbsp;&nbsp;&nbsp;CAN_setAllfit
<LI><a href="#[79]">&gt;&gt;</a>&nbsp;&nbsp;&nbsp;Adc_Init
<LI><a href="#[cb]">&gt;&gt;</a>&nbsp;&nbsp;&nbsp;__aeabi_memclr4
</UL>
<BR>[Called By]<UL><LI><a href="#[6d]">&gt;&gt;</a>&nbsp;&nbsp;&nbsp;__rt_entry_main
</UL>

<P><STRONG><a name="[8e]"></a>nvic_irq_enable</STRONG> (Thumb, 162 bytes, Stack size 24 bytes, gd32c10x_misc.o(i.nvic_irq_enable))
<BR><BR>[Stack]<UL><LI>Max Depth = 24<LI>Call Chain = nvic_irq_enable
</UL>
<BR>[Calls]<UL><LI><a href="#[aa]">&gt;&gt;</a>&nbsp;&nbsp;&nbsp;nvic_priority_group_set
</UL>
<BR>[Called By]<UL><LI><a href="#[cd]">&gt;&gt;</a>&nbsp;&nbsp;&nbsp;usb_timer_init
<LI><a href="#[cf]">&gt;&gt;</a>&nbsp;&nbsp;&nbsp;usb_intr_config
<LI><a href="#[ab]">&gt;&gt;</a>&nbsp;&nbsp;&nbsp;TIM6_config
<LI><a href="#[a3]">&gt;&gt;</a>&nbsp;&nbsp;&nbsp;TIM5_config
<LI><a href="#[89]">&gt;&gt;</a>&nbsp;&nbsp;&nbsp;CanFD_config
</UL>

<P><STRONG><a name="[aa]"></a>nvic_priority_group_set</STRONG> (Thumb, 10 bytes, Stack size 0 bytes, gd32c10x_misc.o(i.nvic_priority_group_set))
<BR><BR>[Called By]<UL><LI><a href="#[8e]">&gt;&gt;</a>&nbsp;&nbsp;&nbsp;nvic_irq_enable
<LI><a href="#[cd]">&gt;&gt;</a>&nbsp;&nbsp;&nbsp;usb_timer_init
<LI><a href="#[cf]">&gt;&gt;</a>&nbsp;&nbsp;&nbsp;usb_intr_config
<LI><a href="#[ab]">&gt;&gt;</a>&nbsp;&nbsp;&nbsp;TIM6_config
<LI><a href="#[a3]">&gt;&gt;</a>&nbsp;&nbsp;&nbsp;TIM5_config
</UL>

<P><STRONG><a name="[a2]"></a>nvic_vector_table_set</STRONG> (Thumb, 16 bytes, Stack size 0 bytes, gd32c10x_misc.o(i.nvic_vector_table_set))
<BR><BR>[Called By]<UL><LI><a href="#[61]">&gt;&gt;</a>&nbsp;&nbsp;&nbsp;SystemInit
<LI><a href="#[cd]">&gt;&gt;</a>&nbsp;&nbsp;&nbsp;usb_timer_init
</UL>

<P><STRONG><a name="[101]"></a>pmu_to_deepsleepmode</STRONG> (Thumb, 170 bytes, Stack size 0 bytes, gd32c10x_pmu.o(i.pmu_to_deepsleepmode))
<BR><BR>[Called By]<UL><LI><a href="#[100]">&gt;&gt;</a>&nbsp;&nbsp;&nbsp;usbd_int_suspend
</UL>

<P><STRONG><a name="[7b]"></a>rcu_adc_clock_config</STRONG> (Thumb, 98 bytes, Stack size 0 bytes, gd32c10x_rcu.o(i.rcu_adc_clock_config))
<BR><BR>[Called By]<UL><LI><a href="#[79]">&gt;&gt;</a>&nbsp;&nbsp;&nbsp;Adc_Init
</UL>

<P><STRONG><a name="[e5]"></a>rcu_ck48m_clock_config</STRONG> (Thumb, 22 bytes, Stack size 0 bytes, gd32c10x_rcu.o(i.rcu_ck48m_clock_config))
<BR><BR>[Called By]<UL><LI><a href="#[cc]">&gt;&gt;</a>&nbsp;&nbsp;&nbsp;usb_rcu_config
</UL>

<P><STRONG><a name="[e3]"></a>rcu_clock_freq_get</STRONG> (Thumb, 352 bytes, Stack size 96 bytes, gd32c10x_rcu.o(i.rcu_clock_freq_get))
<BR><BR>[Stack]<UL><LI>Max Depth = 96<LI>Call Chain = rcu_clock_freq_get
</UL>
<BR>[Called By]<UL><LI><a href="#[cc]">&gt;&gt;</a>&nbsp;&nbsp;&nbsp;usb_rcu_config
</UL>

<P><STRONG><a name="[d3]"></a>rcu_flag_get</STRONG> (Thumb, 30 bytes, Stack size 0 bytes, gd32c10x_rcu.o(i.rcu_flag_get))
<BR><BR>[Called By]<UL><LI><a href="#[d2]">&gt;&gt;</a>&nbsp;&nbsp;&nbsp;rcu_osci_stab_wait
</UL>

<P><STRONG><a name="[e4]"></a>rcu_osci_on</STRONG> (Thumb, 28 bytes, Stack size 0 bytes, gd32c10x_rcu.o(i.rcu_osci_on))
<BR><BR>[Called By]<UL><LI><a href="#[cc]">&gt;&gt;</a>&nbsp;&nbsp;&nbsp;usb_rcu_config
</UL>

<P><STRONG><a name="[d2]"></a>rcu_osci_stab_wait</STRONG> (Thumb, 342 bytes, Stack size 20 bytes, gd32c10x_rcu.o(i.rcu_osci_stab_wait))
<BR><BR>[Stack]<UL><LI>Max Depth = 20<LI>Call Chain = rcu_osci_stab_wait
</UL>
<BR>[Calls]<UL><LI><a href="#[d3]">&gt;&gt;</a>&nbsp;&nbsp;&nbsp;rcu_flag_get
</UL>
<BR>[Called By]<UL><LI><a href="#[cc]">&gt;&gt;</a>&nbsp;&nbsp;&nbsp;usb_rcu_config
</UL>

<P><STRONG><a name="[7a]"></a>rcu_periph_clock_enable</STRONG> (Thumb, 28 bytes, Stack size 0 bytes, gd32c10x_rcu.o(i.rcu_periph_clock_enable))
<BR><BR>[Called By]<UL><LI><a href="#[4b]">&gt;&gt;</a>&nbsp;&nbsp;&nbsp;USBFS_WKUP_IRQHandler
<LI><a href="#[cd]">&gt;&gt;</a>&nbsp;&nbsp;&nbsp;usb_timer_init
<LI><a href="#[cc]">&gt;&gt;</a>&nbsp;&nbsp;&nbsp;usb_rcu_config
<LI><a href="#[cf]">&gt;&gt;</a>&nbsp;&nbsp;&nbsp;usb_intr_config
<LI><a href="#[ab]">&gt;&gt;</a>&nbsp;&nbsp;&nbsp;TIM6_config
<LI><a href="#[a3]">&gt;&gt;</a>&nbsp;&nbsp;&nbsp;TIM5_config
<LI><a href="#[9c]">&gt;&gt;</a>&nbsp;&nbsp;&nbsp;Led_Init
<LI><a href="#[79]">&gt;&gt;</a>&nbsp;&nbsp;&nbsp;Adc_Init
<LI><a href="#[6e]">&gt;&gt;</a>&nbsp;&nbsp;&nbsp;main
<LI><a href="#[8a]">&gt;&gt;</a>&nbsp;&nbsp;&nbsp;can_gpio_config
</UL>

<P><STRONG><a name="[b7]"></a>rcu_periph_reset_disable</STRONG> (Thumb, 28 bytes, Stack size 0 bytes, gd32c10x_rcu.o(i.rcu_periph_reset_disable))
<BR><BR>[Called By]<UL><LI><a href="#[8b]">&gt;&gt;</a>&nbsp;&nbsp;&nbsp;can_deinit
<LI><a href="#[a4]">&gt;&gt;</a>&nbsp;&nbsp;&nbsp;timer_deinit
</UL>

<P><STRONG><a name="[b6]"></a>rcu_periph_reset_enable</STRONG> (Thumb, 28 bytes, Stack size 0 bytes, gd32c10x_rcu.o(i.rcu_periph_reset_enable))
<BR><BR>[Called By]<UL><LI><a href="#[8b]">&gt;&gt;</a>&nbsp;&nbsp;&nbsp;can_deinit
<LI><a href="#[a4]">&gt;&gt;</a>&nbsp;&nbsp;&nbsp;timer_deinit
</UL>

<P><STRONG><a name="[b1]"></a>rcu_usb_clock_config</STRONG> (Thumb, 18 bytes, Stack size 0 bytes, gd32c10x_rcu.o(i.rcu_usb_clock_config))
<BR><BR>[Called By]<UL><LI><a href="#[4b]">&gt;&gt;</a>&nbsp;&nbsp;&nbsp;USBFS_WKUP_IRQHandler
</UL>

<P><STRONG><a name="[d4]"></a>serial_string_get</STRONG> (Thumb, 66 bytes, Stack size 20 bytes, usbd_enum.o(i.serial_string_get))
<BR><BR>[Stack]<UL><LI>Max Depth = 32<LI>Call Chain = serial_string_get &rArr; int_to_unicode
</UL>
<BR>[Calls]<UL><LI><a href="#[d5]">&gt;&gt;</a>&nbsp;&nbsp;&nbsp;int_to_unicode
</UL>
<BR>[Called By]<UL><LI><a href="#[ce]">&gt;&gt;</a>&nbsp;&nbsp;&nbsp;usbd_init
</UL>

<P><STRONG><a name="[ca]"></a>timer_auto_reload_shadow_enable</STRONG> (Thumb, 10 bytes, Stack size 0 bytes, gd32c10x_timer.o(i.timer_auto_reload_shadow_enable))
<BR><BR>[Called By]<UL><LI><a href="#[c7]">&gt;&gt;</a>&nbsp;&nbsp;&nbsp;hw_time_set
</UL>

<P><STRONG><a name="[ad]"></a>timer_channel_capture_value_register_read</STRONG> (Thumb, 42 bytes, Stack size 0 bytes, gd32c10x_timer.o(i.timer_channel_capture_value_register_read))
<BR><BR>[Called By]<UL><LI><a href="#[3d]">&gt;&gt;</a>&nbsp;&nbsp;&nbsp;TIMER1_IRQHandler
<LI><a href="#[39]">&gt;&gt;</a>&nbsp;&nbsp;&nbsp;TIMER0_BRK_TIMER8_IRQHandler
</UL>

<P><STRONG><a name="[ae]"></a>timer_channel_output_polarity_config</STRONG> (Thumb, 92 bytes, Stack size 0 bytes, gd32c10x_timer.o(i.timer_channel_output_polarity_config))
<BR><BR>[Called By]<UL><LI><a href="#[3d]">&gt;&gt;</a>&nbsp;&nbsp;&nbsp;TIMER1_IRQHandler
<LI><a href="#[39]">&gt;&gt;</a>&nbsp;&nbsp;&nbsp;TIMER0_BRK_TIMER8_IRQHandler
</UL>

<P><STRONG><a name="[9a]"></a>timer_counter_read</STRONG> (Thumb, 8 bytes, Stack size 0 bytes, gd32c10x_timer.o(i.timer_counter_read))
<BR><BR>[Called By]<UL><LI><a href="#[97]">&gt;&gt;</a>&nbsp;&nbsp;&nbsp;GetTimer6Cnt
<LI><a href="#[95]">&gt;&gt;</a>&nbsp;&nbsp;&nbsp;Time5Delayus
</UL>

<P><STRONG><a name="[9b]"></a>timer_counter_value_config</STRONG> (Thumb, 4 bytes, Stack size 0 bytes, gd32c10x_timer.o(i.timer_counter_value_config))
<BR><BR>[Called By]<UL><LI><a href="#[97]">&gt;&gt;</a>&nbsp;&nbsp;&nbsp;GetTimer6Cnt
<LI><a href="#[56]">&gt;&gt;</a>&nbsp;&nbsp;&nbsp;TIMER6_IRQHandler
<LI><a href="#[55]">&gt;&gt;</a>&nbsp;&nbsp;&nbsp;TIMER5_IRQHandler
<LI><a href="#[3d]">&gt;&gt;</a>&nbsp;&nbsp;&nbsp;TIMER1_IRQHandler
<LI><a href="#[39]">&gt;&gt;</a>&nbsp;&nbsp;&nbsp;TIMER0_BRK_TIMER8_IRQHandler
<LI><a href="#[95]">&gt;&gt;</a>&nbsp;&nbsp;&nbsp;Time5Delayus
</UL>

<P><STRONG><a name="[a4]"></a>timer_deinit</STRONG> (Thumb, 374 bytes, Stack size 8 bytes, gd32c10x_timer.o(i.timer_deinit))
<BR><BR>[Stack]<UL><LI>Max Depth = 8<LI>Call Chain = timer_deinit
</UL>
<BR>[Calls]<UL><LI><a href="#[b6]">&gt;&gt;</a>&nbsp;&nbsp;&nbsp;rcu_periph_reset_enable
<LI><a href="#[b7]">&gt;&gt;</a>&nbsp;&nbsp;&nbsp;rcu_periph_reset_disable
</UL>
<BR>[Called By]<UL><LI><a href="#[ab]">&gt;&gt;</a>&nbsp;&nbsp;&nbsp;TIM6_config
<LI><a href="#[a3]">&gt;&gt;</a>&nbsp;&nbsp;&nbsp;TIM5_config
</UL>

<P><STRONG><a name="[c8]"></a>timer_disable</STRONG> (Thumb, 10 bytes, Stack size 0 bytes, gd32c10x_timer.o(i.timer_disable))
<BR><BR>[Called By]<UL><LI><a href="#[af]">&gt;&gt;</a>&nbsp;&nbsp;&nbsp;usb_timer_irq
<LI><a href="#[c7]">&gt;&gt;</a>&nbsp;&nbsp;&nbsp;hw_time_set
<LI><a href="#[c6]">&gt;&gt;</a>&nbsp;&nbsp;&nbsp;hw_delay
</UL>

<P><STRONG><a name="[a9]"></a>timer_enable</STRONG> (Thumb, 10 bytes, Stack size 0 bytes, gd32c10x_timer.o(i.timer_enable))
<BR><BR>[Called By]<UL><LI><a href="#[c7]">&gt;&gt;</a>&nbsp;&nbsp;&nbsp;hw_time_set
<LI><a href="#[ab]">&gt;&gt;</a>&nbsp;&nbsp;&nbsp;TIM6_config
<LI><a href="#[a3]">&gt;&gt;</a>&nbsp;&nbsp;&nbsp;TIM5_config
</UL>

<P><STRONG><a name="[a6]"></a>timer_init</STRONG> (Thumb, 134 bytes, Stack size 0 bytes, gd32c10x_timer.o(i.timer_init))
<BR><BR>[Called By]<UL><LI><a href="#[c7]">&gt;&gt;</a>&nbsp;&nbsp;&nbsp;hw_time_set
<LI><a href="#[ab]">&gt;&gt;</a>&nbsp;&nbsp;&nbsp;TIM6_config
<LI><a href="#[a3]">&gt;&gt;</a>&nbsp;&nbsp;&nbsp;TIM5_config
</UL>

<P><STRONG><a name="[c9]"></a>timer_interrupt_disable</STRONG> (Thumb, 8 bytes, Stack size 0 bytes, gd32c10x_timer.o(i.timer_interrupt_disable))
<BR><BR>[Called By]<UL><LI><a href="#[c7]">&gt;&gt;</a>&nbsp;&nbsp;&nbsp;hw_time_set
</UL>

<P><STRONG><a name="[a8]"></a>timer_interrupt_enable</STRONG> (Thumb, 8 bytes, Stack size 0 bytes, gd32c10x_timer.o(i.timer_interrupt_enable))
<BR><BR>[Called By]<UL><LI><a href="#[c7]">&gt;&gt;</a>&nbsp;&nbsp;&nbsp;hw_time_set
<LI><a href="#[ab]">&gt;&gt;</a>&nbsp;&nbsp;&nbsp;TIM6_config
<LI><a href="#[a3]">&gt;&gt;</a>&nbsp;&nbsp;&nbsp;TIM5_config
</UL>

<P><STRONG><a name="[a7]"></a>timer_interrupt_flag_clear</STRONG> (Thumb, 6 bytes, Stack size 0 bytes, gd32c10x_timer.o(i.timer_interrupt_flag_clear))
<BR><BR>[Called By]<UL><LI><a href="#[56]">&gt;&gt;</a>&nbsp;&nbsp;&nbsp;TIMER6_IRQHandler
<LI><a href="#[55]">&gt;&gt;</a>&nbsp;&nbsp;&nbsp;TIMER5_IRQHandler
<LI><a href="#[3d]">&gt;&gt;</a>&nbsp;&nbsp;&nbsp;TIMER1_IRQHandler
<LI><a href="#[39]">&gt;&gt;</a>&nbsp;&nbsp;&nbsp;TIMER0_BRK_TIMER8_IRQHandler
<LI><a href="#[af]">&gt;&gt;</a>&nbsp;&nbsp;&nbsp;usb_timer_irq
<LI><a href="#[c7]">&gt;&gt;</a>&nbsp;&nbsp;&nbsp;hw_time_set
<LI><a href="#[ab]">&gt;&gt;</a>&nbsp;&nbsp;&nbsp;TIM6_config
<LI><a href="#[a3]">&gt;&gt;</a>&nbsp;&nbsp;&nbsp;TIM5_config
</UL>

<P><STRONG><a name="[ac]"></a>timer_interrupt_flag_get</STRONG> (Thumb, 24 bytes, Stack size 0 bytes, gd32c10x_timer.o(i.timer_interrupt_flag_get))
<BR><BR>[Called By]<UL><LI><a href="#[56]">&gt;&gt;</a>&nbsp;&nbsp;&nbsp;TIMER6_IRQHandler
<LI><a href="#[55]">&gt;&gt;</a>&nbsp;&nbsp;&nbsp;TIMER5_IRQHandler
<LI><a href="#[3d]">&gt;&gt;</a>&nbsp;&nbsp;&nbsp;TIMER1_IRQHandler
<LI><a href="#[39]">&gt;&gt;</a>&nbsp;&nbsp;&nbsp;TIMER0_BRK_TIMER8_IRQHandler
<LI><a href="#[af]">&gt;&gt;</a>&nbsp;&nbsp;&nbsp;usb_timer_irq
</UL>

<P><STRONG><a name="[a5]"></a>timer_struct_para_init</STRONG> (Thumb, 22 bytes, Stack size 0 bytes, gd32c10x_timer.o(i.timer_struct_para_init))
<BR><BR>[Called By]<UL><LI><a href="#[ab]">&gt;&gt;</a>&nbsp;&nbsp;&nbsp;TIM6_config
<LI><a href="#[a3]">&gt;&gt;</a>&nbsp;&nbsp;&nbsp;TIM5_config
</UL>

<P><STRONG><a name="[d7]"></a>usb_basic_init</STRONG> (Thumb, 218 bytes, Stack size 208 bytes, drv_usb_core.o(i.usb_basic_init))
<BR><BR>[Stack]<UL><LI>Max Depth = 216<LI>Call Chain = usb_basic_init &rArr; __aeabi_memcpy4
</UL>
<BR>[Calls]<UL><LI><a href="#[cb]">&gt;&gt;</a>&nbsp;&nbsp;&nbsp;__aeabi_memclr4
<LI><a href="#[75]">&gt;&gt;</a>&nbsp;&nbsp;&nbsp;__aeabi_memcpy4
</UL>
<BR>[Called By]<UL><LI><a href="#[ce]">&gt;&gt;</a>&nbsp;&nbsp;&nbsp;usbd_init
</UL>

<P><STRONG><a name="[b2]"></a>usb_clock_active</STRONG> (Thumb, 32 bytes, Stack size 0 bytes, drv_usb_dev.o(i.usb_clock_active))
<BR><BR>[Called By]<UL><LI><a href="#[4b]">&gt;&gt;</a>&nbsp;&nbsp;&nbsp;USBFS_WKUP_IRQHandler
</UL>

<P><STRONG><a name="[d8]"></a>usb_core_init</STRONG> (Thumb, 178 bytes, Stack size 24 bytes, drv_usb_core.o(i.usb_core_init))
<BR><BR>[Stack]<UL><LI>Max Depth = 80<LI>Call Chain = usb_core_init &rArr; usb_core_reset &rArr; usb_udelay &rArr; hw_delay &rArr; hw_time_set
</UL>
<BR>[Calls]<UL><LI><a href="#[da]">&gt;&gt;</a>&nbsp;&nbsp;&nbsp;usb_mdelay
<LI><a href="#[d9]">&gt;&gt;</a>&nbsp;&nbsp;&nbsp;usb_core_reset
</UL>
<BR>[Called By]<UL><LI><a href="#[ce]">&gt;&gt;</a>&nbsp;&nbsp;&nbsp;usbd_init
</UL>

<P><STRONG><a name="[ec]"></a>usb_ctlep_startout</STRONG> (Thumb, 34 bytes, Stack size 0 bytes, drv_usb_dev.o(i.usb_ctlep_startout))
<BR><BR>[Called By]<UL><LI><a href="#[ed]">&gt;&gt;</a>&nbsp;&nbsp;&nbsp;usbd_ctl_status_send
<LI><a href="#[eb]">&gt;&gt;</a>&nbsp;&nbsp;&nbsp;usbd_ctl_status_recev
<LI><a href="#[f0]">&gt;&gt;</a>&nbsp;&nbsp;&nbsp;usbd_enum_error
<LI><a href="#[fd]">&gt;&gt;</a>&nbsp;&nbsp;&nbsp;usbd_int_reset
<LI><a href="#[fa]">&gt;&gt;</a>&nbsp;&nbsp;&nbsp;usbd_int_epout
<LI><a href="#[f8]">&gt;&gt;</a>&nbsp;&nbsp;&nbsp;usbd_int_epin
</UL>

<P><STRONG><a name="[f7]"></a>usb_curmode_set</STRONG> (Thumb, 46 bytes, Stack size 0 bytes, drv_usb_core.o(i.usb_curmode_set))
<BR><BR>[Called By]<UL><LI><a href="#[ce]">&gt;&gt;</a>&nbsp;&nbsp;&nbsp;usbd_init
</UL>

<P><STRONG><a name="[dc]"></a>usb_devcore_init</STRONG> (Thumb, 330 bytes, Stack size 16 bytes, drv_usb_dev.o(i.usb_devcore_init))
<BR><BR>[Stack]<UL><LI>Max Depth = 80<LI>Call Chain = usb_devcore_init &rArr; usb_txfifo_flush &rArr; usb_udelay &rArr; hw_delay &rArr; hw_time_set
</UL>
<BR>[Calls]<UL><LI><a href="#[e0]">&gt;&gt;</a>&nbsp;&nbsp;&nbsp;usb_devint_enable
[...]
</UL>
<BR>[Calls]<UL><LI><a href="#[f1]">&gt;&gt;</a>&nbsp;&nbsp;&nbsp;usb_transc_deactivate
</UL>
<BR>[Called By]<UL><LI><a href="#[12]">&gt;&gt;</a>&nbsp;&nbsp;&nbsp;cdc_acm_deinit
</UL>

<P><STRONG><a name="[a0]"></a>usbd_ep_recev</STRONG> (Thumb, 60 bytes, Stack size 24 bytes, usbd_core.o(i.usbd_ep_recev))
<BR><BR>[Stack]<UL><LI>Max Depth = 44<LI>Call Chain = usbd_ep_recev &rArr; usb_transc_outxfer
</UL>
<BR>[Calls]<UL><LI><a href="#[f2]">&gt;&gt;</a>&nbsp;&nbsp;&nbsp;usb_transc_outxfer
</UL>
<BR>[Called By]<UL><LI><a href="#[b9]">&gt;&gt;</a>&nbsp;&nbsp;&nbsp;cdc_acm_data_receive
<LI><a href="#[9f]">&gt;&gt;</a>&nbsp;&nbsp;&nbsp;ReceiveUsbDate
<LI><a href="#[eb]">&gt;&gt;</a>&nbsp;&nbsp;&nbsp;usbd_ctl_status_recev
<LI><a href="#[e9]">&gt;&gt;</a>&nbsp;&nbsp;&nbsp;usbd_ctl_recev
</UL>

<P><STRONG><a name="[bb]"></a>usbd_ep_send</STRONG> (Thumb, 60 bytes, Stack size 24 bytes, usbd_core.o(i.usbd_ep_send))
<BR><BR>[Stack]<UL><LI>Max Depth = 76<LI>Call Chain = usbd_ep_send &rArr; usb_transc_inxfer &rArr; usb_txfifo_write
</UL>
<BR>[Calls]<UL><LI><a href="#[e6]">&gt;&gt;</a>&nbsp;&nbsp;&nbsp;usb_transc_inxfer
</UL>
<BR>[Called By]<UL><LI><a href="#[15]">&gt;&gt;</a>&nbsp;&nbsp;&nbsp;cdc_acm_in
<LI><a href="#[ed]">&gt;&gt;</a>&nbsp;&nbsp;&nbsp;usbd_ctl_status_send
<LI><a href="#[ea]">&gt;&gt;</a>&nbsp;&nbsp;&nbsp;usbd_ctl_send
<LI><a href="#[f6]">&gt;&gt;</a>&nbsp;&nbsp;&nbsp;usbd_in_transc
</UL>

<P><STRONG><a name="[bc]"></a>usbd_ep_setup</STRONG> (Thumb, 106 bytes, Stack size 24 bytes, usbd_core.o(i.usbd_ep_setup))
<BR><BR>[Stack]<UL><LI>Max Depth = 44<LI>Call Chain = usbd_ep_setup &rArr; usb_transc_active
</UL>
<BR>[Calls]<UL><LI><a href="#[f3]">&gt;&gt;</a>&nbsp;&nbsp;&nbsp;usb_transc_active
</UL>
<BR>[Called By]<UL><LI><a href="#[11]">&gt;&gt;</a>&nbsp;&nbsp;&nbsp;cdc_acm_init
</UL>

<P><STRONG><a name="[b5]"></a>usbd_ep_stall</STRONG> (Thumb, 58 bytes, Stack size 16 bytes, usbd_core.o(i.usbd_ep_stall))
<BR><BR>[Stack]<UL><LI>Max Depth = 24<LI>Call Chain = usbd_ep_stall &rArr; usb_transc_stall
</UL>
<BR>[Calls]<UL><LI><a href="#[f4]">&gt;&gt;</a>&nbsp;&nbsp;&nbsp;usb_transc_stall
</UL>
<BR>[Called By]<UL><LI><a href="#[f0]">&gt;&gt;</a>&nbsp;&nbsp;&nbsp;usbd_enum_error
<LI><a href="#[5]">&gt;&gt;</a>&nbsp;&nbsp;&nbsp;_usb_std_setfeature
</UL>

<P><STRONG><a name="[b3]"></a>usbd_ep_stall_clear</STRONG> (Thumb, 58 bytes, Stack size 16 bytes, usbd_core.o(i.usbd_ep_stall_clear))
<BR><BR>[Stack]<UL><LI>Max Depth = 24<LI>Call Chain = usbd_ep_stall_clear &rArr; usb_transc_clrstall
</UL>
<BR>[Calls]<UL><LI><a href="#[f5]">&gt;&gt;</a>&nbsp;&nbsp;&nbsp;usb_transc_clrstall
</UL>
<BR>[Called By]<UL><LI><a href="#[3]">&gt;&gt;</a>&nbsp;&nbsp;&nbsp;_usb_std_clearfeature
</UL>

<P><STRONG><a name="[f6]"></a>usbd_in_transc</STRONG> (Thumb, 160 bytes, Stack size 16 bytes, usbd_transc.o(i.usbd_in_transc))
<BR><BR>[Stack]<UL><LI>Max Depth = 108<LI>Call Chain = usbd_in_transc &rArr; usbd_ctl_send &rArr; usbd_ep_send &rArr; usb_transc_inxfer &rArr; usb_txfifo_write
</UL>
<BR>[Calls]<UL><LI><a href="#[eb]">&gt;&gt;</a>&nbsp;&nbsp;&nbsp;usbd_ctl_status_recev
<LI><a href="#[ea]">&gt;&gt;</a>&nbsp;&nbsp;&nbsp;usbd_ctl_send
<LI><a href="#[bb]">&gt;&gt;</a>&nbsp;&nbsp;&nbsp;usbd_ep_send
</UL>
<BR>[Called By]<UL><LI><a href="#[f8]">&gt;&gt;</a>&nbsp;&nbsp;&nbsp;usbd_int_epin
</UL>

<P><STRONG><a name="[ce]"></a>usbd_init</STRONG> (Thumb, 124 bytes, Stack size 24 bytes, usbd_core.o(i.usbd_init))
<BR><BR>[Stack]<UL><LI>Max Depth = 240<LI>Call Chain = usbd_init &rArr; usb_basic_init &rArr; __aeabi_memcpy4
</UL>
<BR>[Calls]<UL><LI><a href="#[d4]">&gt;&gt;</a>&nbsp;&nbsp;&nbsp;serial_string_get
<LI><a href="#[ee]">&gt;&gt;</a>&nbsp;&nbsp;&nbsp;usbd_disconnect
<LI><a href="#[e8]">&gt;&gt;</a>&nbsp;&nbsp;&nbsp;usbd_connect
<LI><a href="#[dc]">&gt;&gt;</a>&nbsp;&nbsp;&nbsp;usb_devcore_init
<LI><a href="#[f7]">&gt;&gt;</a>&nbsp;&nbsp;&nbsp;usb_curmode_set
<LI><a href="#[d8]">&gt;&gt;</a>&nbsp;&nbsp;&nbsp;usb_core_init
<LI><a href="#[d7]">&gt;&gt;</a>&nbsp;&nbsp;&nbsp;usb_basic_init
</UL>
<BR>[Called By]<UL><LI><a href="#[6e]">&gt;&gt;</a>&nbsp;&nbsp;&nbsp;main
</UL>

<P><STRONG><a name="[b0]"></a>usbd_isr</STRONG> (Thumb, 222 bytes, Stack size 16 bytes, drv_usbd_int.o(i.usbd_isr))
<BR><BR>[Stack]<UL><LI>Max Depth = 156<LI>Call Chain = usbd_isr &rArr; usbd_int_epout &rArr; usbd_setup_transc &rArr; usbd_ctl_send &rArr; usbd_ep_send &rArr; usb_transc_inxfer &rArr; usb_txfifo_write
</UL>
<BR>[Calls]<UL><LI><a href="#[100]">&gt;&gt;</a>&nbsp;&nbsp;&nbsp;usbd_int_suspend
<LI><a href="#[fe]">&gt;&gt;</a>&nbsp;&nbsp;&nbsp;usbd_int_rxfifo
<LI><a href="#[fd]">&gt;&gt;</a>&nbsp;&nbsp;&nbsp;usbd_int_reset
<LI><a href="#[fa]">&gt;&gt;</a>&nbsp;&nbsp;&nbsp;usbd_int_epout
<LI><a href="#[f8]">&gt;&gt;</a>&nbsp;&nbsp;&nbsp;usbd_int_epin
<LI><a href="#[102]">&gt;&gt;</a>&nbsp;&nbsp;&nbsp;usbd_int_enumfinish
</UL>
<BR>[Called By]<UL><LI><a href="#[60]">&gt;&gt;</a>&nbsp;&nbsp;&nbsp;USBFS_IRQHandler
</UL>

<P><STRONG><a name="[fb]"></a>usbd_out_transc</STRONG> (Thumb, 132 bytes, Stack size 16 bytes, usbd_transc.o(i.usbd_out_transc))
<BR><BR>[Stack]<UL><LI>Max Depth = 100<LI>Call Chain = usbd_out_transc &rArr; usbd_ctl_status_send &rArr; usbd_ep_send &rArr; usb_transc_inxfer &rArr; usb_txfifo_write
</UL>
<BR>[Calls]<UL><LI><a href="#[ed]">&gt;&gt;</a>&nbsp;&nbsp;&nbsp;usbd_ctl_status_send
<LI><a href="#[e9]">&gt;&gt;</a>&nbsp;&nbsp;&nbsp;usbd_ctl_recev
</UL>
<BR>[Called By]<UL><LI><a href="#[fa]">&gt;&gt;</a>&nbsp;&nbsp;&nbsp;usbd_int_epout
</UL>

<P><STRONG><a name="[fc]"></a>usbd_setup_transc</STRONG> (Thumb, 132 bytes, Stack size 24 bytes, usbd_transc.o(i.usbd_setup_transc))
<BR><BR>[Stack]<UL><LI>Max Depth = 116<LI>Call Chain = usbd_setup_transc &rArr; usbd_ctl_send &rArr; usbd_ep_send &rArr; usb_transc_inxfer &rArr; usb_txfifo_write
</UL>
<BR>[Calls]<UL><LI><a href="#[ed]">&gt;&gt;</a>&nbsp;&nbsp;&nbsp;usbd_ctl_status_send
<LI><a href="#[ea]">&gt;&gt;</a>&nbsp;&nbsp;&nbsp;usbd_ctl_send
<LI><a href="#[e9]">&gt;&gt;</a>&nbsp;&nbsp;&nbsp;usbd_ctl_recev
<LI><a href="#[105]">&gt;&gt;</a>&nbsp;&nbsp;&nbsp;usbd_vendor_request
<LI><a href="#[103]">&gt;&gt;</a>&nbsp;&nbsp;&nbsp;usbd_standard_request
<LI><a href="#[f0]">&gt;&gt;</a>&nbsp;&nbsp;&nbsp;usbd_enum_error
<LI><a href="#[104]">&gt;&gt;</a>&nbsp;&nbsp;&nbsp;usbd_class_request
</UL>
<BR>[Called By]<UL><LI><a href="#[fa]">&gt;&gt;</a>&nbsp;&nbsp;&nbsp;usbd_int_epout
</UL>

<P><STRONG><a name="[103]"></a>usbd_standard_request</STRONG> (Thumb, 22 bytes, Stack size 16 bytes, usbd_enum.o(i.usbd_standard_request))
<BR><BR>[Stack]<UL><LI>Max Depth = 16<LI>Call Chain = usbd_standard_request
</UL>
<BR>[Called By]<UL><LI><a href="#[fc]">&gt;&gt;</a>&nbsp;&nbsp;&nbsp;usbd_setup_transc
</UL>

<P><STRONG><a name="[105]"></a>usbd_vendor_request</STRONG> (Thumb, 6 bytes, Stack size 0 bytes, usbd_enum.o(i.usbd_vendor_request))
<BR><BR>[Called By]<UL><LI><a href="#[fc]">&gt;&gt;</a>&nbsp;&nbsp;&nbsp;usbd_setup_transc
</UL>

<P><STRONG><a name="[68]"></a>_fp_init</STRONG> (Thumb, 10 bytes, Stack size 0 bytes, fpinit.o(x$fpl$fpinit))
<BR><BR>[Called By]<UL><LI><a href="#[67]">&gt;&gt;</a>&nbsp;&nbsp;&nbsp;__rt_lib_init_fp_1
</UL>

<P><STRONG><a name="[139]"></a>__fplib_config_fpu_vfp</STRONG> (Thumb, 0 bytes, Stack size unknown bytes, fpinit.o(x$fpl$fpinit), UNUSED)

<P><STRONG><a name="[13a]"></a>__fplib_config_pureend_doubles</STRONG> (Thumb, 0 bytes, Stack size unknown bytes, fpinit.o(x$fpl$fpinit), UNUSED)
<P>
<H3>
Local Symbols
</H3>
<P><STRONG><a name="[c6]"></a>hw_delay</STRONG> (Thumb, 34 bytes, Stack size 16 bytes, gd32c10x_hw.o(i.hw_delay))
<BR><BR>[Stack]<UL><LI>Max Depth = 40<LI>Call Chain = hw_delay &rArr; hw_time_set
</UL>
<BR>[Calls]<UL><LI><a href="#[c8]">&gt;&gt;</a>&nbsp;&nbsp;&nbsp;timer_disable
<LI><a href="#[c7]">&gt;&gt;</a>&nbsp;&nbsp;&nbsp;hw_time_set
</UL>
<BR>[Called By]<UL><LI><a href="#[db]">&gt;&gt;</a>&nbsp;&nbsp;&nbsp;usb_udelay
<LI><a href="#[da]">&gt;&gt;</a>&nbsp;&nbsp;&nbsp;usb_mdelay
</UL>

<P><STRONG><a name="[c7]"></a>hw_time_set</STRONG> (Thumb, 102 bytes, Stack size 24 bytes, gd32c10x_hw.o(i.hw_time_set))
<BR><BR>[Stack]<UL><LI>Max Depth = 24<LI>Call Chain = hw_time_set
</UL>
<BR>[Calls]<UL><LI><a href="#[a7]">&gt;&gt;</a>&nbsp;&nbsp;&nbsp;timer_interrupt_flag_clear
<LI><a href="#[a8]">&gt;&gt;</a>&nbsp;&nbsp;&nbsp;timer_interrupt_enable
<LI><a href="#[c9]">&gt;&gt;</a>&nbsp;&nbsp;&nbsp;timer_interrupt_disable
<LI><a href="#[a6]">&gt;&gt;</a>&nbsp;&nbsp;&nbsp;timer_init
<LI><a href="#[a9]">&gt;&gt;</a>&nbsp;&nbsp;&nbsp;timer_enable
<LI><a href="#[c8]">&gt;&gt;</a>&nbsp;&nbsp;&nbsp;timer_disable
<LI><a href="#[ca]">&gt;&gt;</a>&nbsp;&nbsp;&nbsp;timer_auto_reload_shadow_enable
</UL>
<BR>[Called By]<UL><LI><a href="#[c6]">&gt;&gt;</a>&nbsp;&nbsp;&nbsp;hw_delay
</UL>

<P><STRONG><a name="[d6]"></a>system_clock_120m_hxtal</STRONG> (Thumb, 226 bytes, Stack size 0 bytes, system_gd32c10x.o(i.system_clock_120m_hxtal))
<BR><BR>[Called By]<UL><LI><a href="#[a1]">&gt;&gt;</a>&nbsp;&nbsp;&nbsp;system_clock_config
</UL>

<P><STRONG><a name="[a1]"></a>system_clock_config</STRONG> (Thumb, 8 bytes, Stack size 8 bytes, system_gd32c10x.o(i.system_clock_config))
<BR><BR>[Stack]<UL><LI>Max Depth = 8<LI>Call Chain = system_clock_config
</UL>
<BR>[Calls]<UL><LI><a href="#[d6]">&gt;&gt;</a>&nbsp;&nbsp;&nbsp;system_clock_120m_hxtal
</UL>
<BR>[Called By]<UL><LI><a href="#[61]">&gt;&gt;</a>&nbsp;&nbsp;&nbsp;SystemInit
</UL>

<P><STRONG><a name="[d9]"></a>usb_core_reset</STRONG> (Thumb, 38 bytes, Stack size 8 bytes, drv_usb_core.o(i.usb_core_reset))
<BR><BR>[Stack]<UL><LI>Max Depth = 56<LI>Call Chain = usb_core_reset &rArr; usb_udelay &rArr; hw_delay &rArr; hw_time_set
</UL>
<BR>[Calls]<UL><LI><a href="#[db]">&gt;&gt;</a>&nbsp;&nbsp;&nbsp;usb_udelay
</UL>
<BR>[Called By]<UL><LI><a href="#[d8]">&gt;&gt;</a>&nbsp;&nbsp;&nbsp;usb_core_init
</UL>

<P><STRONG><a name="[ef]"></a>usbd_emptytxfifo_write</STRONG> (Thumb, 140 bytes, Stack size 24 bytes, drv_usbd_int.o(i.usbd_emptytxfifo_write))
<BR><BR>[Stack]<UL><LI>Max Depth = 44<LI>Call Chain = usbd_emptytxfifo_write &rArr; usb_txfifo_write
</UL>
<BR>[Calls]<UL><LI><a href="#[e7]">&gt;&gt;</a>&nbsp;&nbsp;&nbsp;usb_txfifo_write
</UL>
<BR>[Called By]<UL><LI><a href="#[f8]">&gt;&gt;</a>&nbsp;&nbsp;&nbsp;usbd_int_epin
</UL>

<P><STRONG><a name="[102]"></a>usbd_int_enumfinish</STRONG> (Thumb, 98 bytes, Stack size 0 bytes, drv_usbd_int.o(i.usbd_int_enumfinish))
<BR><BR>[Called By]<UL><LI><a href="#[b0]">&gt;&gt;</a>&nbsp;&nbsp;&nbsp;usbd_isr
</UL>

<P><STRONG><a name="[f8]"></a>usbd_int_epin</STRONG> (Thumb, 138 bytes, Stack size 24 bytes, drv_usbd_int.o(i.usbd_int_epin))
<BR><BR>[Stack]<UL><LI>Max Depth = 132<LI>Call Chain = usbd_int_epin &rArr; usbd_in_transc &rArr; usbd_ctl_send &rArr; usbd_ep_send &rArr; usb_transc_inxfer &rArr; usb_txfifo_write
</UL>
<BR>[Calls]<UL><LI><a href="#[f6]">&gt;&gt;</a>&nbsp;&nbsp;&nbsp;usbd_in_transc
<LI><a href="#[ef]">&gt;&gt;</a>&nbsp;&nbsp;&nbsp;usbd_emptytxfifo_write
<LI><a href="#[f9]">&gt;&gt;</a>&nbsp;&nbsp;&nbsp;usb_iepintr_read
<LI><a href="#[ec]">&gt;&gt;</a>&nbsp;&nbsp;&nbsp;usb_ctlep_startout
</UL>
<BR>[Called By]<UL><LI><a href="#[b0]">&gt;&gt;</a>&nbsp;&nbsp;&nbsp;usbd_isr
</UL>

<P><STRONG><a name="[fa]"></a>usbd_int_epout</STRONG> (Thumb, 206 bytes, Stack size 24 bytes, drv_usbd_int.o(i.usbd_int_epout))
<BR><BR>[Stack]<UL><LI>Max Depth = 140<LI>Call Chain = usbd_int_epout &rArr; usbd_setup_transc &rArr; usbd_ctl_send &rArr; usbd_ep_send &rArr; usb_transc_inxfer &rArr; usb_txfifo_write
</UL>
<BR>[Calls]<UL><LI><a href="#[fc]">&gt;&gt;</a>&nbsp;&nbsp;&nbsp;usbd_setup_transc
<LI><a href="#[fb]">&gt;&gt;</a>&nbsp;&nbsp;&nbsp;usbd_out_transc
<LI><a href="#[ec]">&gt;&gt;</a>&nbsp;&nbsp;&nbsp;usb_ctlep_startout
</UL>
<BR>[Called By]<UL><LI><a href="#[b0]">&gt;&gt;</a>&nbsp;&nbsp;&nbsp;usbd_isr
</UL>

<P><STRONG><a name="[fd]"></a>usbd_int_reset</STRONG> (Thumb, 208 bytes, Stack size 72 bytes, drv_usbd_int.o(i.usbd_int_reset))
<BR><BR>[Stack]<UL><LI>Max Depth = 136<LI>Call Chain = usbd_int_reset &rArr; usb_txfifo_flush &rArr; usb_udelay &rArr; hw_delay &rArr; hw_time_set
</UL>
<BR>[Calls]<UL><LI><a href="#[f3]">&gt;&gt;</a>&nbsp;&nbsp;&nbsp;usb_transc_active
<LI><a href="#[ec]">&gt;&gt;</a>&nbsp;&nbsp;&nbsp;usb_ctlep_startout
<LI><a href="#[de]">&gt;&gt;</a>&nbsp;&nbsp;&nbsp;usb_txfifo_flush
<LI><a href="#[cb]">&gt;&gt;</a>&nbsp;&nbsp;&nbsp;__aeabi_memclr4
<LI><a href="#[75]">&gt;&gt;</a>&nbsp;&nbsp;&nbsp;__aeabi_memcpy4
</UL>
<BR>[Called By]<UL><LI><a href="#[b0]">&gt;&gt;</a>&nbsp;&nbsp;&nbsp;usbd_isr
</UL>

<P><STRONG><a name="[fe]"></a>usbd_int_rxfifo</STRONG> (Thumb, 178 bytes, Stack size 32 bytes, drv_usbd_int.o(i.usbd_int_rxfifo))
<BR><BR>[Stack]<UL><LI>Max Depth = 48<LI>Call Chain = usbd_int_rxfifo &rArr; usb_rxfifo_read
</UL>
<BR>[Calls]<UL><LI><a href="#[ff]">&gt;&gt;</a>&nbsp;&nbsp;&nbsp;usb_rxfifo_read
</UL>
<BR>[Called By]<UL><LI><a href="#[b0]">&gt;&gt;</a>&nbsp;&nbsp;&nbsp;usbd_isr
</UL>

<P><STRONG><a name="[100]"></a>usbd_int_suspend</STRONG> (Thumb, 102 bytes, Stack size 24 bytes, drv_usbd_int.o(i.usbd_int_suspend))
<BR><BR>[Stack]<UL><LI>Max Depth = 24<LI>Call Chain = usbd_int_suspend
</UL>
<BR>[Calls]<UL><LI><a href="#[101]">&gt;&gt;</a>&nbsp;&nbsp;&nbsp;pmu_to_deepsleepmode
</UL>
<BR>[Called By]<UL><LI><a href="#[b0]">&gt;&gt;</a>&nbsp;&nbsp;&nbsp;usbd_isr
</UL>

<P><STRONG><a name="[b4]"></a>_usb_bos_desc_get</STRONG> (Thumb, 20 bytes, Stack size 0 bytes, usbd_enum.o(i._usb_bos_desc_get))
<BR><BR>[Called By]<UL><LI><a href="#[7]">&gt;&gt;</a>&nbsp;&nbsp;&nbsp;_usb_std_getdescriptor
</UL>

<P><STRONG><a name="[f]"></a>_usb_config_desc_get</STRONG> (Thumb, 34 bytes, Stack size 8 bytes, usbd_enum.o(i._usb_config_desc_get))
<BR><BR>[Stack]<UL><LI>Max Depth = 8<LI>Call Chain = _usb_config_desc_get
</UL>
<BR>[Address Reference Count : 1]<UL><LI> usbd_enum.o(.data)
</UL>
<P><STRONG><a name="[e]"></a>_usb_dev_desc_get</STRONG> (Thumb, 20 bytes, Stack size 0 bytes, usbd_enum.o(i._usb_dev_desc_get))
<BR>[Address Reference Count : 1]<UL><LI> usbd_enum.o(.data)
</UL>
<P><STRONG><a name="[3]"></a>_usb_std_clearfeature</STRONG> (Thumb, 116 bytes, Stack size 16 bytes, usbd_enum.o(i._usb_std_clearfeature))
<BR><BR>[Stack]<UL><LI>Max Depth = 40<LI>Call Chain = _usb_std_clearfeature &rArr; usbd_ep_stall_clear &rArr; usb_transc_clrstall
</UL>
<BR>[Calls]<UL><LI><a href="#[b3]">&gt;&gt;</a>&nbsp;&nbsp;&nbsp;usbd_ep_stall_clear
</UL>
<BR>[Address Reference Count : 1]<UL><LI> usbd_enum.o(.data)
</UL>
<P><STRONG><a name="[9]"></a>_usb_std_getconfiguration</STRONG> (Thumb, 64 bytes, Stack size 8 bytes, usbd_enum.o(i._usb_std_getconfiguration))
<BR><BR>[Stack]<UL><LI>Max Depth = 8<LI>Call Chain = _usb_std_getconfiguration
</UL>
<BR>[Address Reference Count : 1]<UL><LI> usbd_enum.o(.data)
</UL>
<P><STRONG><a name="[7]"></a>_usb_std_getdescriptor</STRONG> (Thumb, 266 bytes, Stack size 32 bytes, usbd_enum.o(i._usb_std_getdescriptor))
<BR><BR>[Stack]<UL><LI>Max Depth = 32<LI>Call Chain = _usb_std_getdescriptor
</UL>
<BR>[Calls]<UL><LI><a href="#[b4]">&gt;&gt;</a>&nbsp;&nbsp;&nbsp;_usb_bos_desc_get
</UL>
<BR>[Address Reference Count : 1]<UL><LI> usbd_enum.o(.data)
</UL>
<P><STRONG><a name="[b]"></a>_usb_std_getinterface</STRONG> (Thumb, 60 bytes, Stack size 0 bytes, usbd_enum.o(i._usb_std_getinterface))
<BR>[Address Reference Count : 1]<UL><LI> usbd_enum.o(.data)
</UL>
<P><STRONG><a name="[2]"></a>_usb_std_getstatus</STRONG> (Thumb, 192 bytes, Stack size 16 bytes, usbd_enum.o(i._usb_std_getstatus))
<BR><BR>[Stack]<UL><LI>Max Depth = 16<LI>Call Chain = _usb_std_getstatus
</UL>
<BR>[Address Reference Count : 1]<UL><LI> usbd_enum.o(.data)
</UL>
<P><STRONG><a name="[4]"></a>_usb_std_reserved</STRONG> (Thumb, 6 bytes, Stack size 0 bytes, usbd_enum.o(i._usb_std_reserved))
<BR>[Address Reference Count : 1]<UL><LI> usbd_enum.o(.data)
</UL>
<P><STRONG><a name="[6]"></a>_usb_std_setaddress</STRONG> (Thumb, 92 bytes, Stack size 8 bytes, usbd_enum.o(i._usb_std_setaddress))
<BR><BR>[Stack]<UL><LI>Max Depth = 8<LI>Call Chain = _usb_std_setaddress
</UL>
<BR>[Address Reference Count : 1]<UL><LI> usbd_enum.o(.data)
</UL>
<P><STRONG><a name="[a]"></a>_usb_std_setconfiguration</STRONG> (Thumb, 176 bytes, Stack size 16 bytes, usbd_enum.o(i._usb_std_setconfiguration))
<BR><BR>[Stack]<UL><LI>Max Depth = 16<LI>Call Chain = _usb_std_setconfiguration
</UL>
<BR>[Address Reference Count : 1]<UL><LI> usbd_enum.o(.data)
</UL>
<P><STRONG><a name="[8]"></a>_usb_std_setdescriptor</STRONG> (Thumb, 6 bytes, Stack size 0 bytes, usbd_enum.o(i._usb_std_setdescriptor))
<BR>[Address Reference Count : 1]<UL><LI> usbd_enum.o(.data)
</UL>
<P><STRONG><a name="[5]"></a>_usb_std_setfeature</STRONG> (Thumb, 104 bytes, Stack size 16 bytes, usbd_enum.o(i._usb_std_setfeature))
<BR><BR>[Stack]<UL><LI>Max Depth = 40<LI>Call Chain = _usb_std_setfeature &rArr; usbd_ep_stall &rArr; usb_transc_stall
</UL>
<BR>[Calls]<UL><LI><a href="#[b5]">&gt;&gt;</a>&nbsp;&nbsp;&nbsp;usbd_ep_stall
</UL>
<BR>[Address Reference Count : 1]<UL><LI> usbd_enum.o(.data)
</UL>
<P><STRONG><a name="[c]"></a>_usb_std_setinterface</STRONG> (Thumb, 68 bytes, Stack size 16 bytes, usbd_enum.o(i._usb_std_setinterface))
<BR><BR>[Stack]<UL><LI>Max Depth = 16<LI>Call Chain = _usb_std_setinterface
</UL>
<BR>[Address Reference Count : 1]<UL><LI> usbd_enum.o(.data)
</UL>
<P><STRONG><a name="[d]"></a>_usb_std_synchframe</STRONG> (Thumb, 6 bytes, Stack size 0 bytes, usbd_enum.o(i._usb_std_synchframe))
<BR>[Address Reference Count : 1]<UL><LI> usbd_enum.o(.data)
</UL>
<P><STRONG><a name="[10]"></a>_usb_str_desc_get</STRONG> (Thumb, 20 bytes, Stack size 8 bytes, usbd_enum.o(i._usb_str_desc_get))
<BR><BR>[Stack]<UL><LI>Max Depth = 8<LI>Call Chain = _usb_str_desc_get
</UL>
<BR>[Address Reference Count : 1]<UL><LI> usbd_enum.o(.data)
</UL>
<P><STRONG><a name="[12]"></a>cdc_acm_deinit</STRONG> (Thumb, 34 bytes, Stack size 16 bytes, cdc_acm_core.o(i.cdc_acm_deinit))
<BR><BR>[Stack]<UL><LI>Max Depth = 44<LI>Call Chain = cdc_acm_deinit &rArr; usbd_ep_clear &rArr; usb_transc_deactivate
</UL>
<BR>[Calls]<UL><LI><a href="#[ba]">&gt;&gt;</a>&nbsp;&nbsp;&nbsp;usbd_ep_clear
</UL>
<BR>[Address Reference Count : 1]<UL><LI> cdc_acm_core.o(.data)
</UL>
<P><STRONG><a name="[15]"></a>cdc_acm_in</STRONG> (Thumb, 76 bytes, Stack size 24 bytes, cdc_acm_core.o(i.cdc_acm_in))
<BR><BR>[Stack]<UL><LI>Max Depth = 100<LI>Call Chain = cdc_acm_in &rArr; usbd_ep_send &rArr; usb_transc_inxfer &rArr; usb_txfifo_write
</UL>
<BR>[Calls]<UL><LI><a href="#[bb]">&gt;&gt;</a>&nbsp;&nbsp;&nbsp;usbd_ep_send
</UL>
<BR>[Address Reference Count : 1]<UL><LI> cdc_acm_core.o(.data)
</UL>
<P><STRONG><a name="[11]"></a>cdc_acm_init</STRONG> (Thumb, 84 bytes, Stack size 24 bytes, cdc_acm_core.o(i.cdc_acm_init))
<BR><BR>[Stack]<UL><LI>Max Depth = 68<LI>Call Chain = cdc_acm_init &rArr; usbd_ep_setup &rArr; usb_transc_active
</UL>
<BR>[Calls]<UL><LI><a href="#[bc]">&gt;&gt;</a>&nbsp;&nbsp;&nbsp;usbd_ep_setup
</UL>
<BR>[Address Reference Count : 1]<UL><LI> cdc_acm_core.o(.data)
</UL>
<P><STRONG><a name="[16]"></a>cdc_acm_out</STRONG> (Thumb, 262 bytes, Stack size 24 bytes, cdc_acm_core.o(i.cdc_acm_out))
<BR><BR>[Stack]<UL><LI>Max Depth = 84<LI>Call Chain = cdc_acm_out &rArr; ReceiveUsbDate &rArr; usbd_ep_recev &rArr; usb_transc_outxfer
</UL>
<BR>[Calls]<UL><LI><a href="#[9f]">&gt;&gt;</a>&nbsp;&nbsp;&nbsp;ReceiveUsbDate
<LI><a href="#[bd]">&gt;&gt;</a>&nbsp;&nbsp;&nbsp;__aeabi_memcpy
</UL>
<BR>[Address Reference Count : 1]<UL><LI> cdc_acm_core.o(.data)
</UL>
<P><STRONG><a name="[13]"></a>cdc_acm_req</STRONG> (Thumb, 176 bytes, Stack size 12 bytes, cdc_acm_core.o(i.cdc_acm_req))
<BR><BR>[Stack]<UL><LI>Max Depth = 12<LI>Call Chain = cdc_acm_req
</UL>
<BR>[Address Reference Count : 1]<UL><LI> cdc_acm_core.o(.data)
</UL>
<P><STRONG><a name="[14]"></a>cdc_ctlx_out</STRONG> (Thumb, 82 bytes, Stack size 0 bytes, cdc_acm_core.o(i.cdc_ctlx_out))
<BR>[Address Reference Count : 1]<UL><LI> cdc_acm_core.o(.data)
</UL><P>
<H3>
Undefined Global Symbols
</H3><HR></body></html>
