Component: ARM Compiler 5.06 update 6 (build 750) Tool: armlink [4d35ed]

==============================================================================

Section Cross References

    app.o(i.main) refers to rt_memclr_w.o(.text) for __aeabi_memclr4
    app.o(i.main) refers to gd32c10x_hw.o(i.usb_rcu_config) for usb_rcu_config
    app.o(i.main) refers to gd32c10x_hw.o(i.usb_timer_init) for usb_timer_init
    app.o(i.main) refers to usbd_core.o(i.usbd_init) for usbd_init
    app.o(i.main) refers to gd32c10x_hw.o(i.usb_intr_config) for usb_intr_config
    app.o(i.main) refers to gd32c10x_rcu.o(i.rcu_periph_clock_enable) for rcu_periph_clock_enable
    app.o(i.main) refers to gd32c10x_hw.o(i.ctc_config) for ctc_config
    app.o(i.main) refers to gd32c10x_ctc.o(i.ctc_flag_get) for ctc_flag_get
    app.o(i.main) refers to timer.o(i.TIM5_config) for TIM5_config
    app.o(i.main) refers to timer.o(i.TIM6_config) for TIM6_config
    app.o(i.main) refers to bsp.o(i.Led_Init) for Led_Init
    app.o(i.main) refers to bsp.o(i.Adc_Init) for Adc_Init
    app.o(i.main) refers to can.o(i.CanFD_config) for CanFD_config
    app.o(i.main) refers to can.o(i.CAN_setAllfit) for CAN_setAllfit
    app.o(i.main) refers to can.o(i.CanFdSendISO15765Data) for CanFdSendISO15765Data
    app.o(i.main) refers to timer.o(i.Delay_ms) for Delay_ms
    app.o(i.main) refers to cdc_acm_core.o(i.cdc_acm_check_ready) for cdc_acm_check_ready
    app.o(i.main) refers to cdc_acm_core.o(i.cdc_acm_data_receive) for cdc_acm_data_receive
    app.o(i.main) refers to timer.o(i.Delay_us) for Delay_us
    app.o(i.main) refers to app.o(.constdata) for .constdata
    app.o(i.main) refers to cdc_acm_core.o(.data) for iRxUsbLen
    app.o(i.main) refers to app.o(.bss) for cdc_acm
    app.o(i.main) refers to bsp.o(.data) for iHBitSum
    gd32c10x_hw.o(i.ctc_config) refers to gd32c10x_ctc.o(i.ctc_refsource_prescaler_config) for ctc_refsource_prescaler_config
    gd32c10x_hw.o(i.ctc_config) refers to gd32c10x_ctc.o(i.ctc_refsource_signal_select) for ctc_refsource_signal_select
    gd32c10x_hw.o(i.ctc_config) refers to gd32c10x_ctc.o(i.ctc_refsource_polarity_config) for ctc_refsource_polarity_config
    gd32c10x_hw.o(i.ctc_config) refers to gd32c10x_ctc.o(i.ctc_hardware_trim_mode_config) for ctc_hardware_trim_mode_config
    gd32c10x_hw.o(i.ctc_config) refers to gd32c10x_ctc.o(i.ctc_counter_reload_value_config) for ctc_counter_reload_value_config
    gd32c10x_hw.o(i.ctc_config) refers to gd32c10x_ctc.o(i.ctc_clock_limit_value_config) for ctc_clock_limit_value_config
    gd32c10x_hw.o(i.ctc_config) refers to gd32c10x_ctc.o(i.ctc_counter_enable) for ctc_counter_enable
    gd32c10x_hw.o(i.hw_delay) refers to gd32c10x_hw.o(i.hw_time_set) for hw_time_set
    gd32c10x_hw.o(i.hw_delay) refers to gd32c10x_timer.o(i.timer_disable) for timer_disable
    gd32c10x_hw.o(i.hw_delay) refers to gd32c10x_hw.o(.data) for delay_time
    gd32c10x_hw.o(i.hw_time_set) refers to gd32c10x_timer.o(i.timer_disable) for timer_disable
    gd32c10x_hw.o(i.hw_time_set) refers to gd32c10x_timer.o(i.timer_interrupt_disable) for timer_interrupt_disable
    gd32c10x_hw.o(i.hw_time_set) refers to gd32c10x_timer.o(i.timer_init) for timer_init
    gd32c10x_hw.o(i.hw_time_set) refers to gd32c10x_timer.o(i.timer_interrupt_flag_clear) for timer_interrupt_flag_clear
    gd32c10x_hw.o(i.hw_time_set) refers to gd32c10x_timer.o(i.timer_auto_reload_shadow_enable) for timer_auto_reload_shadow_enable
    gd32c10x_hw.o(i.hw_time_set) refers to gd32c10x_timer.o(i.timer_interrupt_enable) for timer_interrupt_enable
    gd32c10x_hw.o(i.hw_time_set) refers to gd32c10x_timer.o(i.timer_enable) for timer_enable
    gd32c10x_hw.o(i.hw_time_set) refers to gd32c10x_hw.o(.data) for timer_prescaler
    gd32c10x_hw.o(i.usb_intr_config) refers to gd32c10x_misc.o(i.nvic_priority_group_set) for nvic_priority_group_set
    gd32c10x_hw.o(i.usb_intr_config) refers to gd32c10x_misc.o(i.nvic_irq_enable) for nvic_irq_enable
    gd32c10x_hw.o(i.usb_intr_config) refers to gd32c10x_rcu.o(i.rcu_periph_clock_enable) for rcu_periph_clock_enable
    gd32c10x_hw.o(i.usb_intr_config) refers to gd32c10x_exti.o(i.exti_interrupt_flag_clear) for exti_interrupt_flag_clear
    gd32c10x_hw.o(i.usb_intr_config) refers to gd32c10x_exti.o(i.exti_init) for exti_init
    gd32c10x_hw.o(i.usb_intr_config) refers to gd32c10x_exti.o(i.exti_interrupt_enable) for exti_interrupt_enable
    gd32c10x_hw.o(i.usb_mdelay) refers to gd32c10x_hw.o(i.hw_delay) for hw_delay
    gd32c10x_hw.o(i.usb_rcu_config) refers to gd32c10x_rcu.o(i.rcu_clock_freq_get) for rcu_clock_freq_get
    gd32c10x_hw.o(i.usb_rcu_config) refers to gd32c10x_rcu.o(i.rcu_osci_on) for rcu_osci_on
    gd32c10x_hw.o(i.usb_rcu_config) refers to gd32c10x_rcu.o(i.rcu_osci_stab_wait) for rcu_osci_stab_wait
    gd32c10x_hw.o(i.usb_rcu_config) refers to gd32c10x_rcu.o(i.rcu_ck48m_clock_config) for rcu_ck48m_clock_config
[...]
    i.cdc_acm_deinit                         0x0800216a   Section        0  cdc_acm_core.o(i.cdc_acm_deinit)
    cdc_acm_deinit                           0x0800216b   Thumb Code    34  cdc_acm_core.o(i.cdc_acm_deinit)
    i.cdc_acm_in                             0x0800218c   Section        0  cdc_acm_core.o(i.cdc_acm_in)
    cdc_acm_in                               0x0800218d   Thumb Code    76  cdc_acm_core.o(i.cdc_acm_in)
    i.cdc_acm_init                           0x080021dc   Section        0  cdc_acm_core.o(i.cdc_acm_init)
    cdc_acm_init                             0x080021dd   Thumb Code    84  cdc_acm_core.o(i.cdc_acm_init)
    i.cdc_acm_out                            0x0800223c   Section        0  cdc_acm_core.o(i.cdc_acm_out)
    cdc_acm_out                              0x0800223d   Thumb Code   262  cdc_acm_core.o(i.cdc_acm_out)
    i.cdc_acm_req                            0x08002360   Section        0  cdc_acm_core.o(i.cdc_acm_req)
    cdc_acm_req                              0x08002361   Thumb Code   176  cdc_acm_core.o(i.cdc_acm_req)
    i.cdc_ctlx_out                           0x08002410   Section        0  cdc_acm_core.o(i.cdc_ctlx_out)
    cdc_ctlx_out                             0x08002411   Thumb Code    82  cdc_acm_core.o(i.cdc_ctlx_out)
    i.ctc_clock_limit_value_config           0x08002464   Section        0  gd32c10x_ctc.o(i.ctc_clock_limit_value_config)
    i.ctc_config                             0x08002480   Section        0  gd32c10x_hw.o(i.ctc_config)
    i.ctc_counter_enable                     0x080024b0   Section        0  gd32c10x_ctc.o(i.ctc_counter_enable)
    i.ctc_counter_reload_value_config        0x080024c4   Section        0  gd32c10x_ctc.o(i.ctc_counter_reload_value_config)
    i.ctc_flag_get                           0x080024e0   Section        0  gd32c10x_ctc.o(i.ctc_flag_get)
    i.ctc_hardware_trim_mode_config          0x080024f8   Section        0  gd32c10x_ctc.o(i.ctc_hardware_trim_mode_config)
    i.ctc_refsource_polarity_config          0x08002514   Section        0  gd32c10x_ctc.o(i.ctc_refsource_polarity_config)
    i.ctc_refsource_prescaler_config         0x08002530   Section        0  gd32c10x_ctc.o(i.ctc_refsource_prescaler_config)
    i.ctc_refsource_signal_select            0x0800254c   Section        0  gd32c10x_ctc.o(i.ctc_refsource_signal_select)
    i.exti_init                              0x08002568   Section        0  gd32c10x_exti.o(i.exti_init)
    i.exti_interrupt_enable                  0x08002620   Section        0  gd32c10x_exti.o(i.exti_interrupt_enable)
    i.exti_interrupt_flag_clear              0x08002630   Section        0  gd32c10x_exti.o(i.exti_interrupt_flag_clear)
    i.exti_interrupt_flag_get                0x0800263c   Section        0  gd32c10x_exti.o(i.exti_interrupt_flag_get)
    i.gpio_bit_reset                         0x08002660   Section        0  gd32c10x_gpio.o(i.gpio_bit_reset)
    i.gpio_bit_set                           0x08002664   Section        0  gd32c10x_gpio.o(i.gpio_bit_set)
    i.gpio_init                              0x08002668   Section        0  gd32c10x_gpio.o(i.gpio_init)
    i.gpio_input_bit_get                     0x08002724   Section        0  gd32c10x_gpio.o(i.gpio_input_bit_get)
    i.gpio_pin_remap_config                  0x08002734   Section        0  gd32c10x_gpio.o(i.gpio_pin_remap_config)
    i.hw_delay                               0x080027c4   Section        0  gd32c10x_hw.o(i.hw_delay)
    hw_delay                                 0x080027c5   Thumb Code    34  gd32c10x_hw.o(i.hw_delay)
    i.hw_time_set                            0x080027f0   Section        0  gd32c10x_hw.o(i.hw_time_set)
    hw_time_set                              0x080027f1   Thumb Code   102  gd32c10x_hw.o(i.hw_time_set)
    i.int_to_unicode                         0x08002860   Section        0  usbd_enum.o(i.int_to_unicode)
    i.main                                   0x0800289c   Section        0  app.o(i.main)
    i.nvic_irq_enable                        0x080029c8   Section        0  gd32c10x_misc.o(i.nvic_irq_enable)
    i.nvic_priority_group_set                0x08002a74   Section        0  gd32c10x_misc.o(i.nvic_priority_group_set)
    i.nvic_vector_table_set                  0x08002a88   Section        0  gd32c10x_misc.o(i.nvic_vector_table_set)
    i.pmu_to_deepsleepmode                   0x08002aa0   Section        0  gd32c10x_pmu.o(i.pmu_to_deepsleepmode)
    i.rcu_adc_clock_config                   0x08002b64   Section        0  gd32c10x_rcu.o(i.rcu_adc_clock_config)
    i.rcu_ck48m_clock_config                 0x08002bd0   Section        0  gd32c10x_rcu.o(i.rcu_ck48m_clock_config)
    i.rcu_clock_freq_get                     0x08002bec   Section        0  gd32c10x_rcu.o(i.rcu_clock_freq_get)
    i.rcu_flag_get                           0x08002d6c   Section        0  gd32c10x_rcu.o(i.rcu_flag_get)
    i.rcu_osci_on                            0x08002d90   Section        0  gd32c10x_rcu.o(i.rcu_osci_on)
    i.rcu_osci_stab_wait                     0x08002db0   Section        0  gd32c10x_rcu.o(i.rcu_osci_stab_wait)
    i.rcu_periph_clock_enable                0x08002f0c   Section        0  gd32c10x_rcu.o(i.rcu_periph_clock_enable)
    i.rcu_periph_reset_disable               0x08002f2c   Section        0  gd32c10x_rcu.o(i.rcu_periph_reset_disable)
    i.rcu_periph_reset_enable                0x08002f4c   Section        0  gd32c10x_rcu.o(i.rcu_periph_reset_enable)
    i.rcu_usb_clock_config                   0x08002f6c   Section        0  gd32c10x_rcu.o(i.rcu_usb_clock_config)
    i.serial_string_get                      0x08002f84   Section        0  usbd_enum.o(i.serial_string_get)
    i.system_clock_120m_hxtal                0x08002fd0   Section        0  system_gd32c10x.o(i.system_clock_120m_hxtal)
    system_clock_120m_hxtal                  0x08002fd1   Thumb Code   226  system_gd32c10x.o(i.system_clock_120m_hxtal)
    i.system_clock_config                    0x080030cc   Section        0  system_gd32c10x.o(i.system_clock_config)
    system_clock_config                      0x080030cd   Thumb Code     8  system_gd32c10x.o(i.system_clock_config)
    i.timer_auto_reload_shadow_enable        0x080030d4   Section        0  gd32c10x_timer.o(i.timer_auto_reload_shadow_enable)
    i.timer_channel_capture_value_register_read 0x080030de   Section        0  gd32c10x_timer.o(i.timer_channel_capture_value_register_read)
    i.timer_channel_output_polarity_config   0x08003108   Section        0  gd32c10x_timer.o(i.timer_channel_output_polarity_config)
    i.timer_counter_read                     0x08003164   Section        0  gd32c10x_timer.o(i.timer_counter_read)
    i.timer_counter_value_config             0x0800316c   Section        0  gd32c10x_timer.o(i.timer_counter_value_config)
    i.timer_deinit                           0x08003170   Section        0  gd32c10x_timer.o(i.timer_deinit)
    i.timer_disable                          0x080032f4   Section        0  gd32c10x_timer.o(i.timer_disable)
    i.timer_enable                           0x080032fe   Section        0  gd32c10x_timer.o(i.timer_enable)
    i.timer_init                             0x08003308   Section        0  gd32c10x_timer.o(i.timer_init)
    i.timer_interrupt_disable                0x080033ac   Section        0  gd32c10x_timer.o(i.timer_interrupt_disable)
    i.timer_interrupt_enable                 0x080033b4   Section        0  gd32c10x_timer.o(i.timer_interrupt_enable)
    i.timer_interrupt_flag_clear             0x080033bc   Section        0  gd32c10x_timer.o(i.timer_interrupt_flag_clear)
    i.timer_interrupt_flag_get               0x080033c2   Section        0  gd32c10x_timer.o(i.timer_interrupt_flag_get)
    i.timer_struct_para_init                 0x080033da   Section        0  gd32c10x_timer.o(i.timer_struct_para_init)
    i.usb_basic_init                         0x080033f0   Section        0  drv_usb_core.o(i.usb_basic_init)
    i.usb_clock_active                       0x080034ca   Section        0  drv_usb_dev.o(i.usb_clock_active)
    i.usb_core_init                          0x080034ec   Section        0  drv_usb_core.o(i.usb_core_init)
    i.usb_core_reset                         0x080035a4   Section        0  drv_usb_core.o(i.usb_core_reset)
    usb_core_reset                           0x080035a5   Thumb Code    38  drv_usb_core.o(i.usb_core_reset)
    i.usb_ctlep_startout                     0x080035cc   Section        0  drv_usb_dev.o(i.usb_ctlep_startout)
    i.usb_curmode_set                        0x080035f4   Section        0  drv_usb_core.o(i.usb_curmode_set)
    i.usb_devcore_init                       0x08003624   Section        0  drv_usb_dev.o(i.usb_devcore_init)
    i.usb_devint_enable                      0x08003774   Section        0  drv_usb_dev.o(i.usb_devint_enable)
    i.usb_iepintr_read                       0x080037b4   Section        0  drv_usb_dev.o(i.usb_iepintr_read)
    i.usb_intr_config                        0x080037de   Section        0  gd32c10x_hw.o(i.usb_intr_config)
    i.usb_mdelay                             0x08003822   Section        0  gd32c10x_hw.o(i.usb_mdelay)
    i.usb_rcu_config                         0x08003830   Section        0  gd32c10x_hw.o(i.usb_rcu_config)
    i.usb_rxfifo_flush                       0x080038cc   Section        0  drv_usb_core.o(i.usb_rxfifo_flush)
    i.usb_rxfifo_read                        0x080038ee   Section        0  drv_usb_core.o(i.usb_rxfifo_read)
    i.usb_set_txfifo                         0x0800390c   Section        0  drv_usb_core.o(i.usb_set_txfifo)
    i.usb_timer_init                         0x08003954   Section        0  gd32c10x_hw.o(i.usb_timer_init)
    i.usb_timer_irq                          0x0800397c   Section        0  gd32c10x_hw.o(i.usb_timer_irq)
    i.usb_transc_active                      0x080039b4   Section        0  drv_usb_dev.o(i.usb_transc_active)
    i.usb_transc_clrstall                    0x08003a4c   Section        0  drv_usb_dev.o(i.usb_transc_clrstall)
    i.usb_transc_deactivate                  0x08003a90   Section        0  drv_usb_dev.o(i.usb_transc_deactivate)
    i.usb_transc_inxfer                      0x08003af4   Section        0  drv_usb_dev.o(i.usb_transc_inxfer)
    i.usb_transc_outxfer                     0x08003c00   Section        0  drv_usb_dev.o(i.usb_transc_outxfer)
    i.usb_transc_stall                       0x08003c90   Section        0  drv_usb_dev.o(i.usb_transc_stall)
    i.usb_txfifo_flush                       0x08003cd2   Section        0  drv_usb_core.o(i.usb_txfifo_flush)
    i.usb_txfifo_write                       0x08003cfa   Section        0  drv_usb_core.o(i.usb_txfifo_write)
    i.usb_udelay                             0x08003d1c   Section        0  gd32c10x_hw.o(i.usb_udelay)
    i.usbd_class_request                     0x08003d2a   Section        0  usbd_enum.o(i.usbd_class_request)
    i.usbd_connect                           0x08003d50   Section        0  usbd_core.o(i.usbd_connect)
    i.usbd_ctl_recev                         0x08003d6c   Section        0  usbd_transc.o(i.usbd_ctl_recev)
    i.usbd_ctl_send                          0x08003d9a   Section        0  usbd_transc.o(i.usbd_ctl_send)
    i.usbd_ctl_status_recev                  0x08003dc8   Section        0  usbd_transc.o(i.usbd_ctl_status_recev)
    i.usbd_ctl_status_send                   0x08003de8   Section        0  usbd_transc.o(i.usbd_ctl_status_send)
    i.usbd_disconnect                        0x08003e08   Section        0  usbd_core.o(i.usbd_disconnect)
    i.usbd_emptytxfifo_write                 0x08003e24   Section        0  drv_usbd_int.o(i.usbd_emptytxfifo_write)
    usbd_emptytxfifo_write                   0x08003e25   Thumb Code   140  drv_usbd_int.o(i.usbd_emptytxfifo_write)
    i.usbd_enum_error                        0x08003eb0   Section        0  usbd_enum.o(i.usbd_enum_error)
    i.usbd_ep_clear                          0x08003ece   Section        0  usbd_core.o(i.usbd_ep_clear)
    i.usbd_ep_recev                          0x08003f02   Section        0  usbd_core.o(i.usbd_ep_recev)
    i.usbd_ep_send                           0x08003f3e   Section        0  usbd_core.o(i.usbd_ep_send)
    i.usbd_ep_setup                          0x08003f7c   Section        0  usbd_core.o(i.usbd_ep_setup)
    i.usbd_ep_stall                          0x08003fec   Section        0  usbd_core.o(i.usbd_ep_stall)
    i.usbd_ep_stall_clear                    0x08004026   Section        0  usbd_core.o(i.usbd_ep_stall_clear)
    i.usbd_in_transc                         0x08004060   Section        0  usbd_transc.o(i.usbd_in_transc)
    i.usbd_init                              0x08004100   Section        0  usbd_core.o(i.usbd_init)
    i.usbd_int_enumfinish                    0x0800417c   Section        0  drv_usbd_int.o(i.usbd_int_enumfinish)
    usbd_int_enumfinish                      0x0800417d   Thumb Code    98  drv_usbd_int.o(i.usbd_int_enumfinish)
    i.usbd_int_epin                          0x080041e4   Section        0  drv_usbd_int.o(i.usbd_int_epin)
    usbd_int_epin                            0x080041e5   Thumb Code   138  drv_usbd_int.o(i.usbd_int_epin)
    i.usbd_int_epout                         0x0800426e   Section        0  drv_usbd_int.o(i.usbd_int_epout)
    usbd_int_epout                           0x0800426f   Thumb Code   206  drv_usbd_int.o(i.usbd_int_epout)
    i.usbd_int_reset                         0x0800433c   Section        0  drv_usbd_int.o(i.usbd_int_reset)
    usbd_int_reset                           0x0800433d   Thumb Code   208  drv_usbd_int.o(i.usbd_int_reset)
    i.usbd_int_rxfifo                        0x08004414   Section        0  drv_usbd_int.o(i.usbd_int_rxfifo)
    usbd_int_rxfifo                          0x08004415   Thumb Code   178  drv_usbd_int.o(i.usbd_int_rxfifo)
    i.usbd_int_suspend                       0x080044c6   Section        0  drv_usbd_int.o(i.usbd_int_suspend)
    usbd_int_suspend                         0x080044c7   Thumb Code   102  drv_usbd_int.o(i.usbd_int_suspend)
    i.usbd_isr                               0x0800452c   Section        0  drv_usbd_int.o(i.usbd_isr)
    i.usbd_out_transc                        0x0800460a   Section        0  usbd_transc.o(i.usbd_out_transc)
    i.usbd_setup_transc                      0x0800468e   Section        0  usbd_transc.o(i.usbd_setup_transc)
    i.usbd_standard_request                  0x08004714   Section        0  usbd_enum.o(i.usbd_standard_request)
    i.usbd_vendor_request                    0x08004730   Section        0  usbd_enum.o(i.usbd_vendor_request)
    x$fpl$fpinit                             0x08004736   Section       10  fpinit.o(x$fpl$fpinit)
    $v0                                      0x08004736   Number         0  fpinit.o(x$fpl$fpinit)
    .constdata                               0x08004740   Section       24  app.o(.constdata)
    .constdata                               0x08004758   Section      216  gd32c10x_can.o(.constdata)
    timing_pts                               0x08004760   Data         184  gd32c10x_can.o(.constdata)
    .constdata                               0x08004830   Section        4  drv_usb_dev.o(.constdata)
    EP0_MAXLEN                               0x08004830   Data           4  drv_usb_dev.o(.constdata)
    .constdata                               0x08004834   Section       60  drv_usbd_int.o(.constdata)
    USB_SPEED                                0x08004834   Data           4  drv_usbd_int.o(.constdata)
    <Data1>                                  0x08004838   Data          28  drv_usbd_int.o(.constdata)
    <Data2>                                  0x08004854   Data          28  drv_usbd_int.o(.constdata)
    .constdata                               0x08004870   Section       16  usbd_core.o(.constdata)
    .constdata                               0x08004880   Section      375  cdc_acm_core.o(.constdata)
    usbd_language_id_desc                    0x080048d5   Data           4  cdc_acm_core.o(.constdata)
    manufacturer_string                      0x080048d9   Data         130  cdc_acm_core.o(.constdata)
    product_string                           0x0800495b   Data         130  cdc_acm_core.o(.constdata)
    .constdata                               0x080049f8   Section      200  can.o(.constdata)
    .data                                    0x20000000   Section       12  gd32c10x_hw.o(.data)
    .data                                    0x2000000c   Section        1  gd32c10x_it.o(.data)
    Old_val1                                 0x2000000c   Data           1  gd32c10x_it.o(.data)
    .data                                    0x2000000e   Section        8  drv_usb_dev.o(.data)
    USBFS_TX_FIFO_SIZE                       0x2000000e   Data           8  drv_usb_dev.o(.data)
    .data                                    0x20000018   Section       67  usbd_enum.o(.data)
    _std_dev_req                             0x20000018   Data          52  usbd_enum.o(.data)
    std_desc_get                             0x2000004c   Data          12  usbd_enum.o(.data)
    status                                   0x20000058   Data           2  usbd_enum.o(.data)
    config                                   0x2000005a   Data           1  usbd_enum.o(.data)
    .data                                    0x2000005c   Section      216  cdc_acm_core.o(.data)
    serial_string                            0x20000071   Data         130  cdc_acm_core.o(.data)
    .data                                    0x20000134   Section       69  bsp.o(.data)
    .bss                                     0x2000017c   Section     1084  app.o(.bss)
    .bss                                     0x200005b8   Section       16  gd32c10x_pmu.o(.bss)
    reg_snap                                 0x200005b8   Data          16  gd32c10x_pmu.o(.bss)
    .bss                                     0x200005c8   Section      100  cdc_acm_core.o(.bss)
    cdc_handler                              0x200005d4   Data          88  cdc_acm_core.o(.bss)
    .bss                                     0x2000062c   Section    16360  bsp.o(.bss)
    .bss                                     0x20004614   Section       96  libspace.o(.bss)
    HEAP                                     0x20004678   Section     1024  startup_gd32c10x.o(HEAP)
    Heap_Mem                                 0x20004678   Data        1024  startup_gd32c10x.o(HEAP)
    STACK                                    0x20004a78   Section     1024  startup_gd32c10x.o(STACK)
    Stack_Mem                                0x20004a78   Data        1024  startup_gd32c10x.o(STACK)
    __initial_sp                             0x20004e78   Data           0  startup_gd32c10x.o(STACK)

    Global Symbols

    Symbol Name                              Value     Ov Type        Size  Object(Section)

    BuildAttributes$$THM_ISAv4$E$P$D$K$B$S$7EM$VFPi3$EXTD16$VFPS$VFMA$PE$A:L22UL41UL21$X:L11$S22US41US21$IEEE1$IW$USESV6$~STKCKD$USESV7$~SHL$OSPACE$ROPI$EBA8$UX$STANDARDLIB$REQ8$PRES8$EABIv2 0x00000000   Number         0  anon$$obj.o ABSOLUTE
    __ARM_use_no_argv                        0x00000000   Number         0  app.o ABSOLUTE
    __ARM_exceptions_init                     - Undefined Weak Reference
    __alloca_initialize                       - Undefined Weak Reference
    __arm_preinit_                            - Undefined Weak Reference
    __cpp_initialize__aeabi_                  - Undefined Weak Reference
    __cxa_finalize                            - Undefined Weak Reference
    __rt_locale                               - Undefined Weak Reference
    __sigvec_lookup                           - Undefined Weak Reference
    _atexit_init                              - Undefined Weak Reference
    _call_atexit_fns                          - Undefined Weak Reference
    _clock_init                               - Undefined Weak Reference
    _fp_trap_init                             - Undefined Weak Reference
    _fp_trap_shutdown                         - Undefined Weak Reference
    _get_lc_collate                           - Undefined Weak Reference
    _get_lc_ctype                             - Undefined Weak Reference
    _get_lc_monetary                          - Undefined Weak Reference
    _get_lc_numeric                           - Undefined Weak Reference
    _get_lc_time                              - Undefined Weak Reference
    _getenv_init                              - Undefined Weak Reference
    _handle_redirection                       - Undefined Weak Reference
    _init_alloc                               - Undefined Weak Reference
    _init_user_alloc                          - Undefined Weak Reference
    _initio                                   - Undefined Weak Reference
    _rand_init                                - Undefined Weak Reference
    _signal_finish                            - Undefined Weak Reference
    _signal_init                              - Undefined Weak Reference
    _terminate_alloc                          - Undefined Weak Reference
    _terminate_user_alloc                     - Undefined Weak Reference
    _terminateio                              - Undefined Weak Reference
    __Vectors_Size                           0x00000150   Number         0  startup_gd32c10x.o ABSOLUTE
    __Vectors                                0x08000000   Data           4  startup_gd32c10x.o(RESET)
    __Vectors_End                            0x08000150   Data           0  startup_gd32c10x.o(RESET)
    __main                                   0x08000151   Thumb Code     8  __main.o(!!!main)
    __scatterload                            0x08000159   Thumb Code     0  __scatter.o(!!!scatter)
    __scatterload_rt2                        0x08000159   Thumb Code    44  __scatter.o(!!!scatter)
    __scatterload_rt2_thumb_only             0x08000159   Thumb Code     0  __scatter.o(!!!scatter)
    __scatterload_null                       0x08000167   Thumb Code     0  __scatter.o(!!!scatter)
    __decompress                             0x0800018d   Thumb Code    90  __dczerorl2.o(!!dczerorl2)
    __decompress1                            0x0800018d   Thumb Code     0  __dczerorl2.o(!!dczerorl2)
    __scatterload_zeroinit                   0x080001e9   Thumb Code    28  __scatter_zi.o(!!handler_zi)
    __rt_lib_init                            0x08000205   Thumb Code     0  libinit.o(.ARM.Collect$$libinit$$00000000)
    __rt_lib_init_fp_1                       0x08000207   Thumb Code     0  libinit2.o(.ARM.Collect$$libinit$$00000001)
    __rt_lib_init_alloca_1                   0x0800020b   Thumb Code     0  libinit2.o(.ARM.Collect$$libinit$$0000002E)
    __rt_lib_init_argv_1                     0x0800020b   Thumb Code     0  libinit2.o(.ARM.Collect$$libinit$$0000002C)
    __rt_lib_init_atexit_1                   0x0800020b   Thumb Code     0  libinit2.o(.ARM.Collect$$libinit$$0000001B)
    __rt_lib_init_clock_1                    0x0800020b   Thumb Code     0  libinit2.o(.ARM.Collect$$libinit$$00000021)
    __rt_lib_init_cpp_1                      0x0800020b   Thumb Code     0  libinit2.o(.ARM.Collect$$libinit$$00000032)
    __rt_lib_init_exceptions_1               0x0800020b   Thumb Code     0  libinit2.o(.ARM.Collect$$libinit$$00000030)
    __rt_lib_init_fp_trap_1                  0x0800020b   Thumb Code     0  libinit2.o(.ARM.Collect$$libinit$$0000001F)
    __rt_lib_init_getenv_1                   0x0800020b   Thumb Code     0  libinit2.o(.ARM.Collect$$libinit$$00000023)
    __rt_lib_init_heap_1                     0x0800020b   Thumb Code     0  libinit2.o(.ARM.Collect$$libinit$$0000000A)
    __rt_lib_init_lc_collate_1               0x0800020b   Thumb Code     0  libinit2.o(.ARM.Collect$$libinit$$00000011)
    __rt_lib_init_lc_ctype_1                 0x0800020b   Thumb Code     0  libinit2.o(.ARM.Collect$$libinit$$00000013)
    __rt_lib_init_lc_monetary_1              0x0800020b   Thumb Code     0  libinit2.o(.ARM.Collect$$libinit$$00000015)
    __rt_lib_init_lc_numeric_1               0x0800020b   Thumb Code     0  libinit2.o(.ARM.Collect$$libinit$$00000017)
    __rt_lib_init_lc_time_1                  0x0800020b   Thumb Code     0  libinit2.o(.ARM.Collect$$libinit$$00000019)
    __rt_lib_init_preinit_1                  0x0800020b   Thumb Code     0  libinit2.o(.ARM.Collect$$libinit$$00000004)
    __rt_lib_init_rand_1                     0x0800020b   Thumb Code     0  libinit2.o(.ARM.Collect$$libinit$$0000000E)
    __rt_lib_init_return                     0x0800020b   Thumb Code     0  libinit2.o(.ARM.Collect$$libinit$$00000033)
    __rt_lib_init_signal_1                   0x0800020b   Thumb Code     0  libinit2.o(.ARM.Collect$$libinit$$0000001D)
    __rt_lib_init_stdio_1                    0x0800020b   Thumb Code     0  libinit2.o(.ARM.Collect$$libinit$$00000025)
    __rt_lib_init_user_alloc_1               0x0800020b   Thumb Code     0  libinit2.o(.ARM.Collect$$libinit$$0000000C)
    __rt_lib_shutdown                        0x0800020d   Thumb Code     0  libshutdown.o(.ARM.Collect$$libshutdown$$00000000)
    __rt_lib_shutdown_cpp_1                  0x0800020f   Thumb Code     0  libshutdown2.o(.ARM.Collect$$libshutdown$$00000002)
    __rt_lib_shutdown_fp_trap_1              0x0800020f   Thumb Code     0  libshutdown2.o(.ARM.Collect$$libshutdown$$00000007)
    __rt_lib_shutdown_heap_1                 0x0800020f   Thumb Code     0  libshutdown2.o(.ARM.Collect$$libshutdown$$0000000F)
    __rt_lib_shutdown_return                 0x0800020f   Thumb Code     0  libshutdown2.o(.ARM.Collect$$libshutdown$$00000010)
    __rt_lib_shutdown_signal_1               0x0800020f   Thumb Code     0  libshutdown2.o(.ARM.Collect$$libshutdown$$0000000A)
    __rt_lib_shutdown_stdio_1                0x0800020f   Thumb Code     0  libshutdown2.o(.ARM.Collect$$libshutdown$$00000004)
    __rt_lib_shutdown_user_alloc_1           0x0800020f   Thumb Code     0  libshutdown2.o(.ARM.Collect$$libshutdown$$0000000C)
    __rt_entry                               0x08000211   Thumb Code     0  __rtentry.o(.ARM.Collect$$rtentry$$00000000)
    __rt_entry_presh_1                       0x08000211   Thumb Code     0  __rtentry2.o(.ARM.Collect$$rtentry$$00000002)
    __rt_entry_sh                            0x08000211   Thumb Code     0  __rtentry4.o(.ARM.Collect$$rtentry$$00000004)
    __rt_entry_li                            0x08000217   Thumb Code     0  __rtentry2.o(.ARM.Collect$$rtentry$$0000000A)
    __rt_entry_postsh_1                      0x08000217   Thumb Code     0  __rtentry2.o(.ARM.Collect$$rtentry$$00000009)
    __rt_entry_main                          0x0800021b   Thumb Code     0  __rtentry2.o(.ARM.Collect$$rtentry$$0000000D)
    __rt_entry_postli_1                      0x0800021b   Thumb Code     0  __rtentry2.o(.ARM.Collect$$rtentry$$0000000C)
    __rt_exit                                0x08000223   Thumb Code     0  rtexit.o(.ARM.Collect$$rtexit$$00000000)
    __rt_exit_ls                             0x08000225   Thumb Code     0  rtexit2.o(.ARM.Collect$$rtexit$$00000003)
    __rt_exit_prels_1                        0x08000225   Thumb Code     0  rtexit2.o(.ARM.Collect$$rtexit$$00000002)
    __rt_exit_exit                           0x08000229   Thumb Code     0  rtexit2.o(.ARM.Collect$$rtexit$$00000004)
    Reset_Handler                            0x08000231   Thumb Code     8  startup_gd32c10x.o(.text)
    ADC0_1_IRQHandler                        0x0800024b   Thumb Code     0  startup_gd32c10x.o(.text)
    CAN0_EWMC_IRQHandler                     0x0800024b   Thumb Code     0  startup_gd32c10x.o(.text)
    CAN0_RX1_IRQHandler                      0x0800024b   Thumb Code     0  startup_gd32c10x.o(.text)
    CAN0_TX_IRQHandler                       0x0800024b   Thumb Code     0  startup_gd32c10x.o(.text)
    CAN1_EWMC_IRQHandler                     0x0800024b   Thumb Code     0  startup_gd32c10x.o(.text)
    CAN1_RX1_IRQHandler                      0x0800024b   Thumb Code     0  startup_gd32c10x.o(.text)
    CAN1_TX_IRQHandler                       0x0800024b   Thumb Code     0  startup_gd32c10x.o(.text)
    DMA0_Channel0_IRQHandler                 0x0800024b   Thumb Code     0  startup_gd32c10x.o(.text)
    DMA0_Channel1_IRQHandler                 0x0800024b   Thumb Code     0  startup_gd32c10x.o(.text)
    DMA0_Channel2_IRQHandler                 0x0800024b   Thumb Code     0  startup_gd32c10x.o(.text)
    DMA0_Channel3_IRQHandler                 0x0800024b   Thumb Code     0  startup_gd32c10x.o(.text)
    DMA0_Channel4_IRQHandler                 0x0800024b   Thumb Code     0  startup_gd32c10x.o(.text)
    DMA0_Channel5_IRQHandler                 0x0800024b   Thumb Code     0  startup_gd32c10x.o(.text)
    DMA0_Channel6_IRQHandler                 0x0800024b   Thumb Code     0  startup_gd32c10x.o(.text)
    DMA1_Channel0_IRQHandler                 0x0800024b   Thumb Code     0  startup_gd32c10x.o(.text)
    DMA1_Channel1_IRQHandler                 0x0800024b   Thumb Code     0  startup_gd32c10x.o(.text)
    DMA1_Channel2_IRQHandler                 0x0800024b   Thumb Code     0  startup_gd32c10x.o(.text)
    DMA1_Channel3_IRQHandler                 0x0800024b   Thumb Code     0  startup_gd32c10x.o(.text)
    DMA1_Channel4_IRQHandler                 0x0800024b   Thumb Code     0  startup_gd32c10x.o(.text)
    EXMC_IRQHandler                          0x0800024b   Thumb Code     0  startup_gd32c10x.o(.text)
    EXTI0_IRQHandler                         0x0800024b   Thumb Code     0  startup_gd32c10x.o(.text)
    EXTI1_IRQHandler                         0x0800024b   Thumb Code     0  startup_gd32c10x.o(.text)
    EXTI2_IRQHandler                         0x0800024b   Thumb Code     0  startup_gd32c10x.o(.text)
    EXTI3_IRQHandler                         0x0800024b   Thumb Code     0  startup_gd32c10x.o(.text)
    EXTI4_IRQHandler                         0x0800024b   Thumb Code     0  startup_gd32c10x.o(.text)
    EXTI5_9_IRQHandler                       0x0800024b   Thumb Code     0  startup_gd32c10x.o(.text)
    FMC_IRQHandler                           0x0800024b   Thumb Code     0  startup_gd32c10x.o(.text)
    I2C0_ER_IRQHandler                       0x0800024b   Thumb Code     0  startup_gd32c10x.o(.text)
    I2C0_EV_IRQHandler                       0x0800024b   Thumb Code     0  startup_gd32c10x.o(.text)
    I2C1_ER_IRQHandler                       0x0800024b   Thumb Code     0  startup_gd32c10x.o(.text)
    I2C1_EV_IRQHandler                       0x0800024b   Thumb Code     0  startup_gd32c10x.o(.text)
    LVD_IRQHandler                           0x0800024b   Thumb Code     0  startup_gd32c10x.o(.text)
    RCU_CTC_IRQHandler                       0x0800024b   Thumb Code     0  startup_gd32c10x.o(.text)
    RTC_Alarm_IRQHandler                     0x0800024b   Thumb Code     0  startup_gd32c10x.o(.text)
    RTC_IRQHandler                           0x0800024b   Thumb Code     0  startup_gd32c10x.o(.text)
    SPI0_IRQHandler                          0x0800024b   Thumb Code     0  startup_gd32c10x.o(.text)
    SPI1_IRQHandler                          0x0800024b   Thumb Code     0  startup_gd32c10x.o(.text)
    SPI2_IRQHandler                          0x0800024b   Thumb Code     0  startup_gd32c10x.o(.text)
    TAMPER_IRQHandler                        0x0800024b   Thumb Code     0  startup_gd32c10x.o(.text)
    TIMER0_Channel_IRQHandler                0x0800024b   Thumb Code     0  startup_gd32c10x.o(.text)
    TIMER0_TRG_CMT_TIMER10_IRQHandler        0x0800024b   Thumb Code     0  startup_gd32c10x.o(.text)
    TIMER0_UP_TIMER9_IRQHandler              0x0800024b   Thumb Code     0  startup_gd32c10x.o(.text)
    TIMER3_IRQHandler                        0x0800024b   Thumb Code     0  startup_gd32c10x.o(.text)
    TIMER4_IRQHandler                        0x0800024b   Thumb Code     0  startup_gd32c10x.o(.text)
    TIMER7_BRK_TIMER11_IRQHandler            0x0800024b   Thumb Code     0  startup_gd32c10x.o(.text)
    TIMER7_Channel_IRQHandler                0x0800024b   Thumb Code     0  startup_gd32c10x.o(.text)
    TIMER7_TRG_CMT_TIMER13_IRQHandler        0x0800024b   Thumb Code     0  startup_gd32c10x.o(.text)
    TIMER7_UP_TIMER12_IRQHandler             0x0800024b   Thumb Code     0  startup_gd32c10x.o(.text)
    UART3_IRQHandler                         0x0800024b   Thumb Code     0  startup_gd32c10x.o(.text)
    UART4_IRQHandler                         0x0800024b   Thumb Code     0  startup_gd32c10x.o(.text)
    USART0_IRQHandler                        0x0800024b   Thumb Code     0  startup_gd32c10x.o(.text)
    USART2_IRQHandler                        0x0800024b   Thumb Code     0  startup_gd32c10x.o(.text)
    WWDGT_IRQHandler                         0x0800024b   Thumb Code     0  startup_gd32c10x.o(.text)
    __user_initial_stackheap                 0x0800024d   Thumb Code    10  startup_gd32c10x.o(.text)
    __aeabi_memcpy                           0x08000271   Thumb Code     0  rt_memcpy_v6.o(.text)
    __rt_memcpy                              0x08000271   Thumb Code   138  rt_memcpy_v6.o(.text)
    _memcpy_lastbytes                        0x080002d7   Thumb Code     0  rt_memcpy_v6.o(.text)
    __aeabi_memcpy4                          0x080002fb   Thumb Code     0  rt_memcpy_w.o(.text)
    __aeabi_memcpy8                          0x080002fb   Thumb Code     0  rt_memcpy_w.o(.text)
    __rt_memcpy_w                            0x080002fb   Thumb Code   100  rt_memcpy_w.o(.text)
    _memcpy_lastbytes_aligned                0x08000343   Thumb Code     0  rt_memcpy_w.o(.text)
    __aeabi_memclr4                          0x0800035f   Thumb Code     0  rt_memclr_w.o(.text)
    __aeabi_memclr8                          0x0800035f   Thumb Code     0  rt_memclr_w.o(.text)
    __rt_memclr_w                            0x0800035f   Thumb Code    78  rt_memclr_w.o(.text)
    _memset_w                                0x08000363   Thumb Code     0  rt_memclr_w.o(.text)
    __use_two_region_memory                  0x080003ad   Thumb Code     2  heapauxi.o(.text)
    __rt_heap_escrow$2region                 0x080003af   Thumb Code     2  heapauxi.o(.text)
    __rt_heap_expand$2region                 0x080003b1   Thumb Code     2  heapauxi.o(.text)
    __user_setup_stackheap                   0x080003b3   Thumb Code    74  sys_stackheap_outer.o(.text)
    exit                                     0x080003fd   Thumb Code    18  exit.o(.text)
    __user_libspace                          0x08000411   Thumb Code     8  libspace.o(.text)
    __user_perproc_libspace                  0x08000411   Thumb Code     0  libspace.o(.text)
    __user_perthread_libspace                0x08000411   Thumb Code     0  libspace.o(.text)
    _sys_exit                                0x08000419   Thumb Code     8  sys_exit.o(.text)
    __I$use$semihosting                      0x08000425   Thumb Code     0  use_no_semi.o(.text)
    __use_no_semihosting_swi                 0x08000425   Thumb Code     2  use_no_semi.o(.text)
    __semihosting_library_function           0x08000427   Thumb Code     0  indicate_semi.o(.text)
    Adc_Init                                 0x08000429   Thumb Code   110  bsp.o(i.Adc_Init)
    BusFault_Handler                         0x080004a1   Thumb Code     4  gd32c10x_it.o(i.BusFault_Handler)
    CAN0_RX0_IRQHandler                      0x080004a5   Thumb Code    22  gd32c10x_it.o(i.CAN0_RX0_IRQHandler)
    CAN1_RX0_IRQHandler                      0x080004c1   Thumb Code    18  gd32c10x_it.o(i.CAN1_RX0_IRQHandler)
    CAN_setAllfit                            0x080004d9   Thumb Code    64  can.o(i.CAN_setAllfit)
    CanFD_config                             0x08000519   Thumb Code   238  can.o(i.CanFD_config)
    CanFdSendISO15765Data                    0x08000615   Thumb Code   210  can.o(i.CanFdSendISO15765Data)
    DebugMon_Handler                         0x080006ed   Thumb Code     2  gd32c10x_it.o(i.DebugMon_Handler)
    Delay_ms                                 0x080006ef   Thumb Code    18  timer.o(i.Delay_ms)
    Delay_us                                 0x08000701   Thumb Code    12  timer.o(i.Delay_us)
    EXTI10_15_IRQHandler                     0x0800070d   Thumb Code   230  gd32c10x_it.o(i.EXTI10_15_IRQHandler)
    GetFdCanLen                              0x08000801   Thumb Code    60  can.o(i.GetFdCanLen)
    GetTimer6Cnt                             0x0800083d   Thumb Code    36  timer.o(i.GetTimer6Cnt)
    HardFault_Handler                        0x08000869   Thumb Code     4  gd32c10x_it.o(i.HardFault_Handler)
    Led_Init                                 0x0800086d   Thumb Code    46  bsp.o(i.Led_Init)
    MemManage_Handler                        0x080008a1   Thumb Code     4  gd32c10x_it.o(i.MemManage_Handler)
    NMI_Handler                              0x080008a5   Thumb Code     2  gd32c10x_it.o(i.NMI_Handler)
    PendSV_Handler                           0x080008a7   Thumb Code     2  gd32c10x_it.o(i.PendSV_Handler)
    ReceiveUsbDate                           0x080008a9   Thumb Code    28  cdc_acm_core.o(i.ReceiveUsbDate)
    SVC_Handler                              0x080008c5   Thumb Code     2  gd32c10x_it.o(i.SVC_Handler)
    SysTick_Handler                          0x080008c7   Thumb Code     2  gd32c10x_it.o(i.SysTick_Handler)
    SystemInit                               0x080008c9   Thumb Code   150  system_gd32c10x.o(i.SystemInit)
    TIM5_config                              0x0800096d   Thumb Code   100  timer.o(i.TIM5_config)
    TIM6_config                              0x080009d9   Thumb Code   100  timer.o(i.TIM6_config)
    TIMER0_BRK_TIMER8_IRQHandler             0x08000a45   Thumb Code   442  gd32c10x_it.o(i.TIMER0_BRK_TIMER8_IRQHandler)
    TIMER1_IRQHandler                        0x08000c19   Thumb Code   948  gd32c10x_it.o(i.TIMER1_IRQHandler)
    TIMER2_IRQHandler                        0x08001001   Thumb Code     8  gd32c10x_it.o(i.TIMER2_IRQHandler)
    TIMER5_IRQHandler                        0x08001009   Thumb Code    46  gd32c10x_it.o(i.TIMER5_IRQHandler)
    TIMER6_IRQHandler                        0x08001041   Thumb Code    46  gd32c10x_it.o(i.TIMER6_IRQHandler)
    Time5Delayus                             0x08001079   Thumb Code   130  timer.o(i.Time5Delayus)
    USART1_IRQHandler                        0x08001105   Thumb Code     2  gd32c10x_it.o(i.USART1_IRQHandler)
    USBFS_IRQHandler                         0x08001109   Thumb Code    10  gd32c10x_it.o(i.USBFS_IRQHandler)
    USBFS_WKUP_IRQHandler                    0x08001119   Thumb Code    44  gd32c10x_it.o(i.USBFS_WKUP_IRQHandler)
    UsageFault_Handler                       0x0800114d   Thumb Code     4  gd32c10x_it.o(i.UsageFault_Handler)
    adc_calibration_enable                   0x08001645   Thumb Code    42  gd32c10x_adc.o(i.adc_calibration_enable)
    adc_channel_length_config                0x0800166f   Thumb Code    70  gd32c10x_adc.o(i.adc_channel_length_config)
    adc_data_alignment_config                0x080016b5   Thumb Code    22  gd32c10x_adc.o(i.adc_data_alignment_config)
    adc_enable                               0x080016cb   Thumb Code    18  gd32c10x_adc.o(i.adc_enable)
    adc_external_trigger_config              0x080016dd   Thumb Code    62  gd32c10x_adc.o(i.adc_external_trigger_config)
    adc_external_trigger_source_config       0x0800171b   Thumb Code    48  gd32c10x_adc.o(i.adc_external_trigger_source_config)
    adc_mode_config                          0x0800174d   Thumb Code    22  gd32c10x_adc.o(i.adc_mode_config)
    can_deinit                               0x08001769   Thumb Code    46  gd32c10x_can.o(i.can_deinit)
    can_fd_init                              0x0800179d   Thumb Code   244  gd32c10x_can.o(i.can_fd_init)
    can_filter_init                          0x08001891   Thumb Code   262  gd32c10x_can.o(i.can_filter_init)
    can_gpio_config                          0x080019a1   Thumb Code    66  can.o(i.can_gpio_config)
    can_init                                 0x080019e9   Thumb Code   420  gd32c10x_can.o(i.can_init)
    can_interrupt_enable                     0x08001b8d   Thumb Code     8  gd32c10x_can.o(i.can_interrupt_enable)
    can_message_receive                      0x08001b95   Thumb Code   448  gd32c10x_can.o(i.can_message_receive)
    can_message_transmit                     0x08001d59   Thumb Code   620  gd32c10x_can.o(i.can_message_transmit)
    can_struct_para_init                     0x08001fcd   Thumb Code   226  gd32c10x_can.o(i.can_struct_para_init)
    can_transmit_states                      0x080020b1   Thumb Code   104  gd32c10x_can.o(i.can_transmit_states)
    cdc_acm_check_ready                      0x0800212d   Thumb Code    34  cdc_acm_core.o(i.cdc_acm_check_ready)
    cdc_acm_data_receive                     0x0800214f   Thumb Code    28  cdc_acm_core.o(i.cdc_acm_data_receive)
    ctc_clock_limit_value_config             0x08002465   Thumb Code    24  gd32c10x_ctc.o(i.ctc_clock_limit_value_config)
    ctc_config                               0x08002481   Thumb Code    48  gd32c10x_hw.o(i.ctc_config)
    ctc_counter_enable                       0x080024b1   Thumb Code    14  gd32c10x_ctc.o(i.ctc_counter_enable)
    ctc_counter_reload_value_config          0x080024c5   Thumb Code    22  gd32c10x_ctc.o(i.ctc_counter_reload_value_config)
    ctc_flag_get                             0x080024e1   Thumb Code    18  gd32c10x_ctc.o(i.ctc_flag_get)
    ctc_hardware_trim_mode_config            0x080024f9   Thumb Code    22  gd32c10x_ctc.o(i.ctc_hardware_trim_mode_config)
    ctc_refsource_polarity_config            0x08002515   Thumb Code    22  gd32c10x_ctc.o(i.ctc_refsource_polarity_config)
    ctc_refsource_prescaler_config           0x08002531   Thumb Code    22  gd32c10x_ctc.o(i.ctc_refsource_prescaler_config)
    ctc_refsource_signal_select              0x0800254d   Thumb Code    22  gd32c10x_ctc.o(i.ctc_refsource_signal_select)
    exti_init                                0x08002569   Thumb Code   178  gd32c10x_exti.o(i.exti_init)
    exti_interrupt_enable                    0x08002621   Thumb Code    12  gd32c10x_exti.o(i.exti_interrupt_enable)
    exti_interrupt_flag_clear                0x08002631   Thumb Code     6  gd32c10x_exti.o(i.exti_interrupt_flag_clear)
    exti_interrupt_flag_get                  0x0800263d   Thumb Code    32  gd32c10x_exti.o(i.exti_interrupt_flag_get)
    gpio_bit_reset                           0x08002661   Thumb Code     4  gd32c10x_gpio.o(i.gpio_bit_reset)
    gpio_bit_set                             0x08002665   Thumb Code     4  gd32c10x_gpio.o(i.gpio_bit_set)
    gpio_init                                0x08002669   Thumb Code   188  gd32c10x_gpio.o(i.gpio_init)
    gpio_input_bit_get                       0x08002725   Thumb Code    16  gd32c10x_gpio.o(i.gpio_input_bit_get)
    gpio_pin_remap_config                    0x08002735   Thumb Code   138  gd32c10x_gpio.o(i.gpio_pin_remap_config)
    int_to_unicode                           0x08002861   Thumb Code    60  usbd_enum.o(i.int_to_unicode)
    main                                     0x0800289d   Thumb Code   252  app.o(i.main)
    nvic_irq_enable                          0x080029c9   Thumb Code   162  gd32c10x_misc.o(i.nvic_irq_enable)
    nvic_priority_group_set                  0x08002a75   Thumb Code    10  gd32c10x_misc.o(i.nvic_priority_group_set)
    nvic_vector_table_set                    0x08002a89   Thumb Code    16  gd32c10x_misc.o(i.nvic_vector_table_set)
    pmu_to_deepsleepmode                     0x08002aa1   Thumb Code   170  gd32c10x_pmu.o(i.pmu_to_deepsleepmode)
    rcu_adc_clock_config                     0x08002b65   Thumb Code    98  gd32c10x_rcu.o(i.rcu_adc_clock_config)
    rcu_ck48m_clock_config                   0x08002bd1   Thumb Code    22  gd32c10x_rcu.o(i.rcu_ck48m_clock_config)
    rcu_clock_freq_get                       0x08002bed   Thumb Code   352  gd32c10x_rcu.o(i.rcu_clock_freq_get)
    rcu_flag_get                             0x08002d6d   Thumb Code    30  gd32c10x_rcu.o(i.rcu_flag_get)
    rcu_osci_on                              0x08002d91   Thumb Code    28  gd32c10x_rcu.o(i.rcu_osci_on)
    rcu_osci_stab_wait                       0x08002db1   Thumb Code   342  gd32c10x_rcu.o(i.rcu_osci_stab_wait)
    rcu_periph_clock_enable                  0x08002f0d   Thumb Code    28  gd32c10x_rcu.o(i.rcu_periph_clock_enable)
    rcu_periph_reset_disable                 0x08002f2d   Thumb Code    28  gd32c10x_rcu.o(i.rcu_periph_reset_disable)
    rcu_periph_reset_enable                  0x08002f4d   Thumb Code    28  gd32c10x_rcu.o(i.rcu_periph_reset_enable)
    rcu_usb_clock_config                     0x08002f6d   Thumb Code    18  gd32c10x_rcu.o(i.rcu_usb_clock_config)
    serial_string_get                        0x08002f85   Thumb Code    66  usbd_enum.o(i.serial_string_get)
    timer_auto_reload_shadow_enable          0x080030d5   Thumb Code    10  gd32c10x_timer.o(i.timer_auto_reload_shadow_enable)
    timer_channel_capture_value_register_read 0x080030df   Thumb Code    42  gd32c10x_timer.o(i.timer_channel_capture_value_register_read)
    timer_channel_output_polarity_config     0x08003109   Thumb Code    92  gd32c10x_timer.o(i.timer_channel_output_polarity_config)
    timer_counter_read                       0x08003165   Thumb Code     8  gd32c10x_timer.o(i.timer_counter_read)
    timer_counter_value_config               0x0800316d   Thumb Code     4  gd32c10x_timer.o(i.timer_counter_value_config)
    timer_deinit                             0x08003171   Thumb Code   374  gd32c10x_timer.o(i.timer_deinit)
    timer_disable                            0x080032f5   Thumb Code    10  gd32c10x_timer.o(i.timer_disable)
    timer_enable                             0x080032ff   Thumb Code    10  gd32c10x_timer.o(i.timer_enable)
    timer_init                               0x08003309   Thumb Code   134  gd32c10x_timer.o(i.timer_init)
    timer_interrupt_disable                  0x080033ad   Thumb Code     8  gd32c10x_timer.o(i.timer_interrupt_disable)
    timer_interrupt_enable                   0x080033b5   Thumb Code     8  gd32c10x_timer.o(i.timer_interrupt_enable)
    timer_interrupt_flag_clear               0x080033bd   Thumb Code     6  gd32c10x_timer.o(i.timer_interrupt_flag_clear)
    timer_interrupt_flag_get                 0x080033c3   Thumb Code    24  gd32c10x_timer.o(i.timer_interrupt_flag_get)
    timer_struct_para_init                   0x080033db   Thumb Code    22  gd32c10x_timer.o(i.timer_struct_para_init)
    usb_basic_init                           0x080033f1   Thumb Code   218  drv_usb_core.o(i.usb_basic_init)
    usb_clock_active                         0x080034cb   Thumb Code    32  drv_usb_dev.o(i.usb_clock_active)
    usb_core_init                            0x080034ed   Thumb Code   178  drv_usb_core.o(i.usb_core_init)
    usb_ctlep_startout                       0x080035cd   Thumb Code    34  drv_usb_dev.o(i.usb_ctlep_startout)
    usb_curmode_set                          0x080035f5   Thumb Code    46  drv_usb_core.o(i.usb_curmode_set)
    usb_devcore_init                         0x08003625   Thumb Code   330  drv_usb_dev.o(i.usb_devcore_init)
    usb_devint_enable                        0x08003775   Thumb Code    56  drv_usb_dev.o(i.usb_devint_enable)
    usb_iepintr_read                         0x080037b5   Thumb Code    42  drv_usb_dev.o(i.usb_iepintr_read)
    usb_intr_config                          0x080037df   Thumb Code    68  gd32c10x_hw.o(i.usb_intr_config)
    usb_mdelay                               0x08003823   Thumb Code    14  gd32c10x_hw.o(i.usb_mdelay)
    usb_rcu_config                           0x08003831   Thumb Code   130  gd32c10x_hw.o(i.usb_rcu_config)
    usb_rxfifo_flush                         0x080038cd   Thumb Code    34  drv_usb_core.o(i.usb_rxfifo_flush)
    usb_rxfifo_read                          0x080038ef   Thumb Code    30  drv_usb_core.o(i.usb_rxfifo_read)
    usb_set_txfifo                           0x0800390d   Thumb Code    72  drv_usb_core.o(i.usb_set_txfifo)
    usb_timer_init                           0x08003955   Thumb Code    40  gd32c10x_hw.o(i.usb_timer_init)
    usb_timer_irq                            0x0800397d   Thumb Code    46  gd32c10x_hw.o(i.usb_timer_irq)
    usb_transc_active                        0x080039b5   Thumb Code   142  drv_usb_dev.o(i.usb_transc_active)
    usb_transc_clrstall                      0x08003a4d   Thumb Code    68  drv_usb_dev.o(i.usb_transc_clrstall)
    usb_transc_deactivate                    0x08003a91   Thumb Code   100  drv_usb_dev.o(i.usb_transc_deactivate)
    usb_transc_inxfer                        0x08003af5   Thumb Code   268  drv_usb_dev.o(i.usb_transc_inxfer)
    usb_transc_outxfer                       0x08003c01   Thumb Code   144  drv_usb_dev.o(i.usb_transc_outxfer)
    usb_transc_stall                         0x08003c91   Thumb Code    66  drv_usb_dev.o(i.usb_transc_stall)
    usb_txfifo_flush                         0x08003cd3   Thumb Code    40  drv_usb_core.o(i.usb_txfifo_flush)
    usb_txfifo_write                         0x08003cfb   Thumb Code    34  drv_usb_core.o(i.usb_txfifo_write)
    usb_udelay                               0x08003d1d   Thumb Code    14  gd32c10x_hw.o(i.usb_udelay)
    usbd_class_request                       0x08003d2b   Thumb Code    38  usbd_enum.o(i.usbd_class_request)
    usbd_connect                             0x08003d51   Thumb Code    28  usbd_core.o(i.usbd_connect)
    usbd_ctl_recev                           0x08003d6d   Thumb Code    46  usbd_transc.o(i.usbd_ctl_recev)
    usbd_ctl_send                            0x08003d9b   Thumb Code    46  usbd_transc.o(i.usbd_ctl_send)
    usbd_ctl_status_recev                    0x08003dc9   Thumb Code    32  usbd_transc.o(i.usbd_ctl_status_recev)
    usbd_ctl_status_send                     0x08003de9   Thumb Code    32  usbd_transc.o(i.usbd_ctl_status_send)
    usbd_disconnect                          0x08003e09   Thumb Code    28  usbd_core.o(i.usbd_disconnect)
    usbd_enum_error                          0x08003eb1   Thumb Code    30  usbd_enum.o(i.usbd_enum_error)
    usbd_ep_clear                            0x08003ecf   Thumb Code    52  usbd_core.o(i.usbd_ep_clear)
    usbd_ep_recev                            0x08003f03   Thumb Code    60  usbd_core.o(i.usbd_ep_recev)
    usbd_ep_send                             0x08003f3f   Thumb Code    60  usbd_core.o(i.usbd_ep_send)
    usbd_ep_setup                            0x08003f7d   Thumb Code   106  usbd_core.o(i.usbd_ep_setup)
    usbd_ep_stall                            0x08003fed   Thumb Code    58  usbd_core.o(i.usbd_ep_stall)
    usbd_ep_stall_clear                      0x08004027   Thumb Code    58  usbd_core.o(i.usbd_ep_stall_clear)
    usbd_in_transc                           0x08004061   Thumb Code   160  usbd_transc.o(i.usbd_in_transc)
    usbd_init                                0x08004101   Thumb Code   124  usbd_core.o(i.usbd_init)
    usbd_isr                                 0x0800452d   Thumb Code   222  drv_usbd_int.o(i.usbd_isr)
    usbd_out_transc                          0x0800460b   Thumb Code   132  usbd_transc.o(i.usbd_out_transc)
    usbd_setup_transc                        0x0800468f   Thumb Code   132  usbd_transc.o(i.usbd_setup_transc)
    usbd_standard_request                    0x08004715   Thumb Code    22  usbd_enum.o(i.usbd_standard_request)
    usbd_vendor_request                      0x08004731   Thumb Code     6  usbd_enum.o(i.usbd_vendor_request)
    _fp_init                                 0x08004737   Thumb Code    10  fpinit.o(x$fpl$fpinit)
    __fplib_config_fpu_vfp                   0x0800473f   Thumb Code     0  fpinit.o(x$fpl$fpinit)
    __fplib_config_pureend_doubles           0x0800473f   Thumb Code     0  fpinit.o(x$fpl$fpinit)
    g_can_fdlength_table                     0x08004758   Data           7  gd32c10x_can.o(.constdata)
    ep_type                                  0x08004870   Data          16  usbd_core.o(.constdata)
    cdc_dev_desc                             0x08004880   Data          18  cdc_acm_core.o(.constdata)
    cdc_config_desc                          0x08004892   Data          67  cdc_acm_core.o(.constdata)
    usbd_cdc_strings                         0x080049e0   Data          16  cdc_acm_core.o(.constdata)
    CANBAUD                                  0x080049f8   Data          40  can.o(.constdata)
    CANBAUD_data                             0x08004a20   Data         160  can.o(.constdata)
    Region$$Table$$Base                      0x08004ac0   Number         0  anon$$obj.o(Region$$Table)
    Region$$Table$$Limit                     0x08004ae0   Number         0  anon$$obj.o(Region$$Table)
    delay_time                               0x20000000   Data           4  gd32c10x_hw.o(.data)
    timer_prescaler                          0x20000004   Data           2  gd32c10x_hw.o(.data)
    usbfs_prescaler                          0x20000008   Data           4  gd32c10x_hw.o(.data)
    iRxUsbLen                                0x2000005c   Data           2  cdc_acm_core.o(.data)
    iRxUsbFlag                               0x2000005e   Data           2  cdc_acm_core.o(.data)
    LenFlag                                  0x20000060   Data           2  cdc_acm_core.o(.data)
    iVcpRxLen                                0x20000062   Data           2  cdc_acm_core.o(.data)
    iVcpRxCmt                                0x20000064   Data           2  cdc_acm_core.o(.data)
    iMuxFlag                                 0x20000066   Data           1  cdc_acm_core.o(.data)
    iMuxCmt                                  0x20000068   Data           4  cdc_acm_core.o(.data)
    iMuxSum                                  0x2000006c   Data           4  cdc_acm_core.o(.data)
    iUsbSendFlag                             0x20000070   Data           1  cdc_acm_core.o(.data)
    cdc_desc                                 0x200000f4   Data          16  cdc_acm_core.o(.data)
    cdc_class                                0x20000104   Data          48  cdc_acm_core.o(.data)
    iTimeCmt                                 0x20000134   Data           4  bsp.o(.data)
    iTime5Cmt                                0x20000138   Data           4  bsp.o(.data)
    iTime6Cmt                                0x2000013c   Data           4  bsp.o(.data)
    iTim1Value                               0x20000140   Data           4  bsp.o(.data)
    iKwpIndexTime                            0x20000144   Data           1  bsp.o(.data)
    iHBitSum                                 0x20000146   Data           2  bsp.o(.data)
    iLBitSum                                 0x20000148   Data           2  bsp.o(.data)
    iJ1850EofFlag                            0x2000014a   Data           1  bsp.o(.data)
    iReCount                                 0x2000014c   Data           4  bsp.o(.data)
    iFdCanFlag                               0x20000150   Data           1  bsp.o(.data)
    iTimeFlag                                0x20000151   Data           1  bsp.o(.data)
    iIsoStatCom                              0x20000152   Data           1  bsp.o(.data)
    iKlineAdd                                0x20000153   Data           1  bsp.o(.data)
    iKlineBaud                               0x20000154   Data           2  bsp.o(.data)
    iKlineKey1                               0x20000156   Data           1  bsp.o(.data)
    iKlineKey2                               0x20000157   Data           1  bsp.o(.data)
    iPartValue                               0x20000158   Data           1  bsp.o(.data)
    iKDataMode                               0x20000159   Data           1  bsp.o(.data)
    SJW                                      0x2000015a   Data           1  bsp.o(.data)
    BS1                                      0x2000015b   Data           1  bsp.o(.data)
    BS2                                      0x2000015c   Data           1  bsp.o(.data)
    Brp                                      0x2000015d   Data           1  bsp.o(.data)
    DataSJW                                  0x2000015e   Data           1  bsp.o(.data)
    DataBS1                                  0x2000015f   Data           1  bsp.o(.data)
    DataBS2                                  0x20000160   Data           1  bsp.o(.data)
    DataBrp                                  0x20000161   Data           1  bsp.o(.data)
    FdMode                                   0x20000162   Data           1  bsp.o(.data)
    FdBrs                                    0x20000163   Data           1  bsp.o(.data)
    Fd_Working_mode                          0x20000164   Data           1  bsp.o(.data)
    Ledflag                                  0x20000165   Data           1  bsp.o(.data)
    iEcuFlag                                 0x20000166   Data           1  bsp.o(.data)
    iSendComValue                            0x20000168   Data           2  bsp.o(.data)
    iCanSendSum                              0x2000016a   Data           2  bsp.o(.data)
    iCan30flag                               0x2000016c   Data           1  bsp.o(.data)
    iCan30Sum                                0x2000016d   Data           1  bsp.o(.data)
    iAdcValue                                0x2000016e   Data           2  bsp.o(.data)
    KwpBaud                                  0x20000170   Data           2  bsp.o(.data)
    KwpAdd                                   0x20000172   Data           1  bsp.o(.data)
    KwpKey1                                  0x20000173   Data           1  bsp.o(.data)
    KwpKey2                                  0x20000174   Data           1  bsp.o(.data)
    KwpValue                                 0x20000175   Data           1  bsp.o(.data)
    KwpReFlag                                0x20000176   Data           1  bsp.o(.data)
    iKwpLastSendValue                        0x20000177   Data           1  bsp.o(.data)
    iUsbRecFlag                              0x20000178   Data           1  bsp.o(.data)
    cdc_acm                                  0x2000017c   Data        1084  app.o(.bss)
    RxLenBuf                                 0x200005c8   Data          10  cdc_acm_core.o(.bss)
    BUF_MO                                   0x2000062c   Data        4096  bsp.o(.bss)
    BUF_MOCAN                                0x2000162c   Data        4096  bsp.o(.bss)
    j1850_Hbit                               0x2000262c   Data         500  bsp.o(.bss)
    j1850_Lbit                               0x20002820   Data         500  bsp.o(.bss)
    ReDataStr                                0x20002a14   Data        7168  bsp.o(.bss)
    __libspace_start                         0x20004614   Data          96  libspace.o(.bss)
    __temporary_stack_top$libspace           0x20004674   Data           0  libspace.o(.bss)



==============================================================================

Memory Map of the image

  Image Entry point : 0x08000151

  Load Region LR_IROM1 (Base: 0x08000000, Size: 0x00004c5c, Max: 0x00020000, ABSOLUTE, COMPRESSED[0x00004b4c])

    Execution Region ER_IROM1 (Exec base: 0x08000000, Load base: 0x08000000, Size: 0x00004ae0, Max: 0x00020000, ABSOLUTE)

    Exec Addr    Load Addr    Size         Type   Attr      Idx    E Section Name        Object

    0x08000000   0x08000000   0x00000150   Data   RO         4708    RESET               startup_gd32c10x.o
    0x08000150   0x08000150   0x00000008   Code   RO         5076  * !!!main             c_w.l(__main.o)
    0x08000158   0x08000158   0x00000034   Code   RO         5235    !!!scatter          c_w.l(__scatter.o)
    0x0800018c   0x0800018c   0x0000005a   Code   RO         5233    !!dczerorl2         c_w.l(__dczerorl2.o)
    0x080001e6   0x080001e6   0x00000002   PAD
    0x080001e8   0x080001e8   0x0000001c   Code   RO         5237    !!handler_zi        c_w.l(__scatter_zi.o)
    0x08000204   0x08000204   0x00000002   Code   RO         5103    .ARM.Collect$$libinit$$00000000  c_w.l(libinit.o)
    0x08000206   0x08000206   0x00000004   Code   RO         5109    .ARM.Collect$$libinit$$00000001  c_w.l(libinit2.o)
    0x0800020a   0x0800020a   0x00000000   Code   RO         5112    .ARM.Collect$$libinit$$00000004  c_w.l(libinit2.o)
    0x0800020a   0x0800020a   0x00000000   Code   RO         5115    .ARM.Collect$$libinit$$0000000A  c_w.l(libinit2.o)
    0x0800020a   0x0800020a   0x00000000   Code   RO         5117    .ARM.Collect$$libinit$$0000000C  c_w.l(libinit2.o)
    0x0800020a   0x0800020a   0x00000000   Code   RO         5119    .ARM.Collect$$libinit$$0000000E  c_w.l(libinit2.o)
    0x0800020a   0x0800020a   0x00000000   Code   RO         5122    .ARM.Collect$$libinit$$00000011  c_w.l(libinit2.o)
    0x0800020a   0x0800020a   0x00000000   Code   RO         5124    .ARM.Collect$$libinit$$00000013  c_w.l(libinit2.o)
    0x0800020a   0x0800020a   0x00000000   Code   RO         5126    .ARM.Collect$$libinit$$00000015  c_w.l(libinit2.o)
    0x0800020a   0x0800020a   0x00000000   Code   RO         5128    .ARM.Collect$$libinit$$00000017  c_w.l(libinit2.o)
    0x0800020a   0x0800020a   0x00000000   Code   RO         5130    .ARM.Collect$$libinit$$00000019  c_w.l(libinit2.o)
    0x0800020a   0x0800020a   0x00000000   Code   RO         5132    .ARM.Collect$$libinit$$0000001B  c_w.l(libinit2.o)
    0x0800020a   0x0800020a   0x00000000   Code   RO         5134    .ARM.Collect$$libinit$$0000001D  c_w.l(libinit2.o)
    0x0800020a   0x0800020a   0x00000000   Code   RO         5136    .ARM.Collect$$libinit$$0000001F  c_w.l(libinit2.o)
    0x0800020a   0x0800020a   0x00000000   Code   RO         5138    .ARM.Collect$$libinit$$00000021  c_w.l(libinit2.o)
    0x0800020a   0x0800020a   0x00000000   Code   RO         5140    .ARM.Collect$$libinit$$00000023  c_w.l(libinit2.o)
    0x0800020a   0x0800020a   0x00000000   Code   RO         5142    .ARM.Collect$$libinit$$00000025  c_w.l(libinit2.o)
    0x0800020a   0x0800020a   0x00000000   Code   RO         5146    .ARM.Collect$$libinit$$0000002C  c_w.l(libinit2.o)
    0x0800020a   0x0800020a   0x00000000   Code   RO         5148    .ARM.Collect$$libinit$$0000002E  c_w.l(libinit2.o)
    0x0800020a   0x0800020a   0x00000000   Code   RO         5150    .ARM.Collect$$libinit$$00000030  c_w.l(libinit2.o)
    0x0800020a   0x0800020a   0x00000000   Code   RO         5152    .ARM.Collect$$libinit$$00000032  c_w.l(libinit2.o)
    0x0800020a   0x0800020a   0x00000002   Code   RO         5153    .ARM.Collect$$libinit$$00000033  c_w.l(libinit2.o)
    0x0800020c   0x0800020c   0x00000002   Code   RO         5173    .ARM.Collect$$libshutdown$$00000000  c_w.l(libshutdown.o)
    0x0800020e   0x0800020e   0x00000000   Code   RO         5186    .ARM.Collect$$libshutdown$$00000002  c_w.l(libshutdown2.o)
    0x0800020e   0x0800020e   0x00000000   Code   RO         5188    .ARM.Collect$$libshutdown$$00000004  c_w.l(libshutdown2.o)
    0x0800020e   0x0800020e   0x00000000   Code   RO         5191    .ARM.Collect$$libshutdown$$00000007  c_w.l(libshutdown2.o)
    0x0800020e   0x0800020e   0x00000000   Code   RO         5194    .ARM.Collect$$libshutdown$$0000000A  c_w.l(libshutdown2.o)
    0x0800020e   0x0800020e   0x00000000   Code   RO         5196    .ARM.Collect$$libshutdown$$0000000C  c_w.l(libshutdown2.o)
    0x0800020e   0x0800020e   0x00000000   Code   RO         5199    .ARM.Collect$$libshutdown$$0000000F  c_w.l(libshutdown2.o)
    0x0800020e   0x0800020e   0x00000002   Code   RO         5200    .ARM.Collect$$libshutdown$$00000010  c_w.l(libshutdown2.o)
    0x08000210   0x08000210   0x00000000   Code   RO         5078    .ARM.Collect$$rtentry$$00000000  c_w.l(__rtentry.o)
    0x08000210   0x08000210   0x00000000   Code   RO         5080    .ARM.Collect$$rtentry$$00000002  c_w.l(__rtentry2.o)
    0x08000210   0x08000210   0x00000006   Code   RO         5092    .ARM.Collect$$rtentry$$00000004  c_w.l(__rtentry4.o)
    0x08000216   0x08000216   0x00000000   Code   RO         5082    .ARM.Collect$$rtentry$$00000009  c_w.l(__rtentry2.o)
    0x08000216   0x08000216   0x00000004   Code   RO         5083    .ARM.Collect$$rtentry$$0000000A  c_w.l(__rtentry2.o)
    0x0800021a   0x0800021a   0x00000000   Code   RO         5085    .ARM.Collect$$rtentry$$0000000C  c_w.l(__rtentry2.o)
    0x0800021a   0x0800021a   0x00000008   Code   RO         5086    .ARM.Collect$$rtentry$$0000000D  c_w.l(__rtentry2.o)
    0x08000222   0x08000222   0x00000002   Code   RO         5107    .ARM.Collect$$rtexit$$00000000  c_w.l(rtexit.o)
    0x08000224   0x08000224   0x00000000   Code   RO         5155    .ARM.Collect$$rtexit$$00000002  c_w.l(rtexit2.o)
    0x08000224   0x08000224   0x00000004   Code   RO         5156    .ARM.Collect$$rtexit$$00000003  c_w.l(rtexit2.o)
    0x08000228   0x08000228   0x00000006   Code   RO         5157    .ARM.Collect$$rtexit$$00000004  c_w.l(rtexit2.o)
    0x0800022e   0x0800022e   0x00000002   PAD
    0x08000230   0x08000230   0x00000040   Code   RO         4709    .text               startup_gd32c10x.o
    0x08000270   0x08000270   0x0000008a   Code   RO         5068    .text               c_w.l(rt_memcpy_v6.o)
    0x080002fa   0x080002fa   0x00000064   Code   RO         5070    .text               c_w.l(rt_memcpy_w.o)
    0x0800035e   0x0800035e   0x0000004e   Code   RO         5072    .text               c_w.l(rt_memclr_w.o)
    0x080003ac   0x080003ac   0x00000006   Code   RO         5074    .text               c_w.l(heapauxi.o)
    0x080003b2   0x080003b2   0x0000004a   Code   RO         5094    .text               c_w.l(sys_stackheap_outer.o)
    0x080003fc   0x080003fc   0x00000012   Code   RO         5096    .text               c_w.l(exit.o)
    0x0800040e   0x0800040e   0x00000002   PAD
    0x08000410   0x08000410   0x00000008   Code   RO         5104    .text               c_w.l(libspace.o)
    0x08000418   0x08000418   0x0000000c   Code   RO         5165    .text               c_w.l(sys_exit.o)
    0x08000424   0x08000424   0x00000002   Code   RO         5176    .text               c_w.l(use_no_semi.o)
    0x08000426   0x08000426   0x00000000   Code   RO         5178    .text               c_w.l(indicate_semi.o)
    0x08000426   0x08000426   0x00000002   PAD
    0x08000428   0x08000428   0x00000078   Code   RO         4715    i.Adc_Init          bsp.o
    0x080004a0   0x080004a0   0x00000004   Code   RO          253    i.BusFault_Handler  gd32c10x_it.o
    0x080004a4   0x080004a4   0x0000001c   Code   RO          254    i.CAN0_RX0_IRQHandler  gd32c10x_it.o
    0x080004c0   0x080004c0   0x00000018   Code   RO          255    i.CAN1_RX0_IRQHandler  gd32c10x_it.o
    0x080004d8   0x080004d8   0x00000040   Code   RO         4798    i.CAN_setAllfit     can.o
    0x08000518   0x08000518   0x000000fc   Code   RO         4800    i.CanFD_config      can.o
    0x08000614   0x08000614   0x000000d8   Code   RO         4801    i.CanFdSendISO15765Data  can.o
    0x080006ec   0x080006ec   0x00000002   Code   RO          256    i.DebugMon_Handler  gd32c10x_it.o
    0x080006ee   0x080006ee   0x00000012   Code   RO         4959    i.Delay_ms          timer.o
    0x08000700   0x08000700   0x0000000c   Code   RO         4960    i.Delay_us          timer.o
    0x0800070c   0x0800070c   0x000000f4   Code   RO          257    i.EXTI10_15_IRQHandler  gd32c10x_it.o
    0x08000800   0x08000800   0x0000003c   Code   RO         4806    i.GetFdCanLen       can.o
    0x0800083c   0x0800083c   0x0000002c   Code   RO         4961    i.GetTimer6Cnt      timer.o
    0x08000868   0x08000868   0x00000004   Code   RO          259    i.HardFault_Handler  gd32c10x_it.o
    0x0800086c   0x0800086c   0x00000034   Code   RO         4717    i.Led_Init          bsp.o
    0x080008a0   0x080008a0   0x00000004   Code   RO          260    i.MemManage_Handler  gd32c10x_it.o
    0x080008a4   0x080008a4   0x00000002   Code   RO          261    i.NMI_Handler       gd32c10x_it.o
    0x080008a6   0x080008a6   0x00000002   Code   RO          262    i.PendSV_Handler    gd32c10x_it.o
    0x080008a8   0x080008a8   0x0000001c   Code   RO         4621    i.ReceiveUsbDate    cdc_acm_core.o
    0x080008c4   0x080008c4   0x00000002   Code   RO          263    i.SVC_Handler       gd32c10x_it.o
    0x080008c6   0x080008c6   0x00000002   Code   RO          264    i.SysTick_Handler   gd32c10x_it.o
    0x080008c8   0x080008c8   0x000000a4   Code   RO          419    i.SystemInit        system_gd32c10x.o
    0x0800096c   0x0800096c   0x0000006c   Code   RO         4967    i.TIM5_config       timer.o
    0x080009d8   0x080009d8   0x0000006c   Code   RO         4968    i.TIM6_config       timer.o
    0x08000a44   0x08000a44   0x000001d4   Code   RO          265    i.TIMER0_BRK_TIMER8_IRQHandler  gd32c10x_it.o
    0x08000c18   0x08000c18   0x000003e8   Code   RO          268    i.TIMER1_IRQHandler  gd32c10x_it.o
    0x08001000   0x08001000   0x00000008   Code   RO          269    i.TIMER2_IRQHandler  gd32c10x_it.o
    0x08001008   0x08001008   0x00000038   Code   RO          270    i.TIMER5_IRQHandler  gd32c10x_it.o
    0x08001040   0x08001040   0x00000038   Code   RO          271    i.TIMER6_IRQHandler  gd32c10x_it.o
    0x08001078   0x08001078   0x0000008c   Code   RO         4971    i.Time5Delayus      timer.o
    0x08001104   0x08001104   0x00000002   Code   RO          272    i.USART1_IRQHandler  gd32c10x_it.o
    0x08001106   0x08001106   0x00000002   PAD
    0x08001108   0x08001108   0x00000010   Code   RO          273    i.USBFS_IRQHandler  gd32c10x_it.o
    0x08001118   0x08001118   0x00000034   Code   RO          274    i.USBFS_WKUP_IRQHandler  gd32c10x_it.o
    0x0800114c   0x0800114c   0x00000004   Code   RO          275    i.UsageFault_Handler  gd32c10x_it.o
    0x08001150   0x08001150   0x00000014   Code   RO         4426    i._usb_bos_desc_get  usbd_enum.o
    0x08001164   0x08001164   0x00000022   Code   RO         4427    i._usb_config_desc_get  usbd_enum.o
    0x08001186   0x08001186   0x00000014   Code   RO         4428    i._usb_dev_desc_get  usbd_enum.o
    0x0800119a   0x0800119a   0x00000074   Code   RO         4429    i._usb_std_clearfeature  usbd_enum.o
    0x0800120e   0x0800120e   0x00000040   Code   RO         4430    i._usb_std_getconfiguration  usbd_enum.o
    0x0800124e   0x0800124e   0x00000002   PAD
    0x08001250   0x08001250   0x00000110   Code   RO         4431    i._usb_std_getdescriptor  usbd_enum.o
    0x08001360   0x08001360   0x0000003c   Code   RO         4432    i._usb_std_getinterface  usbd_enum.o
    0x0800139c   0x0800139c   0x000000c4   Code   RO         4433    i._usb_std_getstatus  usbd_enum.o
    0x08001460   0x08001460   0x00000006   Code   RO         4434    i._usb_std_reserved  usbd_enum.o
    0x08001466   0x08001466   0x0000005c   Code   RO         4435    i._usb_std_setaddress  usbd_enum.o
    0x080014c2   0x080014c2   0x00000002   PAD
    0x080014c4   0x080014c4   0x000000b4   Code   RO         4436    i._usb_std_setconfiguration  usbd_enum.o
    0x08001578   0x08001578   0x00000006   Code   RO         4437    i._usb_std_setdescriptor  usbd_enum.o
    0x0800157e   0x0800157e   0x00000068   Code   RO         4438    i._usb_std_setfeature  usbd_enum.o
    0x080015e6   0x080015e6   0x00000044   Code   RO         4439    i._usb_std_setinterface  usbd_enum.o
    0x0800162a   0x0800162a   0x00000006   Code   RO         4440    i._usb_std_synchframe  usbd_enum.o
    0x08001630   0x08001630   0x00000014   Code   RO         4441    i._usb_str_desc_get  usbd_enum.o
    0x08001644   0x08001644   0x0000002a   Code   RO          460    i.adc_calibration_enable  gd32c10x_adc.o
    0x0800166e   0x0800166e   0x00000046   Code   RO          461    i.adc_channel_length_config  gd32c10x_adc.o
    0x080016b4   0x080016b4   0x00000016   Code   RO          462    i.adc_data_alignment_config  gd32c10x_adc.o
    0x080016ca   0x080016ca   0x00000012   Code   RO          468    i.adc_enable        gd32c10x_adc.o
    0x080016dc   0x080016dc   0x0000003e   Code   RO          469    i.adc_external_trigger_config  gd32c10x_adc.o
    0x0800171a   0x0800171a   0x00000030   Code   RO          470    i.adc_external_trigger_source_config  gd32c10x_adc.o
    0x0800174a   0x0800174a   0x00000002   PAD
    0x0800174c   0x0800174c   0x0000001c   Code   RO          481    i.adc_mode_config   gd32c10x_adc.o
    0x08001768   0x08001768   0x00000034   Code   RO          839    i.can_deinit        gd32c10x_can.o
    0x0800179c   0x0800179c   0x000000f4   Code   RO          844    i.can_fd_init       gd32c10x_can.o
    0x08001890   0x08001890   0x00000110   Code   RO          846    i.can_filter_init   gd32c10x_can.o
    0x080019a0   0x080019a0   0x00000048   Code   RO         4818    i.can_gpio_config   can.o
    0x080019e8   0x080019e8   0x000001a4   Code   RO          851    i.can_init          gd32c10x_can.o
    0x08001b8c   0x08001b8c   0x00000008   Code   RO          853    i.can_interrupt_enable  gd32c10x_can.o
    0x08001b94   0x08001b94   0x000001c4   Code   RO          856    i.can_message_receive  gd32c10x_can.o
    0x08001d58   0x08001d58   0x00000274   Code   RO          857    i.can_message_transmit  gd32c10x_can.o
    0x08001fcc   0x08001fcc   0x000000e2   Code   RO          861    i.can_struct_para_init  gd32c10x_can.o
    0x080020ae   0x080020ae   0x00000002   PAD
    0x080020b0   0x080020b0   0x0000007c   Code   RO          866    i.can_transmit_states  gd32c10x_can.o
    0x0800212c   0x0800212c   0x00000022   Code   RO         4623    i.cdc_acm_check_ready  cdc_acm_core.o
    0x0800214e   0x0800214e   0x0000001c   Code   RO         4624    i.cdc_acm_data_receive  cdc_acm_core.o
    0x0800216a   0x0800216a   0x00000022   Code   RO         4626    i.cdc_acm_deinit    cdc_acm_core.o
    0x0800218c   0x0800218c   0x00000050   Code   RO         4627    i.cdc_acm_in        cdc_acm_core.o
    0x080021dc   0x080021dc   0x00000060   Code   RO         4628    i.cdc_acm_init      cdc_acm_core.o
    0x0800223c   0x0800223c   0x00000124   Code   RO         4629    i.cdc_acm_out       cdc_acm_core.o
    0x08002360   0x08002360   0x000000b0   Code   RO         4630    i.cdc_acm_req       cdc_acm_core.o
    0x08002410   0x08002410   0x00000052   Code   RO         4631    i.cdc_ctlx_out      cdc_acm_core.o
    0x08002462   0x08002462   0x00000002   PAD
    0x08002464   0x08002464   0x0000001c   Code   RO         1117    i.ctc_clock_limit_value_config  gd32c10x_ctc.o
    0x08002480   0x08002480   0x00000030   Code   RO          184    i.ctc_config        gd32c10x_hw.o
    0x080024b0   0x080024b0   0x00000014   Code   RO         1121    i.ctc_counter_enable  gd32c10x_ctc.o
    0x080024c4   0x080024c4   0x0000001c   Code   RO         1122    i.ctc_counter_reload_value_config  gd32c10x_ctc.o
    0x080024e0   0x080024e0   0x00000018   Code   RO         1126    i.ctc_flag_get      gd32c10x_ctc.o
    0x080024f8   0x080024f8   0x0000001c   Code   RO         1127    i.ctc_hardware_trim_mode_config  gd32c10x_ctc.o
    0x08002514   0x08002514   0x0000001c   Code   RO         1134    i.ctc_refsource_polarity_config  gd32c10x_ctc.o
    0x08002530   0x08002530   0x0000001c   Code   RO         1135    i.ctc_refsource_prescaler_config  gd32c10x_ctc.o
    0x0800254c   0x0800254c   0x0000001c   Code   RO         1136    i.ctc_refsource_signal_select  gd32c10x_ctc.o
    0x08002568   0x08002568   0x000000b8   Code   RO         1723    i.exti_init         gd32c10x_exti.o
    0x08002620   0x08002620   0x00000010   Code   RO         1725    i.exti_interrupt_enable  gd32c10x_exti.o
    0x08002630   0x08002630   0x0000000c   Code   RO         1726    i.exti_interrupt_flag_clear  gd32c10x_exti.o
    0x0800263c   0x0800263c   0x00000024   Code   RO         1727    i.exti_interrupt_flag_get  gd32c10x_exti.o
    0x08002660   0x08002660   0x00000004   Code   RO         2077    i.gpio_bit_reset    gd32c10x_gpio.o
    0x08002664   0x08002664   0x00000004   Code   RO         2078    i.gpio_bit_set      gd32c10x_gpio.o
    0x08002668   0x08002668   0x000000bc   Code   RO         2087    i.gpio_init         gd32c10x_gpio.o
    0x08002724   0x08002724   0x00000010   Code   RO         2088    i.gpio_input_bit_get  gd32c10x_gpio.o
    0x08002734   0x08002734   0x00000090   Code   RO         2093    i.gpio_pin_remap_config  gd32c10x_gpio.o
    0x080027c4   0x080027c4   0x0000002c   Code   RO          185    i.hw_delay          gd32c10x_hw.o
    0x080027f0   0x080027f0   0x00000070   Code   RO          186    i.hw_time_set       gd32c10x_hw.o
    0x08002860   0x08002860   0x0000003c   Code   RO         4442    i.int_to_unicode    usbd_enum.o
    0x0800289c   0x0800289c   0x0000012c   Code   RO            3    i.main              app.o
    0x080029c8   0x080029c8   0x000000ac   Code   RO         2429    i.nvic_irq_enable   gd32c10x_misc.o
    0x08002a74   0x08002a74   0x00000014   Code   RO         2430    i.nvic_priority_group_set  gd32c10x_misc.o
    0x08002a88   0x08002a88   0x00000018   Code   RO         2431    i.nvic_vector_table_set  gd32c10x_misc.o
    0x08002aa0   0x08002aa0   0x000000c4   Code   RO         2492    i.pmu_to_deepsleepmode  gd32c10x_pmu.o
    0x08002b64   0x08002b64   0x0000006c   Code   RO         2577    i.rcu_adc_clock_config  gd32c10x_rcu.o
    0x08002bd0   0x08002bd0   0x0000001c   Code   RO         2584    i.rcu_ck48m_clock_config  gd32c10x_rcu.o
    0x08002bec   0x08002bec   0x00000180   Code   RO         2586    i.rcu_clock_freq_get  gd32c10x_rcu.o
    0x08002d6c   0x08002d6c   0x00000024   Code   RO         2589    i.rcu_flag_get      gd32c10x_rcu.o
    0x08002d90   0x08002d90   0x00000020   Code   RO         2603    i.rcu_osci_on       gd32c10x_rcu.o
    0x08002db0   0x08002db0   0x0000015c   Code   RO         2604    i.rcu_osci_stab_wait  gd32c10x_rcu.o
    0x08002f0c   0x08002f0c   0x00000020   Code   RO         2606    i.rcu_periph_clock_enable  gd32c10x_rcu.o
    0x08002f2c   0x08002f2c   0x00000020   Code   RO         2609    i.rcu_periph_reset_disable  gd32c10x_rcu.o
    0x08002f4c   0x08002f4c   0x00000020   Code   RO         2610    i.rcu_periph_reset_enable  gd32c10x_rcu.o
    0x08002f6c   0x08002f6c   0x00000018   Code   RO         2620    i.rcu_usb_clock_config  gd32c10x_rcu.o
    0x08002f84   0x08002f84   0x0000004c   Code   RO         4443    i.serial_string_get  usbd_enum.o
    0x08002fd0   0x08002fd0   0x000000fc   Code   RO          420    i.system_clock_120m_hxtal  system_gd32c10x.o
    0x080030cc   0x080030cc   0x00000008   Code   RO          421    i.system_clock_config  system_gd32c10x.o
    0x080030d4   0x080030d4   0x0000000a   Code   RO         3214    i.timer_auto_reload_shadow_enable  gd32c10x_timer.o
    0x080030de   0x080030de   0x0000002a   Code   RO         3222    i.timer_channel_capture_value_register_read  gd32c10x_timer.o
    0x08003108   0x08003108   0x0000005c   Code   RO         3234    i.timer_channel_output_polarity_config  gd32c10x_timer.o
    0x08003164   0x08003164   0x00000008   Code   RO         3241    i.timer_counter_read  gd32c10x_timer.o
    0x0800316c   0x0800316c   0x00000004   Code   RO         3243    i.timer_counter_value_config  gd32c10x_timer.o
    0x08003170   0x08003170   0x00000184   Code   RO         3244    i.timer_deinit      gd32c10x_timer.o
    0x080032f4   0x080032f4   0x0000000a   Code   RO         3245    i.timer_disable     gd32c10x_timer.o
    0x080032fe   0x080032fe   0x0000000a   Code   RO         3249    i.timer_enable      gd32c10x_timer.o
    0x08003308   0x08003308   0x000000a4   Code   RO         3259    i.timer_init        gd32c10x_timer.o
    0x080033ac   0x080033ac   0x00000008   Code   RO         3265    i.timer_interrupt_disable  gd32c10x_timer.o
    0x080033b4   0x080033b4   0x00000008   Code   RO         3266    i.timer_interrupt_enable  gd32c10x_timer.o
    0x080033bc   0x080033bc   0x00000006   Code   RO         3267    i.timer_interrupt_flag_clear  gd32c10x_timer.o
    0x080033c2   0x080033c2   0x00000018   Code   RO         3268    i.timer_interrupt_flag_get  gd32c10x_timer.o
    0x080033da   0x080033da   0x00000016   Code   RO         3279    i.timer_struct_para_init  gd32c10x_timer.o
    0x080033f0   0x080033f0   0x000000da   Code   RO         4087    i.usb_basic_init    drv_usb_core.o
    0x080034ca   0x080034ca   0x00000020   Code   RO         4161    i.usb_clock_active  drv_usb_dev.o
    0x080034ea   0x080034ea   0x00000002   PAD
    0x080034ec   0x080034ec   0x000000b8   Code   RO         4088    i.usb_core_init     drv_usb_core.o
    0x080035a4   0x080035a4   0x00000026   Code   RO         4089    i.usb_core_reset    drv_usb_core.o
    0x080035ca   0x080035ca   0x00000002   PAD
    0x080035cc   0x080035cc   0x00000028   Code   RO         4162    i.usb_ctlep_startout  drv_usb_dev.o
    0x080035f4   0x080035f4   0x0000002e   Code   RO         4090    i.usb_curmode_set   drv_usb_core.o
    0x08003622   0x08003622   0x00000002   PAD
    0x08003624   0x08003624   0x00000150   Code   RO         4165    i.usb_devcore_init  drv_usb_dev.o
    0x08003774   0x08003774   0x00000040   Code   RO         4166    i.usb_devint_enable  drv_usb_dev.o
    0x080037b4   0x080037b4   0x0000002a   Code   RO         4167    i.usb_iepintr_read  drv_usb_dev.o
    0x080037de   0x080037de   0x00000044   Code   RO          187    i.usb_intr_config   gd32c10x_hw.o
    0x08003822   0x08003822   0x0000000e   Code   RO          188    i.usb_mdelay        gd32c10x_hw.o
    0x08003830   0x08003830   0x0000009c   Code   RO          189    i.usb_rcu_config    gd32c10x_hw.o
    0x080038cc   0x080038cc   0x00000022   Code   RO         4091    i.usb_rxfifo_flush  drv_usb_core.o
    0x080038ee   0x080038ee   0x0000001e   Code   RO         4092    i.usb_rxfifo_read   drv_usb_core.o
    0x0800390c   0x0800390c   0x00000048   Code   RO         4093    i.usb_set_txfifo    drv_usb_core.o
    0x08003954   0x08003954   0x00000028   Code   RO          190    i.usb_timer_init    gd32c10x_hw.o
    0x0800397c   0x0800397c   0x00000038   Code   RO          191    i.usb_timer_irq     gd32c10x_hw.o
    0x080039b4   0x080039b4   0x00000098   Code   RO         4170    i.usb_transc_active  drv_usb_dev.o
    0x08003a4c   0x08003a4c   0x00000044   Code   RO         4171    i.usb_transc_clrstall  drv_usb_dev.o
    0x08003a90   0x08003a90   0x00000064   Code   RO         4172    i.usb_transc_deactivate  drv_usb_dev.o
    0x08003af4   0x08003af4   0x0000010c   Code   RO         4173    i.usb_transc_inxfer  drv_usb_dev.o
    0x08003c00   0x08003c00   0x00000090   Code   RO         4174    i.usb_transc_outxfer  drv_usb_dev.o
    0x08003c90   0x08003c90   0x00000042   Code   RO         4175    i.usb_transc_stall  drv_usb_dev.o
    0x08003cd2   0x08003cd2   0x00000028   Code   RO         4094    i.usb_txfifo_flush  drv_usb_core.o
    0x08003cfa   0x08003cfa   0x00000022   Code   RO         4095    i.usb_txfifo_write  drv_usb_core.o
    0x08003d1c   0x08003d1c   0x0000000e   Code   RO          192    i.usb_udelay        gd32c10x_hw.o
    0x08003d2a   0x08003d2a   0x00000026   Code   RO         4444    i.usbd_class_request  usbd_enum.o
    0x08003d50   0x08003d50   0x0000001c   Code   RO         4340    i.usbd_connect      usbd_core.o
    0x08003d6c   0x08003d6c   0x0000002e   Code   RO         4564    i.usbd_ctl_recev    usbd_transc.o
    0x08003d9a   0x08003d9a   0x0000002e   Code   RO         4565    i.usbd_ctl_send     usbd_transc.o
    0x08003dc8   0x08003dc8   0x00000020   Code   RO         4566    i.usbd_ctl_status_recev  usbd_transc.o
    0x08003de8   0x08003de8   0x00000020   Code   RO         4567    i.usbd_ctl_status_send  usbd_transc.o
    0x08003e08   0x08003e08   0x0000001c   Code   RO         4341    i.usbd_disconnect   usbd_core.o
    0x08003e24   0x08003e24   0x0000008c   Code   RO         4274    i.usbd_emptytxfifo_write  drv_usbd_int.o
    0x08003eb0   0x08003eb0   0x0000001e   Code   RO         4445    i.usbd_enum_error   usbd_enum.o
    0x08003ece   0x08003ece   0x00000034   Code   RO         4342    i.usbd_ep_clear     usbd_core.o
    0x08003f02   0x08003f02   0x0000003c   Code   RO         4343    i.usbd_ep_recev     usbd_core.o
    0x08003f3e   0x08003f3e   0x0000003c   Code   RO         4344    i.usbd_ep_send      usbd_core.o
    0x08003f7a   0x08003f7a   0x00000002   PAD
    0x08003f7c   0x08003f7c   0x00000070   Code   RO         4345    i.usbd_ep_setup     usbd_core.o
    0x08003fec   0x08003fec   0x0000003a   Code   RO         4346    i.usbd_ep_stall     usbd_core.o
    0x08004026   0x08004026   0x0000003a   Code   RO         4347    i.usbd_ep_stall_clear  usbd_core.o
    0x08004060   0x08004060   0x000000a0   Code   RO         4568    i.usbd_in_transc    usbd_transc.o
    0x08004100   0x08004100   0x0000007c   Code   RO         4349    i.usbd_init         usbd_core.o
    0x0800417c   0x0800417c   0x00000068   Code   RO         4275    i.usbd_int_enumfinish  drv_usbd_int.o
    0x080041e4   0x080041e4   0x0000008a   Code   RO         4276    i.usbd_int_epin     drv_usbd_int.o
    0x0800426e   0x0800426e   0x000000ce   Code   RO         4277    i.usbd_int_epout    drv_usbd_int.o
    0x0800433c   0x0800433c   0x000000d8   Code   RO         4278    i.usbd_int_reset    drv_usbd_int.o
    0x08004414   0x08004414   0x000000b2   Code   RO         4279    i.usbd_int_rxfifo   drv_usbd_int.o
    0x080044c6   0x080044c6   0x00000066   Code   RO         4280    i.usbd_int_suspend  drv_usbd_int.o
    0x0800452c   0x0800452c   0x000000de   Code   RO         4281    i.usbd_isr          drv_usbd_int.o
    0x0800460a   0x0800460a   0x00000084   Code   RO         4569    i.usbd_out_transc   usbd_transc.o
    0x0800468e   0x0800468e   0x00000084   Code   RO         4570    i.usbd_setup_transc  usbd_transc.o
    0x08004712   0x08004712   0x00000002   PAD
    0x08004714   0x08004714   0x0000001c   Code   RO         4446    i.usbd_standard_request  usbd_enum.o
    0x08004730   0x08004730   0x00000006   Code   RO         4447    i.usbd_vendor_request  usbd_enum.o
    0x08004736   0x08004736   0x0000000a   Code   RO         5163    x$fpl$fpinit        fz_wm.l(fpinit.o)
    0x08004740   0x08004740   0x00000018   Data   RO            5    .constdata          app.o
    0x08004758   0x08004758   0x000000d8   Data   RO          871    .constdata          gd32c10x_can.o
    0x08004830   0x08004830   0x00000004   Data   RO         4176    .constdata          drv_usb_dev.o
    0x08004834   0x08004834   0x0000003c   Data   RO         4282    .constdata          drv_usbd_int.o
    0x08004870   0x08004870   0x00000010   Data   RO         4350    .constdata          usbd_core.o
    0x08004880   0x08004880   0x00000177   Data   RO         4633    .constdata          cdc_acm_core.o
    0x080049f7   0x080049f7   0x00000001   PAD
    0x080049f8   0x080049f8   0x000000c8   Data   RO         4819    .constdata          can.o
    0x08004ac0   0x08004ac0   0x00000020   Data   RO         5231    Region$$Table       anon$$obj.o


    Execution Region RW_IRAM1 (Exec base: 0x20000000, Load base: 0x08004ae0, Size: 0x00004e78, Max: 0x00008000, ABSOLUTE, COMPRESSED[0x0000006c])

    Exec Addr    Load Addr    Size         Type   Attr      Idx    E Section Name        Object

    0x20000000   COMPRESSED   0x0000000c   Data   RW          193    .data               gd32c10x_hw.o
    0x2000000c   COMPRESSED   0x00000001   Data   RW          276    .data               gd32c10x_it.o
    0x2000000d   COMPRESSED   0x00000001   PAD
    0x2000000e   COMPRESSED   0x00000008   Data   RW         4177    .data               drv_usb_dev.o
    0x20000016   COMPRESSED   0x00000002   PAD
    0x20000018   COMPRESSED   0x00000043   Data   RW         4448    .data               usbd_enum.o
    0x2000005b   COMPRESSED   0x00000001   PAD
    0x2000005c   COMPRESSED   0x000000d8   Data   RW         4634    .data               cdc_acm_core.o
    0x20000134   COMPRESSED   0x00000045   Data   RW         4722    .data               bsp.o
    0x20000179   COMPRESSED   0x00000003   PAD
    0x2000017c        -       0x0000043c   Zero   RW            4    .bss                app.o
    0x200005b8        -       0x00000010   Zero   RW         2497    .bss                gd32c10x_pmu.o
    0x200005c8        -       0x00000064   Zero   RW         4632    .bss                cdc_acm_core.o
    0x2000062c        -       0x00003fe8   Zero   RW         4721    .bss                bsp.o
    0x20004614        -       0x00000060   Zero   RW         5105    .bss                c_w.l(libspace.o)
    0x20004674   COMPRESSED   0x00000004   PAD
    0x20004678        -       0x00000400   Zero   RW         4707    HEAP                startup_gd32c10x.o
    0x20004a78        -       0x00000400   Zero   RW         4706    STACK               startup_gd32c10x.o


==============================================================================

Image component sizes


      Code (inc. data)   RO Data    RW Data    ZI Data      Debug   Object Name

       300         48         24          0       1084      91172   app.o
       172         16          0         69      16360      27631   bsp.o
       664         26        200          0          0       4723   can.o
       850         46        375        216        100       9345   cdc_acm_core.o
       696          6          0          0          0      21483   drv_usb_core.o
      1312         30          4          8          0      13660   drv_usb_dev.o
      1306         22         60          0          0      10299   drv_usbd_int.o
       290          6          0          0          0       4939   gd32c10x_adc.o
      2426         54        216          0          0       9400   gd32c10x_can.o
       212         46          0          0          0       5188   gd32c10x_ctc.o
       248         20          0          0          0       2842   gd32c10x_exti.o
       356          6          0          0          0       3969   gd32c10x_gpio.o
       552         56          0         12          0       5808   gd32c10x_hw.o
      1980        138          0          1          0      13518   gd32c10x_it.o
       216         28          0          0          0       2240   gd32c10x_misc.o
       196         26          0          0         16        775   gd32c10x_pmu.o
      1056         94          0          0          0       7737   gd32c10x_rcu.o
       796         44          0          0          0      10546   gd32c10x_timer.o
        64         26        336          0       2048        976   startup_gd32c10x.o
       424         40          0          0          0       2729   system_gd32c10x.o
       430         34          0          0          0       3624   timer.o
       580          6         16          0          0      12312   usbd_core.o
      1502         46          0         67          0      21362   usbd_enum.o
       580          0          0          0          0       5903   usbd_transc.o

    ----------------------------------------------------------------------
     17230        864       1264        380      19608     292181   Object Totals
         0          0         32          0          0          0   (incl. Generated)
        22          0          1          7          0          0   (incl. Padding)

    ----------------------------------------------------------------------

      Code (inc. data)   RO Data    RW Data    ZI Data      Debug   Library Member Name

        90          0          0          0          0          0   __dczerorl2.o
         8          0          0          0          0         68   __main.o
         0          0          0          0          0          0   __rtentry.o
        12          0          0          0          0          0   __rtentry2.o
         6          0          0          0          0          0   __rtentry4.o
        52          8          0          0          0          0   __scatter.o
        28          0          0          0          0          0   __scatter_zi.o
        18          0          0          0          0         80   exit.o
         6          0          0          0          0        152   heapauxi.o
         0          0          0          0          0          0   indicate_semi.o
         2          0          0          0          0          0   libinit.o
         6          0          0          0          0          0   libinit2.o
         2          0          0          0          0          0   libshutdown.o
         2          0          0          0          0          0   libshutdown2.o
         8          4          0          0         96         68   libspace.o
        78          0          0          0          0         80   rt_memclr_w.o
       138          0          0          0          0         68   rt_memcpy_v6.o
       100          0          0          0          0         80   rt_memcpy_w.o
         2          0          0          0          0          0   rtexit.o
        10          0          0          0          0          0   rtexit2.o
        12          4          0          0          0         68   sys_exit.o
        74          0          0          0          0         80   sys_stackheap_outer.o
         2          0          0          0          0         68   use_no_semi.o
        10          0          0          0          0        116   fpinit.o

    ----------------------------------------------------------------------
       674         16          0          0        100        928   Library Totals
         8          0          0          0          4          0   (incl. Padding)

    ----------------------------------------------------------------------

      Code (inc. data)   RO Data    RW Data    ZI Data      Debug   Library Name

       656         16          0          0         96        812   c_w.l
        10          0          0          0          0        116   fz_wm.l

    ----------------------------------------------------------------------
       674         16          0          0        100        928   Library Totals

    ----------------------------------------------------------------------

==============================================================================


      Code (inc. data)   RO Data    RW Data    ZI Data      Debug   

     17904        880       1264        380      19708     275097   Grand Totals
     17904        880       1264        108      19708     275097   ELF Image Totals (compressed)
     17904        880       1264        108          0          0   ROM Totals

==============================================================================

    Total RO  Size (Code + RO Data)                19168 (  18.72kB)
    Total RW  Size (RW Data + ZI Data)             20088 (  19.62kB)
    Total ROM Size (Code + RO Data + RW Data)      19276 (  18.82kB)

==============================================================================

